2026-05-06 01:04:27,197 [INFO] ======================================================================
2026-05-06 01:04:27,197 [INFO] V49 — MI-Based Feature Selection
2026-05-06 01:04:27,197 [INFO] ======================================================================
2026-05-06 01:04:27,197 [INFO] 
--- 1. Load features ---
2026-05-06 01:04:27,228 [INFO]   Loaded: (450, 153)
2026-05-06 01:04:34,218 [INFO]   After personalization: (450, 576)
2026-05-06 01:04:34,219 [INFO]   Target rates: {'Q1': np.float64(0.4955555555555556), 'Q2': np.float64(0.5622222222222222), 'Q3': np.float64(0.6), 'S1': np.float64(0.6822222222222222), 'S2': np.float64(0.6511111111111111), 'S3': np.float64(0.6622222222222223), 'S4': np.float64(0.56)}
2026-05-06 01:04:34,219 [INFO] 
--- 2. Correlation pruning ---
2026-05-06 01:04:34,277 [INFO]   Q1: 279 → 215 after corr pruning
2026-05-06 01:04:34,339 [INFO]   Q2: 279 → 215 after corr pruning
2026-05-06 01:04:34,393 [INFO]   Q3: 279 → 215 after corr pruning
2026-05-06 01:04:34,434 [INFO]   S1: 260 → 202 after corr pruning
2026-05-06 01:04:34,479 [INFO]   S2: 260 → 202 after corr pruning
2026-05-06 01:04:34,563 [INFO]   S3: 260 → 202 after corr pruning
2026-05-06 01:04:34,620 [INFO]   S4: 260 → 202 after corr pruning
2026-05-06 01:04:34,620 [INFO] 
--- 3. Feature ranking ---
2026-05-06 01:04:34,620 [INFO] 
  === Q1: 215 leak-free, corr-pruned features ===
2026-05-06 01:04:34,620 [INFO]     Computing LGBM ranking...
2026-05-06 01:04:34,805 [INFO]     Computing MI ranking...
2026-05-06 01:04:35,333 [INFO]     Computing rank fusion...
2026-05-06 01:04:36,006 [INFO]     Computing score fusion...
2026-05-06 01:04:45,563 [INFO]       lgb n=5: Cal=0.6623 ← BEST
2026-05-06 01:04:55,324 [INFO]       lgb n=10: Cal=0.6581 ← BEST
2026-05-06 01:05:06,239 [INFO]       lgb n=15: Cal=0.6496 ← BEST
2026-05-06 01:05:17,881 [INFO]       lgb n=20: Cal=0.6544
2026-05-06 01:05:25,690 [INFO]       mi n=5: Cal=0.6998
2026-05-06 01:05:33,625 [INFO]       mi n=10: Cal=0.6964
2026-05-06 01:05:42,179 [INFO]       mi n=15: Cal=0.6947
2026-05-06 01:05:51,828 [INFO]       mi n=20: Cal=0.6890
2026-05-06 01:06:01,415 [INFO]       rank_fusion n=5: Cal=0.6437 ← BEST
2026-05-06 01:06:11,166 [INFO]       rank_fusion n=10: Cal=0.6618
2026-05-06 01:06:20,672 [INFO]       rank_fusion n=15: Cal=0.6716
2026-05-06 01:06:31,377 [INFO]       rank_fusion n=20: Cal=0.6636
2026-05-06 01:06:39,741 [INFO]       score_fusion n=5: Cal=0.6770
2026-05-06 01:06:49,106 [INFO]       score_fusion n=10: Cal=0.6703
2026-05-06 01:06:59,458 [INFO]       score_fusion n=15: Cal=0.6644
2026-05-06 01:07:09,180 [INFO]       score_fusion n=20: Cal=0.6821
2026-05-06 01:07:09,180 [INFO]   Q1 ranking+eval time: 155s
2026-05-06 01:07:09,230 [INFO] 
  === Q2: 215 leak-free, corr-pruned features ===
2026-05-06 01:07:09,230 [INFO]     Computing LGBM ranking...
2026-05-06 01:07:09,404 [INFO]     Computing MI ranking...
2026-05-06 01:07:09,952 [INFO]     Computing rank fusion...
2026-05-06 01:07:10,599 [INFO]     Computing score fusion...
2026-05-06 01:07:20,602 [INFO]       lgb n=5: Cal=0.6252 ← BEST
2026-05-06 01:07:31,217 [INFO]       lgb n=10: Cal=0.6153 ← BEST
2026-05-06 01:07:43,706 [INFO]       lgb n=15: Cal=0.6160
2026-05-06 01:07:56,908 [INFO]       lgb n=20: Cal=0.6180
2026-05-06 01:08:05,503 [INFO]       mi n=5: Cal=0.6732
2026-05-06 01:08:14,388 [INFO]       mi n=10: Cal=0.6761
2026-05-06 01:08:24,224 [INFO]       mi n=15: Cal=0.6637
2026-05-06 01:08:34,326 [INFO]       mi n=20: Cal=0.6631
2026-05-06 01:08:42,839 [INFO]       rank_fusion n=5: Cal=0.6236
2026-05-06 01:08:51,801 [INFO]       rank_fusion n=10: Cal=0.6402
2026-05-06 01:09:03,459 [INFO]       rank_fusion n=15: Cal=0.6172
2026-05-06 01:09:14,787 [INFO]       rank_fusion n=20: Cal=0.6306
2026-05-06 01:09:22,898 [INFO]       score_fusion n=5: Cal=0.6345
2026-05-06 01:09:31,836 [INFO]       score_fusion n=10: Cal=0.6249
2026-05-06 01:09:41,955 [INFO]       score_fusion n=15: Cal=0.6272
2026-05-06 01:09:51,481 [INFO]       score_fusion n=20: Cal=0.6395
2026-05-06 01:09:51,481 [INFO]   Q2 ranking+eval time: 162s
2026-05-06 01:09:51,531 [INFO] 
  === Q3: 215 leak-free, corr-pruned features ===
2026-05-06 01:09:51,531 [INFO]     Computing LGBM ranking...
2026-05-06 01:09:51,688 [INFO]     Computing MI ranking...
2026-05-06 01:09:52,156 [INFO]     Computing rank fusion...
2026-05-06 01:09:52,780 [INFO]     Computing score fusion...
2026-05-06 01:10:01,929 [INFO]       lgb n=5: Cal=0.6191 ← BEST
2026-05-06 01:10:12,310 [INFO]       lgb n=10: Cal=0.6052 ← BEST
2026-05-06 01:10:23,644 [INFO]       lgb n=15: Cal=0.6237
2026-05-06 01:10:35,894 [INFO]       lgb n=20: Cal=0.6269
2026-05-06 01:10:43,172 [INFO]       mi n=5: Cal=0.6761
2026-05-06 01:10:50,682 [INFO]       mi n=10: Cal=0.6777
2026-05-06 01:10:58,803 [INFO]       mi n=15: Cal=0.6766
2026-05-06 01:11:07,389 [INFO]       mi n=20: Cal=0.6675
2026-05-06 01:11:15,319 [INFO]       rank_fusion n=5: Cal=0.6545
2026-05-06 01:11:23,847 [INFO]       rank_fusion n=10: Cal=0.6572
2026-05-06 01:11:33,442 [INFO]       rank_fusion n=15: Cal=0.6610
2026-05-06 01:11:42,983 [INFO]       rank_fusion n=20: Cal=0.6554
2026-05-06 01:11:50,666 [INFO]       score_fusion n=5: Cal=0.6564
2026-05-06 01:12:00,390 [INFO]       score_fusion n=10: Cal=0.6383
2026-05-06 01:12:10,011 [INFO]       score_fusion n=15: Cal=0.6488
2026-05-06 01:12:20,236 [INFO]       score_fusion n=20: Cal=0.6516
2026-05-06 01:12:20,236 [INFO]   Q3 ranking+eval time: 149s
2026-05-06 01:12:20,274 [INFO] 
======================================================================
2026-05-06 01:12:20,274 [INFO] V49 SUMMARY (Q1, Q2, Q3)
2026-05-06 01:12:20,274 [INFO] ======================================================================
2026-05-06 01:12:20,274 [INFO] 
  Q1:
2026-05-06 01:12:20,274 [INFO]     Best: rank_fusion n=5 Cal=0.6437
2026-05-06 01:12:20,274 [INFO]     lgb: best Cal=0.6496 (n=15)
2026-05-06 01:12:20,274 [INFO]     mi: best Cal=0.6890 (n=20)
2026-05-06 01:12:20,274 [INFO]     rank_fusion: best Cal=0.6437 (n=5)
2026-05-06 01:12:20,274 [INFO]     score_fusion: best Cal=0.6644 (n=15)
2026-05-06 01:12:20,274 [INFO]     LGBM∩MI overlap (top20): 4
2026-05-06 01:12:20,274 [INFO]     LGBM∩Fused overlap (top20): 14
2026-05-06 01:12:20,274 [INFO]     MI∩Fused overlap (top20): 8
2026-05-06 01:12:20,274 [INFO] 
  Q2:
2026-05-06 01:12:20,274 [INFO]     Best: lgb n=10 Cal=0.6153
2026-05-06 01:12:20,274 [INFO]     lgb: best Cal=0.6153 (n=10)
2026-05-06 01:12:20,274 [INFO]     mi: best Cal=0.6631 (n=20)
2026-05-06 01:12:20,274 [INFO]     rank_fusion: best Cal=0.6172 (n=15)
2026-05-06 01:12:20,274 [INFO]     score_fusion: best Cal=0.6249 (n=10)
2026-05-06 01:12:20,274 [INFO]     LGBM∩MI overlap (top20): 4
2026-05-06 01:12:20,274 [INFO]     LGBM∩Fused overlap (top20): 11
2026-05-06 01:12:20,274 [INFO]     MI∩Fused overlap (top20): 9
2026-05-06 01:12:20,274 [INFO] 
  Q3:
2026-05-06 01:12:20,274 [INFO]     Best: lgb n=10 Cal=0.6052
2026-05-06 01:12:20,274 [INFO]     lgb: best Cal=0.6052 (n=10)
2026-05-06 01:12:20,274 [INFO]     mi: best Cal=0.6675 (n=20)
2026-05-06 01:12:20,274 [INFO]     rank_fusion: best Cal=0.6545 (n=5)
2026-05-06 01:12:20,274 [INFO]     score_fusion: best Cal=0.6383 (n=10)
2026-05-06 01:12:20,274 [INFO]     LGBM∩MI overlap (top20): 2
2026-05-06 01:12:20,274 [INFO]     LGBM∩Fused overlap (top20): 8
2026-05-06 01:12:20,274 [INFO]     MI∩Fused overlap (top20): 11
2026-05-06 01:12:20,275 [INFO] 
  Winning method across Q1-Q3: lgb (n_feat=10)
2026-05-06 01:12:20,275 [INFO] 
--- 5. Full evaluation on all targets ---
2026-05-06 01:12:29,421 [INFO]   Q1: lgb n=10 Cal=0.6581
2026-05-06 01:12:39,221 [INFO]   Q2: lgb n=10 Cal=0.6153
2026-05-06 01:12:49,671 [INFO]   Q3: lgb n=10 Cal=0.6052
2026-05-06 01:12:58,141 [INFO]   S1: lgb n=10 Cal=0.5979
2026-05-06 01:13:06,965 [INFO]   S2: lgb n=10 Cal=0.6107
2026-05-06 01:13:16,319 [INFO]   S3: lgb n=10 Cal=0.5969
2026-05-06 01:13:25,366 [INFO]   S4: lgb n=10 Cal=0.6567
2026-05-06 01:13:25,424 [INFO] 
  V49 Avg Cal (all targets): 0.6201
2026-05-06 01:13:25,424 [INFO]   V10 Avg Cal: 0.6038
2026-05-06 01:13:25,424 [INFO]   Δ: +0.0163 (❌ Not improved)
2026-05-06 01:13:25,424 [INFO]   Total: 538s (538.2min)
2026-05-06 01:13:25,433 [INFO]   OOF saved: /home/mwoo423/projects/dacon2/data_processed/oof_v49.csv
2026-05-06 01:13:25,434 [INFO]   Metadata saved: /home/mwoo423/projects/dacon2/data_processed/v49_meta.json
