2026-05-06 01:14:23,382 [INFO] ======================================================================
2026-05-06 01:14:23,382 [INFO] V50 — Isotonic Calibration + Feature Ensembling
2026-05-06 01:14:23,382 [INFO] ======================================================================
2026-05-06 01:14:23,382 [INFO] 
--- 1. Load features ---
2026-05-06 01:14:23,413 [INFO]   Loaded: (450, 153)
2026-05-06 01:14:29,242 [INFO]   After personalization: (450, 576)
2026-05-06 01:14:29,243 [INFO] 
--- 2. Feature ranking ---
2026-05-06 01:14:30,368 [INFO] 
--- 3. Isotonic calibration experiments ---
2026-05-06 01:14:30,369 [INFO] 
  === Q1 (rate=0.496) ===
2026-05-06 01:14:37,549 [INFO]     n=5: no_cal=0.6626, iso_cal=0.6377, mm_cal=0.6593
2026-05-06 01:14:45,432 [INFO]     n=10: no_cal=0.6450, iso_cal=0.6244, mm_cal=0.6415
2026-05-06 01:14:53,735 [INFO]     n=15: no_cal=0.6439, iso_cal=0.6259, mm_cal=0.6421
2026-05-06 01:15:02,766 [INFO]     n=20: no_cal=0.6369, iso_cal=0.6143, mm_cal=0.6358
2026-05-06 01:15:02,766 [INFO]     ✅ Best: iso_cal_n20 Cal=0.6143
2026-05-06 01:15:02,766 [INFO]   Q1 time: 32s
2026-05-06 01:15:02,825 [INFO] 
  === Q2 (rate=0.562) ===
2026-05-06 01:15:10,259 [INFO]     n=5: no_cal=0.6248, iso_cal=0.5938, mm_cal=0.6248
2026-05-06 01:15:18,309 [INFO]     n=10: no_cal=0.6035, iso_cal=0.5772, mm_cal=0.6035
2026-05-06 01:15:26,991 [INFO]     n=15: no_cal=0.5990, iso_cal=0.5715, mm_cal=0.5990
2026-05-06 01:15:35,703 [INFO]     n=20: no_cal=0.6034, iso_cal=0.5797, mm_cal=0.6033
2026-05-06 01:15:35,703 [INFO]     ✅ Best: iso_cal_n15 Cal=0.5715
2026-05-06 01:15:35,703 [INFO]   Q2 time: 33s
2026-05-06 01:15:35,744 [INFO] 
  === Q3 (rate=0.600) ===
2026-05-06 01:15:43,445 [INFO]     n=5: no_cal=0.6301, iso_cal=0.6033, mm_cal=0.6253
2026-05-06 01:15:52,062 [INFO]     n=10: no_cal=0.6160, iso_cal=0.5882, mm_cal=0.6130
2026-05-06 01:16:00,866 [INFO]     n=15: no_cal=0.6208, iso_cal=0.5931, mm_cal=0.6184
2026-05-06 01:16:10,550 [INFO]     n=20: no_cal=0.6151, iso_cal=0.5892, mm_cal=0.6112
2026-05-06 01:16:10,551 [INFO]     ✅ Best: iso_cal_n10 Cal=0.5882
2026-05-06 01:16:10,551 [INFO]   Q3 time: 35s
2026-05-06 01:16:10,590 [INFO] 
  === S1 (rate=0.682) ===
2026-05-06 01:16:17,330 [INFO]     n=5: no_cal=0.6109, iso_cal=0.5857, mm_cal=0.6067
2026-05-06 01:16:24,155 [INFO]     n=10: no_cal=0.6127, iso_cal=0.5918, mm_cal=0.6093
2026-05-06 01:16:30,991 [INFO]     n=15: no_cal=0.6130, iso_cal=0.5920, mm_cal=0.6099
2026-05-06 01:16:38,028 [INFO]     n=20: no_cal=0.6127, iso_cal=0.5864, mm_cal=0.6095
2026-05-06 01:16:38,028 [INFO]     ✅ Best: iso_cal_n5 Cal=0.5857
2026-05-06 01:16:38,028 [INFO]   S1 time: 27s
2026-05-06 01:16:38,074 [INFO] 
  === S2 (rate=0.651) ===
2026-05-06 01:16:44,937 [INFO]     n=5: no_cal=0.6363, iso_cal=0.6025, mm_cal=0.6298
2026-05-06 01:16:51,994 [INFO]     n=10: no_cal=0.6401, iso_cal=0.6137, mm_cal=0.6334
2026-05-06 01:16:58,832 [INFO]     n=15: no_cal=0.6420, iso_cal=0.6199, mm_cal=0.6362
2026-05-06 01:17:05,974 [INFO]     n=20: no_cal=0.6418, iso_cal=0.6087, mm_cal=0.6349
2026-05-06 01:17:05,974 [INFO]     ✅ Best: iso_cal_n5 Cal=0.6025
2026-05-06 01:17:05,974 [INFO]   S2 time: 28s
2026-05-06 01:17:06,021 [INFO] 
  === S3 (rate=0.662) ===
2026-05-06 01:17:13,268 [INFO]     n=5: no_cal=0.6308, iso_cal=0.5868, mm_cal=0.6244
2026-05-06 01:17:20,544 [INFO]     n=10: no_cal=0.6317, iso_cal=0.5890, mm_cal=0.6252
2026-05-06 01:17:27,569 [INFO]     n=15: no_cal=0.6457, iso_cal=0.6115, mm_cal=0.6432
2026-05-06 01:17:34,733 [INFO]     n=20: no_cal=0.6452, iso_cal=0.6171, mm_cal=0.6420
2026-05-06 01:17:34,734 [INFO]     ✅ Best: iso_cal_n5 Cal=0.5868
2026-05-06 01:17:34,734 [INFO]   S3 time: 29s
2026-05-06 01:17:34,784 [INFO] 
  === S4 (rate=0.560) ===
2026-05-06 01:17:42,489 [INFO]     n=5: no_cal=0.6510, iso_cal=0.6298, mm_cal=0.6479
2026-05-06 01:17:50,725 [INFO]     n=10: no_cal=0.6303, iso_cal=0.6015, mm_cal=0.6264
2026-05-06 01:17:59,184 [INFO]     n=15: no_cal=0.6302, iso_cal=0.5996, mm_cal=0.6274
2026-05-06 01:18:07,874 [INFO]     n=20: no_cal=0.6372, iso_cal=0.6051, mm_cal=0.6328
2026-05-06 01:18:07,874 [INFO]     ✅ Best: iso_cal_n15 Cal=0.5996
2026-05-06 01:18:07,874 [INFO]   S4 time: 33s
2026-05-06 01:18:07,916 [INFO] 
======================================================================
2026-05-06 01:18:07,916 [INFO] V50 SUMMARY
2026-05-06 01:18:07,916 [INFO] ======================================================================
2026-05-06 01:18:07,917 [INFO]   Q1: iso_cal_n20 Cal=0.6143 n=20
2026-05-06 01:18:07,917 [INFO]   Q2: iso_cal_n15 Cal=0.5715 n=15
2026-05-06 01:18:07,917 [INFO]   Q3: iso_cal_n10 Cal=0.5882 n=10
2026-05-06 01:18:07,917 [INFO]   S1: iso_cal_n5 Cal=0.5857 n=5
2026-05-06 01:18:07,917 [INFO]   S2: iso_cal_n5 Cal=0.6025 n=5
2026-05-06 01:18:07,917 [INFO]   S3: iso_cal_n5 Cal=0.5868 n=5
2026-05-06 01:18:07,917 [INFO]   S4: iso_cal_n15 Cal=0.5996 n=15
2026-05-06 01:18:07,925 [INFO] 
  V50 Avg Cal: 0.5926
2026-05-06 01:18:07,925 [INFO]   V10 Avg Cal: 0.6038
2026-05-06 01:18:07,925 [INFO]   V48 Avg Cal: 0.5885
2026-05-06 01:18:07,925 [INFO]   Δ vs V10: -0.0112 (✅ IMPROVED)
2026-05-06 01:18:07,925 [INFO]   Δ vs V48: +0.0041
2026-05-06 01:18:07,925 [INFO]   Total: 225s (224.5min)
2026-05-06 01:18:07,934 [INFO]   OOF saved: /home/mwoo423/projects/dacon2/data_processed/oof_v50.csv
2026-05-06 01:18:07,935 [INFO]   Metadata saved: /home/mwoo423/projects/dacon2/data_processed/v50_meta.json
