2026-05-04 19:53:11,732 [INFO] ======================================================================
2026-05-04 19:53:11,732 [INFO] V31 Final — Submission Generation (from preprocessed features)
2026-05-04 19:53:11,732 [INFO] ======================================================================
2026-05-04 19:53:11,761 [INFO] Train features: (450, 153)
2026-05-04 19:53:11,772 [INFO] Test features: (250, 153)
2026-05-04 19:53:11,773 [INFO] Target rates: {'Q1': np.float64(0.4955555555555556), 'Q2': np.float64(0.5622222222222222), 'Q3': np.float64(0.6), 'S1': np.float64(0.6822222222222222), 'S2': np.float64(0.6511111111111111), 'S3': np.float64(0.6622222222222223), 'S4': np.float64(0.56)}
2026-05-04 19:53:11,773 [INFO] 
=== Building feature selection ===
2026-05-04 19:53:11,965 [INFO]   Q1: 20 features (from 138 available)
2026-05-04 19:53:12,041 [INFO]   Q2: 30 features (from 138 available)
2026-05-04 19:53:12,139 [INFO]   Q3: 30 features (from 138 available)
2026-05-04 19:53:12,211 [INFO]   S1: 30 features (from 119 available)
2026-05-04 19:53:12,339 [INFO]   S2: 20 features (from 119 available)
2026-05-04 19:53:12,440 [INFO]   S3: 30 features (from 119 available)
2026-05-04 19:53:12,783 [INFO]   S4: 10 features (from 119 available)
2026-05-04 19:53:12,784 [INFO] 
=== Training final models ===
2026-05-04 19:53:14,112 [INFO]   LGBM Q1: mean=0.5102, min=0.1981, max=0.8062
2026-05-04 19:53:15,697 [INFO]   LGBM Q2: mean=0.5193, min=0.1809, max=0.8583
2026-05-04 19:53:17,604 [INFO]   LGBM Q3: mean=0.5209, min=0.1951, max=0.8552
2026-05-04 19:53:19,192 [INFO]   LGBM S1: mean=0.5641, min=0.2403, max=0.8444
2026-05-04 19:53:20,613 [INFO]   LGBM S2: mean=0.5600, min=0.1677, max=0.8851
2026-05-04 19:53:22,272 [INFO]   LGBM S3: mean=0.5559, min=0.1255, max=0.8821
2026-05-04 19:53:23,598 [INFO]   LGBM S4: mean=0.4881, min=0.2005, max=0.8409
2026-05-04 19:53:28,866 [INFO]   XGB Q1: mean=0.5091, min=0.0352, max=0.9388
2026-05-04 19:53:35,391 [INFO]   XGB Q2: mean=0.5384, min=0.0694, max=0.9707
2026-05-04 19:53:41,260 [INFO]   XGB Q3: mean=0.5236, min=0.0715, max=0.9366
2026-05-04 19:53:45,708 [INFO]   XGB S1: mean=0.5567, min=0.1157, max=0.9361
2026-05-04 19:53:49,941 [INFO]   XGB S2: mean=0.5636, min=0.0837, max=0.9386
2026-05-04 19:53:54,394 [INFO]   XGB S3: mean=0.5523, min=0.0545, max=0.9455
2026-05-04 19:53:59,676 [INFO]   XGB S4: mean=0.4892, min=0.0619, max=0.9543
2026-05-04 19:53:59,676 [INFO] 
=== Ensemble (LGBM=0.7, XGB=0.3) ===
Traceback (most recent call last):
  File "/home/mwoo423/projects/dacon2/src/31_v31_final.py", line 263, in <module>
    main()
  File "/home/mwoo423/projects/dacon2/src/31_v31_final.py", line 213, in main
    cal_oof = log_loss(feat[target].values, cal, labels=[0, 1])
              ^^^^^^^^^^^^^^^^^^^^^^^^^^^^^^^^^^^^^^^^^^^^^^^^^
  File "/home/mwoo423/.local/lib/python3.12/site-packages/sklearn/utils/_param_validation.py", line 218, in wrapper
    return func(*args, **kwargs)
           ^^^^^^^^^^^^^^^^^^^^^
  File "/home/mwoo423/.local/lib/python3.12/site-packages/sklearn/metrics/_classification.py", line 3378, in log_loss
    transformed_labels, y_pred = _validate_multiclass_probabilistic_prediction(
                                 ^^^^^^^^^^^^^^^^^^^^^^^^^^^^^^^^^^^^^^^^^^^^^^
  File "/home/mwoo423/.local/lib/python3.12/site-packages/sklearn/metrics/_classification.py", line 283, in _validate_multiclass_probabilistic_prediction
    check_consistent_length(y_prob, y_true, sample_weight)
  File "/home/mwoo423/.local/lib/python3.12/site-packages/sklearn/utils/validation.py", line 464, in check_consistent_length
    raise ValueError(
ValueError: Found input variables with inconsistent numbers of samples: [250, 450]
