2026-05-04 19:59:16,362 [INFO] ======================================================================
2026-05-04 19:59:16,362 [INFO] V31 Final — Submission Generation (from preprocessed features)
2026-05-04 19:59:16,362 [INFO] ======================================================================
2026-05-04 19:59:16,391 [INFO] Train features: (450, 153)
2026-05-04 19:59:16,402 [INFO] Test features: (250, 153)
2026-05-04 19:59:16,403 [INFO] Target rates: {'Q1': np.float64(0.4955555555555556), 'Q2': np.float64(0.5622222222222222), 'Q3': np.float64(0.6), 'S1': np.float64(0.6822222222222222), 'S2': np.float64(0.6511111111111111), 'S3': np.float64(0.6622222222222223), 'S4': np.float64(0.56)}
2026-05-04 19:59:16,403 [INFO] 
=== Building feature selection ===
2026-05-04 19:59:16,658 [INFO]   Q1: 20 features (from 138 available)
2026-05-04 19:59:16,798 [INFO]   Q2: 30 features (from 138 available)
2026-05-04 19:59:16,923 [INFO]   Q3: 30 features (from 138 available)
2026-05-04 19:59:16,988 [INFO]   S1: 30 features (from 119 available)
2026-05-04 19:59:17,056 [INFO]   S2: 20 features (from 119 available)
2026-05-04 19:59:17,140 [INFO]   S3: 30 features (from 119 available)
2026-05-04 19:59:17,221 [INFO]   S4: 10 features (from 119 available)
2026-05-04 19:59:17,222 [INFO] 
=== Training final models ===
2026-05-04 19:59:19,184 [INFO]   LGBM Q1: mean=0.5102, min=0.1981, max=0.8062
2026-05-04 19:59:20,671 [INFO]   LGBM Q2: mean=0.5193, min=0.1809, max=0.8583
2026-05-04 19:59:22,274 [INFO]   LGBM Q3: mean=0.5209, min=0.1951, max=0.8552
2026-05-04 19:59:24,041 [INFO]   LGBM S1: mean=0.5641, min=0.2403, max=0.8444
2026-05-04 19:59:25,377 [INFO]   LGBM S2: mean=0.5600, min=0.1677, max=0.8851
2026-05-04 19:59:27,523 [INFO]   LGBM S3: mean=0.5559, min=0.1255, max=0.8821
2026-05-04 19:59:29,103 [INFO]   LGBM S4: mean=0.4881, min=0.2005, max=0.8409
2026-05-04 19:59:34,739 [INFO]   XGB Q1: mean=0.5091, min=0.0352, max=0.9388
2026-05-04 19:59:40,166 [INFO]   XGB Q2: mean=0.5384, min=0.0694, max=0.9707
2026-05-04 19:59:44,665 [INFO]   XGB Q3: mean=0.5236, min=0.0715, max=0.9366
2026-05-04 19:59:50,187 [INFO]   XGB S1: mean=0.5567, min=0.1157, max=0.9361
2026-05-04 19:59:55,883 [INFO]   XGB S2: mean=0.5636, min=0.0837, max=0.9386
2026-05-04 20:00:02,366 [INFO]   XGB S3: mean=0.5523, min=0.0545, max=0.9455
2026-05-04 20:00:09,023 [INFO]   XGB S4: mean=0.4892, min=0.0619, max=0.9543
2026-05-04 20:00:09,024 [INFO] 
=== Ensemble (LGBM=0.7, XGB=0.3) ===
2026-05-04 20:00:09,027 [INFO]   Q1: cal_mean=0.4956, train_rate=0.496
2026-05-04 20:00:09,028 [INFO]   Q2: cal_mean=0.5622, train_rate=0.562
2026-05-04 20:00:09,029 [INFO]   Q3: cal_mean=0.6000, train_rate=0.600
2026-05-04 20:00:09,029 [INFO]   S1: cal_mean=0.6822, train_rate=0.682
2026-05-04 20:00:09,030 [INFO]   S2: cal_mean=0.6511, train_rate=0.651
2026-05-04 20:00:09,030 [INFO]   S3: cal_mean=0.6622, train_rate=0.662
2026-05-04 20:00:09,031 [INFO]   S4: cal_mean=0.5600, train_rate=0.560
2026-05-04 20:00:09,042 [INFO] 
✅ Submission saved: /home/mwoo423/projects/dacon2/submissions/submission_v31_20260504_200009.csv
2026-05-04 20:00:09,044 [INFO] 
======================================================================
2026-05-04 20:00:09,044 [INFO] V31 FINAL
2026-05-04 20:00:09,044 [INFO] ======================================================================
2026-05-04 20:00:09,044 [INFO] Submission: /home/mwoo423/projects/dacon2/submissions/submission_v31_20260504_200009.csv
2026-05-04 20:00:09,044 [INFO] Target Cal OOF      Test Mean    Train Rate   Shift
Traceback (most recent call last):
  File "/home/mwoo423/projects/dacon2/src/31_v31_final.py", line 263, in <module>
    main()
  File "/home/mwoo423/projects/dacon2/src/31_v31_final.py", line 258, in main
    log.info(f"{t:<6} {final_cal_oofs[t]:<12.4f} {predictions[t].mean():<12.4f} {train_rate[t]:<12.3f} {shift:+.4f}")
                       ^^^^^^^^^^^^^^
NameError: name 'final_cal_oofs' is not defined. Did you mean: 'final_cal_means'?
