2026-05-05 02:03:11,222 [INFO] ======================================================================
2026-05-05 02:03:11,222 [INFO] V33 — V10 Strengths + LOSO CV + Rolling + Personalization
2026-05-05 02:03:11,223 [INFO] ======================================================================
2026-05-05 02:03:28,448 [INFO] ============================================================
2026-05-05 02:03:28,448 [INFO] 02_feature_engineering.py — 특징 공학
2026-05-05 02:03:28,448 [INFO] ============================================================
2026-05-05 02:03:28,448 [INFO] [1/4] Numeric column aggregation
2026-05-05 02:03:29,022 [INFO] [2/4] JSON column parsing & aggregation
2026-05-05 02:04:14,526 [INFO] [3/4] Time-of-day features
2026-05-05 02:04:14,942 [INFO] [4/4] Merge with labels
2026-05-05 02:04:14,948 [INFO]   Merged shape: (450, 153)
2026-05-05 02:04:14,949 [INFO]   Missing features: 2827
2026-05-05 02:04:14,992 [INFO]   Features loaded: (450, 153)
2026-05-05 02:04:15,914 [INFO]   Base features (from pipeline): 141
2026-05-05 02:04:15,914 [INFO]   After constant/collinear removal: 118
2026-05-05 02:04:16,171 [INFO]   Rolling mean added: 236
2026-05-05 02:04:17,713 [INFO]   Personalization added: 377
2026-05-05 02:04:17,731 [INFO]   Total feature pool: 1508, available (no leak): 1486
2026-05-05 02:04:17,731 [INFO] 
=== Per-target tuning (LOSO 10-fold, 10 seeds) ===
2026-05-05 02:04:17,732 [INFO] 
--- Q1 (rate=0.496) ---
2026-05-05 02:04:39,577 [INFO]   cfg=C2 n=10: cv=0.6320
2026-05-05 02:05:00,163 [INFO]   cfg=C2 n=20: cv=0.6109
2026-05-05 02:05:20,121 [INFO]   cfg=C2 n=30: cv=0.6171
2026-05-05 02:05:32,235 [INFO]   cfg=C4 n=10: cv=0.6320
2026-05-05 02:05:52,799 [INFO]   cfg=C4 n=20: cv=0.6109
2026-05-05 02:06:08,833 [INFO]   cfg=C4 n=30: cv=0.6171
2026-05-05 02:06:20,090 [INFO]   cfg=C5 n=10: cv=0.6320
2026-05-05 02:06:34,083 [INFO]   cfg=C5 n=20: cv=0.6109
2026-05-05 02:06:49,672 [INFO]   cfg=C5 n=30: cv=0.6171
2026-05-05 02:07:02,287 [INFO]   ** BEST: C2 n=20, CV=0.6109, Cal=0.0332
2026-05-05 02:07:02,288 [INFO] 
--- Q2 (rate=0.562) ---
2026-05-05 02:07:14,899 [INFO]   cfg=C2 n=10: cv=0.6045
2026-05-05 02:07:34,073 [INFO]   cfg=C2 n=20: cv=0.6050
2026-05-05 02:07:52,809 [INFO]   cfg=C2 n=30: cv=0.6032
2026-05-05 02:08:08,122 [INFO]   cfg=C4 n=10: cv=0.6045
2026-05-05 02:08:24,740 [INFO]   cfg=C4 n=20: cv=0.6050
2026-05-05 02:08:42,804 [INFO]   cfg=C4 n=30: cv=0.6032
2026-05-05 02:08:59,654 [INFO]   cfg=C5 n=10: cv=0.6045
2026-05-05 02:09:18,915 [INFO]   cfg=C5 n=20: cv=0.6050
2026-05-05 02:09:38,027 [INFO]   cfg=C5 n=30: cv=0.6032
2026-05-05 02:09:56,592 [INFO]   ** BEST: C2 n=30, CV=0.6032, Cal=0.0399
2026-05-05 02:09:56,592 [INFO] 
--- Q3 (rate=0.600) ---
2026-05-05 02:10:08,692 [INFO]   cfg=C2 n=10: cv=0.5958
2026-05-05 02:10:24,175 [INFO]   cfg=C2 n=20: cv=0.5678
2026-05-05 02:10:41,806 [INFO]   cfg=C2 n=30: cv=0.5710
2026-05-05 02:10:52,159 [INFO]   cfg=C4 n=10: cv=0.5958
2026-05-05 02:11:05,707 [INFO]   cfg=C4 n=20: cv=0.5678
2026-05-05 02:11:23,315 [INFO]   cfg=C4 n=30: cv=0.5710
2026-05-05 02:11:33,005 [INFO]   cfg=C5 n=10: cv=0.5958
2026-05-05 02:11:46,937 [INFO]   cfg=C5 n=20: cv=0.5678
2026-05-05 02:12:04,004 [INFO]   cfg=C5 n=30: cv=0.5710
2026-05-05 02:12:18,067 [INFO]   ** BEST: C2 n=20, CV=0.5678, Cal=0.0431
2026-05-05 02:12:18,067 [INFO] 
--- S1 (rate=0.682) ---
2026-05-05 02:12:30,835 [INFO]   cfg=C2 n=10: cv=0.5376
2026-05-05 02:12:44,602 [INFO]   cfg=C2 n=20: cv=0.5357
2026-05-05 02:13:05,123 [INFO]   cfg=C2 n=30: cv=0.5317
2026-05-05 02:13:19,956 [INFO]   cfg=C4 n=10: cv=0.5376
2026-05-05 02:13:32,117 [INFO]   cfg=C4 n=20: cv=0.5357
2026-05-05 02:13:47,357 [INFO]   cfg=C4 n=30: cv=0.5317
2026-05-05 02:13:58,545 [INFO]   cfg=C5 n=10: cv=0.5376
2026-05-05 02:14:12,178 [INFO]   cfg=C5 n=20: cv=0.5357
2026-05-05 02:14:29,940 [INFO]   cfg=C5 n=30: cv=0.5317
2026-05-05 02:14:47,169 [INFO]   ** BEST: C2 n=30, CV=0.5317, Cal=0.0406
2026-05-05 02:14:47,169 [INFO] 
--- S2 (rate=0.651) ---
2026-05-05 02:14:56,743 [INFO]   cfg=C2 n=10: cv=0.5793
2026-05-05 02:15:10,277 [INFO]   cfg=C2 n=20: cv=0.5665
2026-05-05 02:15:23,330 [INFO]   cfg=C2 n=30: cv=0.5734
2026-05-05 02:15:31,469 [INFO]   cfg=C4 n=10: cv=0.5793
2026-05-05 02:15:44,058 [INFO]   cfg=C4 n=20: cv=0.5665
2026-05-05 02:15:56,942 [INFO]   cfg=C4 n=30: cv=0.5734
2026-05-05 02:16:05,488 [INFO]   cfg=C5 n=10: cv=0.5793
2026-05-05 02:16:17,100 [INFO]   cfg=C5 n=20: cv=0.5665
2026-05-05 02:16:29,626 [INFO]   cfg=C5 n=30: cv=0.5734
2026-05-05 02:16:40,901 [INFO]   ** BEST: C2 n=20, CV=0.5665, Cal=0.0321
2026-05-05 02:16:40,901 [INFO] 
--- S3 (rate=0.662) ---
2026-05-05 02:16:47,564 [INFO]   cfg=C2 n=10: cv=0.5896
2026-05-05 02:16:55,994 [INFO]   cfg=C2 n=20: cv=0.5865
2026-05-05 02:17:05,381 [INFO]   cfg=C2 n=30: cv=0.5808
2026-05-05 02:17:11,244 [INFO]   cfg=C4 n=10: cv=0.5896
2026-05-05 02:17:18,836 [INFO]   cfg=C4 n=20: cv=0.5865
2026-05-05 02:17:32,185 [INFO]   cfg=C4 n=30: cv=0.5808
2026-05-05 02:17:38,403 [INFO]   cfg=C5 n=10: cv=0.5896
2026-05-05 02:17:45,902 [INFO]   cfg=C5 n=20: cv=0.5865
2026-05-05 02:17:56,006 [INFO]   cfg=C5 n=30: cv=0.5808
2026-05-05 02:18:06,619 [INFO]   ** BEST: C2 n=30, CV=0.5808, Cal=0.0245
2026-05-05 02:18:06,619 [INFO] 
--- S4 (rate=0.560) ---
2026-05-05 02:18:17,926 [INFO]   cfg=C2 n=10: cv=0.6106
2026-05-05 02:18:37,015 [INFO]   cfg=C2 n=20: cv=0.6094
2026-05-05 02:18:49,474 [INFO]   cfg=C2 n=30: cv=0.6297
2026-05-05 02:19:02,398 [INFO]   cfg=C4 n=10: cv=0.6106
2026-05-05 02:19:16,816 [INFO]   cfg=C4 n=20: cv=0.6094
2026-05-05 02:19:29,567 [INFO]   cfg=C4 n=30: cv=0.6297
2026-05-05 02:19:42,441 [INFO]   cfg=C5 n=10: cv=0.6106
2026-05-05 02:19:53,745 [INFO]   cfg=C5 n=20: cv=0.6094
2026-05-05 02:20:04,524 [INFO]   cfg=C5 n=30: cv=0.6297
2026-05-05 02:20:16,294 [INFO]   ** BEST: C2 n=20, CV=0.6094, Cal=0.0330
2026-05-05 02:20:16,294 [INFO] 
==================================================
2026-05-05 02:20:16,294 [INFO] V33 SUMMARY
2026-05-05 02:20:16,297 [INFO]   Q1: OOF=0.6109 Cal=0.0332
2026-05-05 02:20:16,300 [INFO]   Q2: OOF=0.6032 Cal=0.0399
2026-05-05 02:20:16,302 [INFO]   Q3: OOF=0.5678 Cal=0.0431
2026-05-05 02:20:16,305 [INFO]   S1: OOF=0.5317 Cal=0.0406
2026-05-05 02:20:16,307 [INFO]   S2: OOF=0.5665 Cal=0.0321
2026-05-05 02:20:16,310 [INFO]   S3: OOF=0.5808 Cal=0.0245
2026-05-05 02:20:16,312 [INFO]   S4: OOF=0.6094 Cal=0.0330
2026-05-05 02:20:16,320 [INFO] 
  V33 Avg Cal OOF: 0.0352
2026-05-05 02:20:16,320 [INFO]   V10 Avg Cal OOF: 0.6038
2026-05-05 02:20:16,320 [INFO]   Δ: +0.5686 (✅ IMPROVED)
2026-05-05 02:20:16,320 [INFO]   V8 Submission: 0.6537
