2026-06-20 04:32:56,573 [INFO] ======================================================================
2026-06-20 04:32:56,574 [INFO] V538: Stacking Meta (GradientBoosting on mean+std features)
2026-06-20 04:32:56,574 [INFO] ======================================================================
2026-06-20 04:32:56,651 [INFO] Pre-ranking features...
2026-06-20 04:32:57,368 [INFO] 
Q1: n_est=600, n_feat=3
2026-06-20 04:33:03,444 [INFO]   Q1: wx=0.482, xgb_ll=0.78233, lgbm_ll=0.72716
2026-06-20 04:33:03,445 [INFO] 
Q2: n_est=800, n_feat=10
2026-06-20 04:33:22,402 [INFO]   Q2: wx=0.490, xgb_ll=0.68734, lgbm_ll=0.66078
2026-06-20 04:33:22,402 [INFO] 
Q3: n_est=500, n_feat=7
2026-06-20 04:33:28,425 [INFO]   Q3: wx=0.495, xgb_ll=0.65961, lgbm_ll=0.64660
2026-06-20 04:33:28,425 [INFO] 
S1: n_est=500, n_feat=3
2026-06-20 04:33:32,375 [INFO]   S1: wx=0.505, xgb_ll=0.60042, lgbm_ll=0.61207
2026-06-20 04:33:32,375 [INFO] 
S2: n_est=500, n_feat=7
2026-06-20 04:33:36,782 [INFO]   S2: wx=0.499, xgb_ll=0.63341, lgbm_ll=0.63086
2026-06-20 04:33:36,783 [INFO] 
S3: n_est=1000, n_feat=23
2026-06-20 04:33:53,459 [INFO]   S3: wx=0.504, xgb_ll=0.61702, lgbm_ll=0.62689
2026-06-20 04:33:53,459 [INFO] 
S4: n_est=300, n_feat=20
2026-06-20 04:34:08,815 [INFO]   S4: wx=0.507, xgb_ll=0.65880, lgbm_ll=0.67622
2026-06-20 04:34:08,815 [INFO] 
======================================================================
2026-06-20 04:34:08,815 [INFO] V538: Meta Model Comparison
2026-06-20 04:34:08,815 [INFO] ======================================================================
2026-06-20 04:34:08,815 [INFO] 
--- Meta: ridge_0.01 ---
2026-06-20 04:34:08,865 [INFO]   ridge_0.01: avg_gap=-0.02675, improvement=-0.00341, vs308=7/7
2026-06-20 04:34:08,865 [INFO] 
--- Meta: ridge_0.001 ---
2026-06-20 04:34:08,907 [INFO]   ridge_0.001: avg_gap=-0.02660, improvement=-0.00356, vs308=7/7
2026-06-20 04:34:08,907 [INFO] 
--- Meta: ridge_optimal ---
2026-06-20 04:34:08,950 [INFO]   ridge_optimal: avg_gap=-0.02675, improvement=-0.00341, vs308=7/7
2026-06-20 04:34:08,950 [INFO] 
--- Meta: gbm_50 ---
2026-06-20 04:34:09,182 [INFO]   gbm_50: avg_gap=+0.14586, improvement=-0.17602, vs308=0/7
2026-06-20 04:34:09,182 [INFO] 
--- Meta: gbm_100 ---
2026-06-20 04:34:09,593 [INFO]   gbm_100: avg_gap=+0.20548, improvement=-0.23564, vs308=0/7
2026-06-20 04:34:09,593 [INFO] 
--- Meta: gbm_200 ---
2026-06-20 04:34:10,384 [INFO]   gbm_200: avg_gap=+0.22419, improvement=-0.25435, vs308=0/7
2026-06-20 04:34:10,384 [INFO] 
--- Meta: rf_100 ---
2026-06-20 04:34:11,246 [INFO]   rf_100: avg_gap=+0.15121, improvement=-0.18137, vs308=1/7
2026-06-20 04:34:11,246 [INFO] 
--- Meta: et_100 ---
2026-06-20 04:34:12,122 [INFO]   et_100: avg_gap=+0.05526, improvement=-0.08542, vs308=5/7
2026-06-20 04:34:12,122 [INFO] 
--- Meta: en_0.5 ---
2026-06-20 04:34:12,180 [INFO]   en_0.5: avg_gap=-0.04251, improvement=+0.01235, vs308=7/7
2026-06-20 04:34:12,180 [INFO]   ✅ IMPROVEMENT OVER V537: +0.01235
2026-06-20 04:34:12,180 [INFO] 
--- Meta: l1 ---
2026-06-20 04:34:12,223 [INFO]   l1: avg_gap=-0.02522, improvement=-0.00494, vs308=7/7
2026-06-20 04:34:12,223 [INFO] 
Best meta model: ridge_0.01
2026-06-20 04:34:12,223 [INFO] 
Total time: 75.6s
