2026-06-20 04:37:33,007 [INFO] ======================================================================
2026-06-20 04:37:33,007 [INFO] V540: Per-Target XGB/LGBM Hyperparameter Optimization
2026-06-20 04:37:33,007 [INFO] ======================================================================
2026-06-20 04:37:33,075 [INFO] Pre-ranking features...
2026-06-20 04:37:33,772 [INFO] XGB configs: ['balanced', 'deep_deep', 'heavy_reg', 'light_reg', 'medium_reg', 'q_deep', 'q_narrow', 'q_strong', 's_strong', 'shallow_deep']
2026-06-20 04:37:33,772 [INFO] LGBM configs: ['balanced', 'heavy_lgb', 'light_lgb', 'safety', 'wide', 'wide_strong']
2026-06-20 04:37:33,772 [INFO] 
Q1: n_feat=3, n_est=600, alpha=0.001
2026-06-20 04:39:52,246 [INFO]   Top 5 by Ridge gap:
2026-06-20 04:39:52,246 [INFO]     X:s_strong+L:heavy_lgb: gap_r=-0.41073, gap_en=+0.00842, wx=0.501, ll_xgb=0.69999, ll_lgbm=0.70351
2026-06-20 04:39:52,246 [INFO]     X:heavy_reg+L:heavy_lgb: gap_r=-0.33679, gap_en=+0.00827, wx=0.501, ll_xgb=0.69990, ll_lgbm=0.70351
2026-06-20 04:39:52,246 [INFO]     X:s_strong+L:light_lgb: gap_r=-0.17153, gap_en=+0.01113, wx=0.647, ll_xgb=0.69999, ll_lgbm=1.28572
2026-06-20 04:39:52,246 [INFO]     X:heavy_reg+L:light_lgb: gap_r=-0.16848, gap_en=+0.01208, wx=0.648, ll_xgb=0.69990, ll_lgbm=1.28572
2026-06-20 04:39:52,246 [INFO]     X:light_reg+L:heavy_lgb: gap_r=-0.09751, gap_en=+0.00498, wx=0.412, ll_xgb=1.00266, ll_lgbm=0.70351
2026-06-20 04:39:52,247 [INFO] 
Q2: n_feat=10, n_est=800, alpha=0.06
2026-06-20 04:45:52,860 [INFO]   Top 5 by Ridge gap:
2026-06-20 04:45:52,860 [INFO]     X:q_narrow+L:heavy_lgb: gap_r=-0.05035, gap_en=-0.04312, wx=0.487, ll_xgb=0.70702, ll_lgbm=0.67012
2026-06-20 04:45:52,860 [INFO]     X:medium_reg+L:heavy_lgb: gap_r=-0.04586, gap_en=-0.04770, wx=0.498, ll_xgb=0.67648, ll_lgbm=0.67012
2026-06-20 04:45:52,860 [INFO]     X:balanced+L:heavy_lgb: gap_r=-0.04373, gap_en=-0.04546, wx=0.489, ll_xgb=0.70127, ll_lgbm=0.67012
2026-06-20 04:45:52,860 [INFO]     X:shallow_deep+L:heavy_lgb: gap_r=-0.04123, gap_en=-0.03860, wx=0.462, ll_xgb=0.77948, ll_lgbm=0.67012
2026-06-20 04:45:52,860 [INFO]     X:q_strong+L:heavy_lgb: gap_r=-0.03544, gap_en=-0.05057, wx=0.503, ll_xgb=0.66128, ll_lgbm=0.67012
2026-06-20 04:45:52,861 [INFO] 
Q3: n_feat=7, n_est=500, alpha=0.001
2026-06-20 04:49:01,587 [INFO]   Top 5 by Ridge gap:
2026-06-20 04:49:01,587 [INFO]     X:heavy_reg+L:light_lgb: gap_r=-0.08217, gap_en=-0.04191, wx=0.626, ll_xgb=0.63937, ll_lgbm=1.07016
2026-06-20 04:49:01,587 [INFO]     X:s_strong+L:light_lgb: gap_r=-0.07639, gap_en=-0.04085, wx=0.625, ll_xgb=0.64251, ll_lgbm=1.07016
2026-06-20 04:49:01,587 [INFO]     X:light_reg+L:safety: gap_r=-0.06126, gap_en=-0.02719, wx=0.431, ll_xgb=0.85444, ll_lgbm=0.64720
2026-06-20 04:49:01,588 [INFO]     X:light_reg+L:heavy_lgb: gap_r=-0.05844, gap_en=-0.04186, wx=0.435, ll_xgb=0.85444, ll_lgbm=0.65729
2026-06-20 04:49:01,588 [INFO]     X:s_strong+L:wide: gap_r=-0.05118, gap_en=-0.05246, wx=0.517, ll_xgb=0.64251, ll_lgbm=0.68733
2026-06-20 04:49:01,588 [INFO] 
S1: n_feat=3, n_est=500, alpha=0.01
2026-06-20 04:51:02,041 [INFO]   Top 5 by Ridge gap:
2026-06-20 04:51:02,041 [INFO]     X:s_strong+L:heavy_lgb: gap_r=-0.15978, gap_en=-0.06507, wx=0.501, ll_xgb=0.62676, ll_lgbm=0.62984
2026-06-20 04:51:02,041 [INFO]     X:heavy_reg+L:heavy_lgb: gap_r=-0.13251, gap_en=-0.06673, wx=0.502, ll_xgb=0.62363, ll_lgbm=0.62984
2026-06-20 04:51:02,041 [INFO]     X:light_reg+L:heavy_lgb: gap_r=-0.09958, gap_en=-0.09128, wx=0.432, ll_xgb=0.82762, ll_lgbm=0.62984
2026-06-20 04:51:02,041 [INFO]     X:heavy_reg+L:balanced: gap_r=-0.09592, gap_en=-0.08980, wx=0.494, ll_xgb=0.62363, ll_lgbm=0.60864
2026-06-20 04:51:02,041 [INFO]     X:q_strong+L:wide: gap_r=-0.09570, gap_en=-0.09272, wx=0.505, ll_xgb=0.60080, ll_lgbm=0.61400
2026-06-20 04:51:02,041 [INFO] 
S2: n_feat=7, n_est=500, alpha=0.03
2026-06-20 04:54:13,188 [INFO]   Top 5 by Ridge gap:
2026-06-20 04:54:13,188 [INFO]     X:light_reg+L:heavy_lgb: gap_r=-0.09675, gap_en=-0.04973, wx=0.441, ll_xgb=0.81683, ll_lgbm=0.64469
2026-06-20 04:54:13,188 [INFO]     X:heavy_reg+L:heavy_lgb: gap_r=-0.07635, gap_en=-0.05631, wx=0.505, ll_xgb=0.63141, ll_lgbm=0.64469
2026-06-20 04:54:13,188 [INFO]     X:s_strong+L:wide_strong: gap_r=-0.07240, gap_en=-0.06318, wx=0.499, ll_xgb=0.63324, ll_lgbm=0.63133
2026-06-20 04:54:13,188 [INFO]     X:s_strong+L:heavy_lgb: gap_r=-0.06776, gap_en=-0.05503, wx=0.504, ll_xgb=0.63324, ll_lgbm=0.64469
2026-06-20 04:54:13,188 [INFO]     X:q_strong+L:heavy_lgb: gap_r=-0.06552, gap_en=-0.06231, wx=0.502, ll_xgb=0.63828, ll_lgbm=0.64469
2026-06-20 04:54:13,189 [INFO] 
S3: n_feat=23, n_est=1000, alpha=10.0
2026-06-20 05:04:19,278 [INFO]   Top 5 by Ridge gap:
2026-06-20 05:04:19,278 [INFO]     X:s_strong+L:heavy_lgb: gap_r=-0.03913, gap_en=-0.05226, wx=0.512, ll_xgb=0.62751, ll_lgbm=0.65942
2026-06-20 05:04:19,278 [INFO]     X:heavy_reg+L:heavy_lgb: gap_r=-0.03752, gap_en=-0.05306, wx=0.513, ll_xgb=0.62677, ll_lgbm=0.65942
2026-06-20 05:04:19,278 [INFO]     X:light_reg+L:heavy_lgb: gap_r=-0.02466, gap_en=-0.05341, wx=0.503, ll_xgb=0.65215, ll_lgbm=0.65942
2026-06-20 05:04:19,278 [INFO]     X:heavy_reg+L:wide_strong: gap_r=-0.02039, gap_en=-0.06387, wx=0.504, ll_xgb=0.62677, ll_lgbm=0.63607
2026-06-20 05:04:19,278 [INFO]     X:shallow_deep+L:heavy_lgb: gap_r=-0.02010, gap_en=-0.06588, wx=0.500, ll_xgb=0.65972, ll_lgbm=0.65942
2026-06-20 05:04:19,279 [INFO] 
S4: n_feat=20, n_est=300, alpha=0.003
