2026-06-20 05:12:27,099 [INFO] ======================================================================
2026-06-20 05:12:27,099 [INFO] V541: V540 Top Configs + EN Meta Validation (13 seeds)
2026-06-20 05:12:27,099 [INFO] ======================================================================
2026-06-20 05:12:27,167 [INFO] 
Q1: s_strong+heavy_lgb, n_feat=3, n_est=600
2026-06-20 05:12:27,524 [INFO]     seed 0: xgb=0.4995, lgbm=0.5011
2026-06-20 05:12:28,562 [INFO]     seed 4: xgb=0.5001, lgbm=0.5010
2026-06-20 05:12:29,366 [INFO]     seed 8: xgb=0.5002, lgbm=0.5016
2026-06-20 05:12:30,222 [INFO]     seed 12: xgb=0.5005, lgbm=0.5016
2026-06-20 05:12:30,238 [INFO] 
Q2: q_narrow+heavy_lgb, n_feat=10, n_est=800
2026-06-20 05:12:31,467 [INFO]     seed 0: xgb=0.5505, lgbm=0.5571
2026-06-20 05:12:35,883 [INFO]     seed 4: xgb=0.5480, lgbm=0.5584
2026-06-20 05:12:40,406 [INFO]     seed 8: xgb=0.5447, lgbm=0.5574
2026-06-20 05:12:44,807 [INFO]     seed 12: xgb=0.5562, lgbm=0.5577
2026-06-20 05:12:44,821 [INFO] 
Q3: heavy_reg+light_lgb, n_feat=7, n_est=500
2026-06-20 05:12:45,420 [INFO]     seed 0: xgb=0.6226, lgbm=0.5221
2026-06-20 05:12:47,774 [INFO]     seed 4: xgb=0.6208, lgbm=0.5201
2026-06-20 05:12:49,841 [INFO]     seed 8: xgb=0.6243, lgbm=0.5331
2026-06-20 05:12:51,667 [INFO]     seed 12: xgb=0.6220, lgbm=0.5084
2026-06-20 05:12:51,682 [INFO] 
S1: s_strong+heavy_lgb, n_feat=3, n_est=500
2026-06-20 05:12:52,015 [INFO]     seed 0: xgb=0.6840, lgbm=0.6816
2026-06-20 05:12:52,774 [INFO]     seed 4: xgb=0.6827, lgbm=0.6817
2026-06-20 05:12:53,557 [INFO]     seed 8: xgb=0.6848, lgbm=0.6826
2026-06-20 05:12:54,427 [INFO]     seed 12: xgb=0.6828, lgbm=0.6821
2026-06-20 05:12:54,442 [INFO] 
S2: light_reg+heavy_lgb, n_feat=7, n_est=500
2026-06-20 05:12:55,569 [INFO]     seed 0: xgb=0.6326, lgbm=0.6499
2026-06-20 05:12:59,615 [INFO]     seed 4: xgb=0.6340, lgbm=0.6499
2026-06-20 05:13:03,502 [INFO]     seed 8: xgb=0.6336, lgbm=0.6505
2026-06-20 05:13:07,343 [INFO]     seed 12: xgb=0.6357, lgbm=0.6497
2026-06-20 05:13:07,359 [INFO] 
S3: s_strong+heavy_lgb, n_feat=23, n_est=1000
2026-06-20 05:13:08,454 [INFO]     seed 0: xgb=0.6561, lgbm=0.6570
2026-06-20 05:13:11,872 [INFO]     seed 4: xgb=0.6518, lgbm=0.6580
2026-06-20 05:13:15,404 [INFO]     seed 8: xgb=0.6518, lgbm=0.6571
2026-06-20 05:13:18,918 [INFO]     seed 12: xgb=0.6530, lgbm=0.6580
2026-06-20 05:13:18,932 [INFO] 
S4: s_strong+heavy_lgb, n_feat=20, n_est=300
2026-06-20 05:13:19,443 [INFO]     seed 0: xgb=0.5616, lgbm=0.5682
2026-06-20 05:13:21,206 [INFO]     seed 4: xgb=0.5703, lgbm=0.5681
2026-06-20 05:13:22,817 [INFO]     seed 8: xgb=0.5654, lgbm=0.5682
2026-06-20 05:13:24,510 [INFO]     seed 12: xgb=0.5623, lgbm=0.5697
2026-06-20 05:13:24,525 [INFO] 
======================================================================
2026-06-20 05:13:24,525 [INFO] V541: Meta Learner Comparison
2026-06-20 05:13:24,525 [INFO] ======================================================================
2026-06-20 05:13:24,536 [INFO]   Ridge_0.01 / Q1: gap=-0.11948 ✅
2026-06-20 05:13:24,547 [INFO]   Ridge_0.01 / Q2: gap=-0.00698 ✅
2026-06-20 05:13:24,558 [INFO]   Ridge_0.01 / Q3: gap=+0.09900 ✅
2026-06-20 05:13:24,570 [INFO]   Ridge_0.01 / S1: gap=-0.10935 ✅
2026-06-20 05:13:24,582 [INFO]   Ridge_0.01 / S2: gap=-0.03243 ✅
2026-06-20 05:13:24,594 [INFO]   Ridge_0.01 / S3: gap=-0.05865 ✅
2026-06-20 05:13:24,606 [INFO]   Ridge_0.01 / S4: gap=-0.11434 ✅
2026-06-20 05:13:24,606 [INFO]   📊 Ridge_0.01: avg_gap=-0.04889, improvement=++0.01873, vs308=7/7
2026-06-20 05:13:24,618 [INFO]   Ridge_0.001 / Q1: gap=-0.15131 ✅
2026-06-20 05:13:24,629 [INFO]   Ridge_0.001 / Q2: gap=-0.00696 ✅
2026-06-20 05:13:24,641 [INFO]   Ridge_0.001 / Q3: gap=+0.09867 ✅
2026-06-20 05:13:24,652 [INFO]   Ridge_0.001 / S1: gap=-0.11071 ✅
2026-06-20 05:13:24,663 [INFO]   Ridge_0.001 / S2: gap=-0.03248 ✅
2026-06-20 05:13:24,675 [INFO]   Ridge_0.001 / S3: gap=-0.06085 ✅
2026-06-20 05:13:24,687 [INFO]   Ridge_0.001 / S4: gap=-0.13282 ✅
2026-06-20 05:13:24,687 [INFO]   📊 Ridge_0.001: avg_gap=-0.05664, improvement=++0.02648, vs308=7/7
2026-06-20 05:13:24,811 [INFO]   Ridge_optimal / Q1: gap=-0.15577 ✅
2026-06-20 05:13:24,940 [INFO]   Ridge_optimal / Q2: gap=-0.01125 ✅
2026-06-20 05:13:25,069 [INFO]   Ridge_optimal / Q3: gap=+0.09863 ✅
2026-06-20 05:13:25,200 [INFO]   Ridge_optimal / S1: gap=-0.11249 ✅
2026-06-20 05:13:25,328 [INFO]   Ridge_optimal / S2: gap=-0.03252 ✅
2026-06-20 05:13:25,458 [INFO]   Ridge_optimal / S3: gap=-0.06658 ✅
2026-06-20 05:13:25,587 [INFO]   Ridge_optimal / S4: gap=-0.13408 ✅
2026-06-20 05:13:25,588 [INFO]   📊 Ridge_optimal: avg_gap=-0.05915, improvement=++0.02899, vs308=7/7
2026-06-20 05:13:25,600 [INFO]   EN_0.5_0.5 / Q1: gap=+0.00851 ✅
2026-06-20 05:13:25,612 [INFO]   EN_0.5_0.5 / Q2: gap=-0.00575 ✅
2026-06-20 05:13:25,624 [INFO]   EN_0.5_0.5 / Q3: gap=+0.16646 ❌
2026-06-20 05:13:25,635 [INFO]   EN_0.5_0.5 / S1: gap=-0.08104 ✅
2026-06-20 05:13:25,647 [INFO]   EN_0.5_0.5 / S2: gap=+0.03336 ✅
2026-06-20 05:13:25,659 [INFO]   EN_0.5_0.5 / S3: gap=-0.04368 ✅
2026-06-20 05:13:25,670 [INFO]   EN_0.5_0.5 / S4: gap=-0.01538 ✅
2026-06-20 05:13:25,670 [INFO]   📊 EN_0.5_0.5: avg_gap=+0.00893, improvement=+-0.03909, vs308=6/7
2026-06-20 05:13:25,683 [INFO]   EN_0.3_0.5 / Q1: gap=+0.00851 ✅
2026-06-20 05:13:25,694 [INFO]   EN_0.3_0.5 / Q2: gap=-0.00575 ✅
2026-06-20 05:13:25,706 [INFO]   EN_0.3_0.5 / Q3: gap=+0.16646 ❌
2026-06-20 05:13:25,717 [INFO]   EN_0.3_0.5 / S1: gap=-0.08104 ✅
2026-06-20 05:13:25,729 [INFO]   EN_0.3_0.5 / S2: gap=+0.03336 ✅
2026-06-20 05:13:25,741 [INFO]   EN_0.3_0.5 / S3: gap=-0.04368 ✅
2026-06-20 05:13:25,753 [INFO]   EN_0.3_0.5 / S4: gap=-0.01538 ✅
2026-06-20 05:13:25,753 [INFO]   📊 EN_0.3_0.5: avg_gap=+0.00893, improvement=+-0.03909, vs308=6/7
2026-06-20 05:13:25,765 [INFO]   EN_1.0_0.5 / Q1: gap=+0.00851 ✅
2026-06-20 05:13:25,777 [INFO]   EN_1.0_0.5 / Q2: gap=-0.00575 ✅
2026-06-20 05:13:25,788 [INFO]   EN_1.0_0.5 / Q3: gap=+0.16646 ❌
2026-06-20 05:13:25,800 [INFO]   EN_1.0_0.5 / S1: gap=-0.08104 ✅
2026-06-20 05:13:25,812 [INFO]   EN_1.0_0.5 / S2: gap=+0.03336 ✅
2026-06-20 05:13:25,824 [INFO]   EN_1.0_0.5 / S3: gap=-0.04368 ✅
2026-06-20 05:13:25,835 [INFO]   EN_1.0_0.5 / S4: gap=-0.01538 ✅
2026-06-20 05:13:25,836 [INFO]   📊 EN_1.0_0.5: avg_gap=+0.00893, improvement=+-0.03909, vs308=6/7
2026-06-20 05:13:25,836 [INFO] 
======================================================================
2026-06-20 05:13:25,836 [INFO] V541 Final Results
2026-06-20 05:13:25,836 [INFO] ======================================================================
2026-06-20 05:13:25,836 [INFO] 
🏆 Best meta: Ridge_optimal
2026-06-20 05:13:25,836 [INFO]   avg_gap: -0.05915
2026-06-20 05:13:25,836 [INFO]   improvement vs V537: ++0.02899
2026-06-20 05:13:25,836 [INFO]   vs308: 7/7
2026-06-20 05:13:25,836 [INFO]   Expected LB: 0.68150
2026-06-20 05:13:25,836 [INFO] 
  Target gaps:
2026-06-20 05:13:25,836 [INFO]     Q1: -0.15577 ✅
2026-06-20 05:13:25,836 [INFO]     Q2: -0.01125 ✅
2026-06-20 05:13:25,836 [INFO]     Q3: +0.09863 ✅
2026-06-20 05:13:25,836 [INFO]     S1: -0.11249 ✅
2026-06-20 05:13:25,836 [INFO]     S2: -0.03252 ✅
2026-06-20 05:13:25,836 [INFO]     S3: -0.06658 ✅
2026-06-20 05:13:25,836 [INFO]     S4: -0.13408 ✅
2026-06-20 05:13:25,836 [INFO] 
Generating submission with Ridge_optimal...
2026-06-20 05:13:25,850 [INFO] 📁 Submission saved: /home/mwoo423/.openclaw/workspace/submissions/submission_v541_Ridgeopt_20260620_051325.csv
2026-06-20 05:13:25,850 [INFO] 📁 Result saved: /home/mwoo423/.openclaw/workspace/experiments/v541_20260620_051325.json
2026-06-20 05:13:25,850 [INFO] 
  === Meta Comparison Table ===
2026-06-20 05:13:25,850 [INFO]   Meta                         avg_gap    vs308     Δ V537     Exp LB
2026-06-20 05:13:25,850 [INFO]   --------------------------------------------------------------------
2026-06-20 05:13:25,850 [INFO]   Ridge_optimal               -0.05915        7   +0.02899    0.68150
2026-06-20 05:13:25,850 [INFO]   Ridge_0.001                 -0.05664        7   +0.02648    0.67899
2026-06-20 05:13:25,850 [INFO]   Ridge_0.01                  -0.04889        7   +0.01873    0.67124
2026-06-20 05:13:25,851 [INFO]   EN_0.5_0.5                  +0.00893        6   -0.03909    0.61342
2026-06-20 05:13:25,851 [INFO]   EN_0.3_0.5                  +0.00893        6   -0.03909    0.61342
2026-06-20 05:13:25,851 [INFO]   EN_1.0_0.5                  +0.00893        6   -0.03909    0.61342
