2026-06-20 05:10:23,885 [INFO] ======================================================================
2026-06-20 05:10:23,885 [INFO] V541: V540 Top Configs + EN Meta Validation (13 seeds)
2026-06-20 05:10:23,885 [INFO] ======================================================================
2026-06-20 05:10:23,951 [INFO] 
Q1: s_strong+heavy_lgb, n_feat=3, n_est=600
2026-06-20 05:10:24,327 [INFO]     seed 0: xgb=0.4995, lgbm=0.5011
2026-06-20 05:10:25,236 [INFO]     seed 4: xgb=0.5001, lgbm=0.5010
2026-06-20 05:10:26,154 [INFO]     seed 8: xgb=0.5002, lgbm=0.5016
2026-06-20 05:10:27,096 [INFO]     seed 12: xgb=0.5005, lgbm=0.5016
2026-06-20 05:10:27,111 [INFO] 
Q2: q_narrow+heavy_lgb, n_feat=10, n_est=800
2026-06-20 05:10:28,336 [INFO]     seed 0: xgb=0.5505, lgbm=0.5571
2026-06-20 05:10:32,638 [INFO]     seed 4: xgb=0.5480, lgbm=0.5584
2026-06-20 05:10:37,360 [INFO]     seed 8: xgb=0.5447, lgbm=0.5574
2026-06-20 05:10:41,907 [INFO]     seed 12: xgb=0.5562, lgbm=0.5577
2026-06-20 05:10:41,924 [INFO] 
Q3: heavy_reg+light_lgb, n_feat=7, n_est=500
2026-06-20 05:10:42,552 [INFO]     seed 0: xgb=0.6226, lgbm=0.5221
2026-06-20 05:10:44,566 [INFO]     seed 4: xgb=0.6208, lgbm=0.5201
2026-06-20 05:10:46,823 [INFO]     seed 8: xgb=0.6243, lgbm=0.5331
2026-06-20 05:10:48,859 [INFO]     seed 12: xgb=0.6220, lgbm=0.5084
2026-06-20 05:10:48,877 [INFO] 
S1: s_strong+heavy_lgb, n_feat=3, n_est=500
2026-06-20 05:10:49,192 [INFO]     seed 0: xgb=0.6840, lgbm=0.6816
2026-06-20 05:10:49,977 [INFO]     seed 4: xgb=0.6827, lgbm=0.6817
2026-06-20 05:10:50,803 [INFO]     seed 8: xgb=0.6848, lgbm=0.6826
2026-06-20 05:10:51,642 [INFO]     seed 12: xgb=0.6828, lgbm=0.6821
2026-06-20 05:10:51,658 [INFO] 
S2: light_reg+heavy_lgb, n_feat=7, n_est=500
2026-06-20 05:10:52,717 [INFO]     seed 0: xgb=0.6326, lgbm=0.6499
2026-06-20 05:10:56,640 [INFO]     seed 4: xgb=0.6340, lgbm=0.6499
2026-06-20 05:11:00,559 [INFO]     seed 8: xgb=0.6336, lgbm=0.6505
2026-06-20 05:11:04,573 [INFO]     seed 12: xgb=0.6357, lgbm=0.6497
2026-06-20 05:11:04,589 [INFO] 
S3: s_strong+heavy_lgb, n_feat=23, n_est=1000
2026-06-20 05:11:05,546 [INFO]     seed 0: xgb=0.6561, lgbm=0.6570
2026-06-20 05:11:09,094 [INFO]     seed 4: xgb=0.6518, lgbm=0.6580
2026-06-20 05:11:12,594 [INFO]     seed 8: xgb=0.6518, lgbm=0.6571
2026-06-20 05:11:16,063 [INFO]     seed 12: xgb=0.6530, lgbm=0.6580
2026-06-20 05:11:16,081 [INFO] 
S4: s_strong+heavy_lgb, n_feat=20, n_est=300
2026-06-20 05:11:16,575 [INFO]     seed 0: xgb=0.5616, lgbm=0.5682
2026-06-20 05:11:18,286 [INFO]     seed 4: xgb=0.5703, lgbm=0.5681
2026-06-20 05:11:19,852 [INFO]     seed 8: xgb=0.5654, lgbm=0.5682
2026-06-20 05:11:21,726 [INFO]     seed 12: xgb=0.5623, lgbm=0.5697
2026-06-20 05:11:21,741 [INFO] 
======================================================================
2026-06-20 05:11:21,741 [INFO] V541: Meta Learner Comparison
2026-06-20 05:11:21,741 [INFO] ======================================================================
2026-06-20 05:11:21,752 [INFO]   Ridge_0.01 / Q1: gap=-0.11948 ✅
2026-06-20 05:11:21,762 [INFO]   Ridge_0.01 / Q2: gap=-0.00698 ✅
2026-06-20 05:11:21,773 [INFO]   Ridge_0.01 / Q3: gap=+0.09900 ✅
2026-06-20 05:11:21,784 [INFO]   Ridge_0.01 / S1: gap=-0.10935 ✅
2026-06-20 05:11:21,795 [INFO]   Ridge_0.01 / S2: gap=-0.03243 ✅
2026-06-20 05:11:21,806 [INFO]   Ridge_0.01 / S3: gap=-0.05865 ✅
2026-06-20 05:11:21,817 [INFO]   Ridge_0.01 / S4: gap=-0.11434 ✅
2026-06-20 05:11:21,817 [INFO]   📊 Ridge_0.01: avg_gap=-0.04889, improvement=++0.01873, vs308=7/7
2026-06-20 05:11:21,828 [INFO]   Ridge_0.001 / Q1: gap=-0.15131 ✅
2026-06-20 05:11:21,839 [INFO]   Ridge_0.001 / Q2: gap=-0.00696 ✅
2026-06-20 05:11:21,852 [INFO]   Ridge_0.001 / Q3: gap=+0.09867 ✅
2026-06-20 05:11:21,863 [INFO]   Ridge_0.001 / S1: gap=-0.11071 ✅
2026-06-20 05:11:21,874 [INFO]   Ridge_0.001 / S2: gap=-0.03248 ✅
2026-06-20 05:11:21,885 [INFO]   Ridge_0.001 / S3: gap=-0.06085 ✅
2026-06-20 05:11:21,897 [INFO]   Ridge_0.001 / S4: gap=-0.13282 ✅
2026-06-20 05:11:21,897 [INFO]   📊 Ridge_0.001: avg_gap=-0.05664, improvement=++0.02648, vs308=7/7
2026-06-20 05:11:22,024 [INFO]   Ridge_optimal / Q1: gap=-0.15577 ✅
2026-06-20 05:11:22,146 [INFO]   Ridge_optimal / Q2: gap=-0.01125 ✅
2026-06-20 05:11:22,274 [INFO]   Ridge_optimal / Q3: gap=+0.09863 ✅
2026-06-20 05:11:22,404 [INFO]   Ridge_optimal / S1: gap=-0.11249 ✅
2026-06-20 05:11:22,528 [INFO]   Ridge_optimal / S2: gap=-0.03252 ✅
2026-06-20 05:11:22,652 [INFO]   Ridge_optimal / S3: gap=-0.06658 ✅
2026-06-20 05:11:22,774 [INFO]   Ridge_optimal / S4: gap=-0.13408 ✅
2026-06-20 05:11:22,774 [INFO]   📊 Ridge_optimal: avg_gap=-0.05915, improvement=++0.02899, vs308=7/7
2026-06-20 05:11:22,785 [INFO]   EN_0.5_0.5 / Q1: gap=+0.00851 ✅
2026-06-20 05:11:22,797 [INFO]   EN_0.5_0.5 / Q2: gap=-0.00575 ✅
2026-06-20 05:11:22,808 [INFO]   EN_0.5_0.5 / Q3: gap=+0.16646 ❌
2026-06-20 05:11:22,820 [INFO]   EN_0.5_0.5 / S1: gap=-0.08104 ✅
2026-06-20 05:11:22,831 [INFO]   EN_0.5_0.5 / S2: gap=+0.03336 ✅
2026-06-20 05:11:22,843 [INFO]   EN_0.5_0.5 / S3: gap=-0.04368 ✅
2026-06-20 05:11:22,854 [INFO]   EN_0.5_0.5 / S4: gap=-0.01538 ✅
2026-06-20 05:11:22,854 [INFO]   📊 EN_0.5_0.5: avg_gap=+0.00893, improvement=+-0.03909, vs308=6/7
2026-06-20 05:11:22,865 [INFO]   EN_0.3_0.5 / Q1: gap=+0.00851 ✅
2026-06-20 05:11:22,877 [INFO]   EN_0.3_0.5 / Q2: gap=-0.00575 ✅
2026-06-20 05:11:22,890 [INFO]   EN_0.3_0.5 / Q3: gap=+0.16646 ❌
2026-06-20 05:11:22,902 [INFO]   EN_0.3_0.5 / S1: gap=-0.08104 ✅
2026-06-20 05:11:22,915 [INFO]   EN_0.3_0.5 / S2: gap=+0.03336 ✅
2026-06-20 05:11:22,927 [INFO]   EN_0.3_0.5 / S3: gap=-0.04368 ✅
2026-06-20 05:11:22,939 [INFO]   EN_0.3_0.5 / S4: gap=-0.01538 ✅
2026-06-20 05:11:22,939 [INFO]   📊 EN_0.3_0.5: avg_gap=+0.00893, improvement=+-0.03909, vs308=6/7
2026-06-20 05:11:22,951 [INFO]   EN_1.0_0.5 / Q1: gap=+0.00851 ✅
2026-06-20 05:11:22,963 [INFO]   EN_1.0_0.5 / Q2: gap=-0.00575 ✅
2026-06-20 05:11:22,975 [INFO]   EN_1.0_0.5 / Q3: gap=+0.16646 ❌
2026-06-20 05:11:22,988 [INFO]   EN_1.0_0.5 / S1: gap=-0.08104 ✅
2026-06-20 05:11:22,999 [INFO]   EN_1.0_0.5 / S2: gap=+0.03336 ✅
2026-06-20 05:11:23,012 [INFO]   EN_1.0_0.5 / S3: gap=-0.04368 ✅
2026-06-20 05:11:23,024 [INFO]   EN_1.0_0.5 / S4: gap=-0.01538 ✅
2026-06-20 05:11:23,024 [INFO]   📊 EN_1.0_0.5: avg_gap=+0.00893, improvement=+-0.03909, vs308=6/7
2026-06-20 05:11:23,024 [INFO] 
======================================================================
2026-06-20 05:11:23,024 [INFO] V541 Final Results
2026-06-20 05:11:23,024 [INFO] ======================================================================
2026-06-20 05:11:23,024 [INFO] 
🏆 Best meta: Ridge_optimal
2026-06-20 05:11:23,024 [INFO]   avg_gap: -0.05915
2026-06-20 05:11:23,024 [INFO]   improvement vs V537: ++0.02899
2026-06-20 05:11:23,024 [INFO]   vs308: 7/7
2026-06-20 05:11:23,024 [INFO]   Expected LB: 0.68150
2026-06-20 05:11:23,024 [INFO] 
  Target gaps:
2026-06-20 05:11:23,024 [INFO]     Q1: -0.15577 ✅
2026-06-20 05:11:23,024 [INFO]     Q2: -0.01125 ✅
2026-06-20 05:11:23,024 [INFO]     Q3: +0.09863 ✅
2026-06-20 05:11:23,024 [INFO]     S1: -0.11249 ✅
2026-06-20 05:11:23,024 [INFO]     S2: -0.03252 ✅
2026-06-20 05:11:23,024 [INFO]     S3: -0.06658 ✅
2026-06-20 05:11:23,024 [INFO]     S4: -0.13408 ✅
2026-06-20 05:11:23,024 [INFO] 
Generating submission with Ridge_optimal...
Traceback (most recent call last):
  File "/home/mwoo423/.openclaw/workspace/experiments/v541_meta_en_validation.py", line 421, in <module>
    main()
  File "/home/mwoo423/.openclaw/workspace/experiments/v541_meta_en_validation.py", line 387, in main
    sub_df[target] = test_proba
    ~~~~~~^^^^^^^^
  File "/usr/local/lib/python3.11/site-packages/pandas/core/frame.py", line 4311, in __setitem__
    self._set_item(key, value)
  File "/usr/local/lib/python3.11/site-packages/pandas/core/frame.py", line 4524, in _set_item
    value, refs = self._sanitize_column(value)
                  ^^^^^^^^^^^^^^^^^^^^^^^^^^^^
  File "/usr/local/lib/python3.11/site-packages/pandas/core/frame.py", line 5266, in _sanitize_column
    com.require_length_match(value, self.index)
  File "/usr/local/lib/python3.11/site-packages/pandas/core/common.py", line 573, in require_length_match
    raise ValueError(
ValueError: Length of values (26) does not match length of index (250)
