2026-06-20 05:17:55,806 [INFO] ======================================================================
2026-06-20 05:17:55,806 [INFO] V542: V537 Fine Alpha + V540 Top Configs (Per-Target Alpha Sweep)
2026-06-20 05:17:55,806 [INFO] ======================================================================
2026-06-20 05:17:55,865 [INFO] 
Q1: s_strong+heavy_lgb, n_feat=3, n_est=600
2026-06-20 05:17:58,944 [INFO] 
Q2: q_narrow+heavy_lgb, n_feat=10, n_est=800
2026-06-20 05:18:13,292 [INFO] 
Q3: heavy_reg+light_lgb, n_feat=7, n_est=500
2026-06-20 05:18:19,772 [INFO] 
S1: s_strong+heavy_lgb, n_feat=3, n_est=500
2026-06-20 05:18:22,797 [INFO] 
S2: light_reg+heavy_lgb, n_feat=7, n_est=500
2026-06-20 05:18:36,248 [INFO] 
S3: s_strong+heavy_lgb, n_feat=23, n_est=1000
2026-06-20 05:18:47,850 [INFO] 
S4: s_strong+heavy_lgb, n_feat=20, n_est=300
2026-06-20 05:18:53,717 [INFO] 
======================================================================
2026-06-20 05:18:53,718 [INFO] V542: Per-Target Optimal Ridge Alpha
2026-06-20 05:18:53,718 [INFO] ======================================================================
2026-06-20 05:18:53,850 [INFO]   Q1: V542α=0.0001 (gap=-0.15577) vs V537α=0.001 (gap=-0.15131) 🎯 ✅
2026-06-20 05:18:53,975 [INFO]   Q2: V542α=10.0 (gap=-0.01125) vs V537α=0.06 (gap=-0.00705) 🎯 ✅
2026-06-20 05:18:54,105 [INFO]   Q3: V542α=0.0001 (gap=+0.09863) vs V537α=0.001 (gap=+0.09867) 🎯 ✅
2026-06-20 05:18:54,232 [INFO]   S1: V542α=0.0001 (gap=-0.11249) vs V537α=0.01 (gap=-0.10935) 🎯 ✅
2026-06-20 05:18:54,360 [INFO]   S2: V542α=0.03 (gap=-0.03252) vs V537α=0.03 (gap=-0.03252)  ✅
2026-06-20 05:18:54,486 [INFO]   S3: V542α=10.0 (gap=-0.06658) vs V537α=10.0 (gap=-0.06658)  ✅
2026-06-20 05:18:54,617 [INFO]   S4: V542α=0.0001 (gap=-0.13408) vs V537α=0.003 (gap=-0.12635) 🎯 ✅
2026-06-20 05:18:55,509 [INFO] 
  V537 alphas on V540 configs: avg_gap=-0.05636
2026-06-20 05:18:55,509 [INFO]   V542 alphas on V540 configs: avg_gap=-0.05915
2026-06-20 05:18:55,509 [INFO]   Improvement (V542 over V537): ++0.00279
2026-06-20 05:18:55,510 [INFO]   V542 over V537 (OOF): ++0.02899
2026-06-20 05:18:55,510 [INFO] 
Generating submission with V542 optimal alphas...
2026-06-20 05:18:55,517 [INFO] 📁 Submission: /home/mwoo423/.openclaw/workspace/submissions/submission_v542_per_target_alpha_20260620_051855.csv
2026-06-20 05:18:55,517 [INFO] 
  === V541 (fixed α=0.01) vs V542 (per-target α) ===
2026-06-20 05:18:55,517 [INFO]   Version                 avg_gap    vs308     Exp LB
2026-06-20 05:18:55,517 [INFO]   ----------------------------------------------------
2026-06-20 05:18:55,517 [INFO]   V541 Ridge_0.01        -0.04889        7    0.67124
2026-06-20 05:18:55,517 [INFO]   V542 per-target α      -0.05915        7    0.68150
2026-06-20 05:18:55,517 [INFO] 📁 Result saved: /home/mwoo423/.openclaw/workspace/experiments/v542_20260620_051855.json
