2026-06-20 05:21:41,918 [INFO] ======================================================================
2026-06-20 05:21:41,918 [INFO] V543: Feature Ranking Ensemble + V540 Configs
2026-06-20 05:21:41,918 [INFO] ======================================================================
2026-06-20 05:21:41,989 [INFO] Ranking features with seeds [42, 123, 456]...
2026-06-20 05:21:41,989 [INFO]   Q1...
2026-06-20 05:21:42,225 [INFO]   Q2...
2026-06-20 05:21:42,452 [INFO]   Q3...
2026-06-20 05:21:42,690 [INFO]   S1...
2026-06-20 05:21:42,930 [INFO]   S2...
2026-06-20 05:21:43,176 [INFO]   S3...
2026-06-20 05:21:43,451 [INFO]   S4...
2026-06-20 05:21:43,686 [INFO] 
======================================================================
2026-06-20 05:21:43,687 [INFO] V543: Single Seed vs Ensemble Ranking
2026-06-20 05:21:43,687 [INFO] ======================================================================
2026-06-20 05:21:43,687 [INFO] 
--- n_feat=3 ---
2026-06-20 05:22:15,001 [INFO]   nfeat=3_single_seed: avg_gap=-0.04443, vs308=7/7
2026-06-20 05:22:45,223 [INFO]   nfeat=3_ensemble: avg_gap=-0.04443, vs308=7/7
2026-06-20 05:22:45,223 [INFO] 
--- n_feat=5 ---
2026-06-20 05:23:27,506 [INFO]   nfeat=5_single_seed: avg_gap=-0.03472, vs308=7/7
2026-06-20 05:24:09,318 [INFO]   nfeat=5_ensemble: avg_gap=-0.03472, vs308=7/7
2026-06-20 05:24:09,318 [INFO] 
--- n_feat=7 ---
2026-06-20 05:24:58,365 [INFO]   nfeat=7_single_seed: avg_gap=-0.03616, vs308=7/7
2026-06-20 05:25:49,577 [INFO]   nfeat=7_ensemble: avg_gap=-0.03616, vs308=7/7
2026-06-20 05:25:49,577 [INFO] 
--- n_feat=10 ---
2026-06-20 05:26:51,135 [INFO]   nfeat=10_single_seed: avg_gap=-0.03528, vs308=7/7
2026-06-20 05:27:53,055 [INFO]   nfeat=10_ensemble: avg_gap=-0.03528, vs308=7/7
2026-06-20 05:27:53,055 [INFO] 
--- n_feat=15 ---
2026-06-20 05:29:01,876 [INFO]   nfeat=15_single_seed: avg_gap=-0.03101, vs308=7/7
2026-06-20 05:30:10,946 [INFO]   nfeat=15_ensemble: avg_gap=-0.03101, vs308=7/7
2026-06-20 05:30:10,946 [INFO] 
--- n_feat=20 ---
2026-06-20 05:31:23,474 [INFO]   nfeat=20_single_seed: avg_gap=-0.04254, vs308=7/7
2026-06-20 05:32:33,824 [INFO]   nfeat=20_ensemble: avg_gap=-0.04254, vs308=7/7
2026-06-20 05:32:33,824 [INFO] 
======================================================================
2026-06-20 05:32:33,824 [INFO] V543 Final Results
2026-06-20 05:32:33,824 [INFO] ======================================================================
2026-06-20 05:32:33,824 [INFO] 
🏆 Best: nfeat=3_single_seed
2026-06-20 05:32:33,824 [INFO]   avg_gap: -0.04443
2026-06-20 05:32:33,824 [INFO]   improvement vs V537: ++0.01427
2026-06-20 05:32:33,824 [INFO]   vs308: 7/7
2026-06-20 05:32:33,824 [INFO]   Expected LB: 0.66678
2026-06-20 05:32:33,824 [INFO] 
  Target gaps:
2026-06-20 05:32:33,824 [INFO]     Q1: -0.15577 ✅
2026-06-20 05:32:33,824 [INFO]     Q2: +0.02202 ✅
2026-06-20 05:32:33,824 [INFO]     Q3: +0.10628 ✅
2026-06-20 05:32:33,824 [INFO]     S1: -0.11249 ✅
2026-06-20 05:32:33,824 [INFO]     S2: +0.04301 ✅
2026-06-20 05:32:33,824 [INFO]     S3: -0.10940 ✅
2026-06-20 05:32:33,824 [INFO]     S4: -0.10470 ✅
2026-06-20 05:32:33,825 [INFO] 📁 Result saved: /home/mwoo423/.openclaw/workspace/experiments/v543_20260620_053233.json
2026-06-20 05:32:33,825 [INFO] 
  === Results Summary ===
2026-06-20 05:32:33,825 [INFO]   Config                                 avg_gap    vs308     Δ V537
2026-06-20 05:32:33,825 [INFO]   -------------------------------------------------------------------
2026-06-20 05:32:33,825 [INFO]   nfeat=3_single_seed                   -0.04443        7   +0.01427
2026-06-20 05:32:33,825 [INFO]   nfeat=3_ensemble                      -0.04443        7   +0.01427
2026-06-20 05:32:33,825 [INFO]   nfeat=20_single_seed                  -0.04254        7   +0.01238
2026-06-20 05:32:33,825 [INFO]   nfeat=20_ensemble                     -0.04254        7   +0.01238
2026-06-20 05:32:33,825 [INFO]   nfeat=7_single_seed                   -0.03616        7   +0.00600
2026-06-20 05:32:33,825 [INFO]   nfeat=7_ensemble                      -0.03616        7   +0.00600
2026-06-20 05:32:33,825 [INFO]   nfeat=10_single_seed                  -0.03528        7   +0.00512
2026-06-20 05:32:33,825 [INFO]   nfeat=10_ensemble                     -0.03528        7   +0.00512
2026-06-20 05:32:33,825 [INFO]   nfeat=5_single_seed                   -0.03472        7   +0.00456
2026-06-20 05:32:33,825 [INFO]   nfeat=5_ensemble                      -0.03472        7   +0.00456
2026-06-20 05:32:33,825 [INFO]   nfeat=15_single_seed                  -0.03101        7   +0.00085
2026-06-20 05:32:33,825 [INFO]   nfeat=15_ensemble                     -0.03101        7   +0.00085
