2026-06-20 05:46:25,469 [INFO] ======================================================================
2026-06-20 05:46:25,469 [INFO] V545: V534 Base Configs vs V540 Configs with V542 Optimal Alphas
2026-06-20 05:46:25,469 [INFO] ======================================================================
2026-06-20 05:46:25,590 [INFO] 
--- V534 Base Configs + V542 Alphas ---
2026-06-20 05:46:31,490 [INFO]   Q1: done (q_narrow+wide)
2026-06-20 05:46:49,848 [INFO]   Q2: done (q_deep+wide)
2026-06-20 05:46:55,512 [INFO]   Q3: done (q_strong+safety)
2026-06-20 05:46:59,196 [INFO]   S1: done (q_strong+wide)
2026-06-20 05:47:03,540 [INFO]   S2: done (s_strong+wide_strong)
2026-06-20 05:47:20,881 [INFO]   S3: done (q_strong+safety)
2026-06-20 05:47:36,064 [INFO]   S4: done (q_deep+wide)
2026-06-20 05:47:36,156 [INFO] 
  V534 Base + V542 Alphas: avg_gap=-0.01438
2026-06-20 05:47:36,156 [INFO]     Q1: +0.03094 ✅
2026-06-20 05:47:36,156 [INFO]     Q2: +0.00236 ✅
2026-06-20 05:47:36,156 [INFO]     Q3: -0.02061 ✅
2026-06-20 05:47:36,156 [INFO]     S1: -0.06871 ✅
2026-06-20 05:47:36,156 [INFO]     S2: -0.04178 ✅
2026-06-20 05:47:36,156 [INFO]     S3: -0.01133 ✅
2026-06-20 05:47:36,156 [INFO]     S4: +0.00848 ✅
2026-06-20 05:47:36,156 [INFO] 
--- V540 Configs + V542 Alphas ---
2026-06-20 05:47:39,863 [INFO]   Q1: done (s_strong+heavy_lgb)
2026-06-20 05:47:54,943 [INFO]   Q2: done (q_narrow+heavy_lgb)
2026-06-20 05:48:01,361 [INFO]   Q3: done (heavy_reg+light_lgb)
2026-06-20 05:48:04,171 [INFO]   S1: done (s_strong+heavy_lgb)
2026-06-20 05:48:17,780 [INFO]   S2: done (light_reg+heavy_lgb)
2026-06-20 05:48:29,459 [INFO]   S3: done (s_strong+heavy_lgb)
2026-06-20 05:48:35,018 [INFO]   S4: done (s_strong+heavy_lgb)
2026-06-20 05:48:35,101 [INFO] 
  V540 Configs + V542 Alphas: avg_gap=-0.05915
2026-06-20 05:48:35,101 [INFO]     Q1: -0.15577 ✅
2026-06-20 05:48:35,101 [INFO]     Q2: -0.01125 ✅
2026-06-20 05:48:35,101 [INFO]     Q3: +0.09863 ✅
2026-06-20 05:48:35,101 [INFO]     S1: -0.11249 ✅
2026-06-20 05:48:35,102 [INFO]     S2: -0.03252 ✅
2026-06-20 05:48:35,102 [INFO]     S3: -0.06658 ✅
2026-06-20 05:48:35,102 [INFO]     S4: -0.13408 ✅
2026-06-20 05:48:35,102 [INFO] 
======================================================================
2026-06-20 05:48:35,102 [INFO] V545 Final Results
2026-06-20 05:48:35,102 [INFO] ======================================================================
2026-06-20 05:48:35,102 [INFO]   Config                  avg_gap    vs308     Δ V537     Exp LB
2026-06-20 05:48:35,102 [INFO]   ----------------------------------------------------------------
2026-06-20 05:48:35,102 [INFO]   V537 baseline          -0.03016        7    0.00000    0.65251
2026-06-20 05:48:35,102 [INFO]   V534 Base+V542α        -0.01438        7   -0.01578    0.63673
2026-06-20 05:48:35,102 [INFO]   V540 Cfgs+V542α        -0.05915        7   +0.02899    0.68150
2026-06-20 05:48:35,102 [INFO] 
🏆 Best: V540_Configs (avg_gap=-0.05915)
2026-06-20 05:48:35,102 [INFO] 
Generating submission with V540_Configs...
2026-06-20 05:48:35,111 [INFO] 📁 Submission: /home/mwoo423/.openclaw/workspace/submissions/submission_v545_v540_configs_20260620_054835.csv
2026-06-20 05:48:35,111 [INFO] 📁 Result saved: /home/mwoo423/.openclaw/workspace/experiments/v545_20260620_054835.json
