2026-05-11 02:43:00,516 [INFO] ================================================================================
2026-05-11 02:43:00,516 [INFO] V101: LB Prediction Model
2026-05-11 02:43:00,516 [INFO] ================================================================================
2026-05-11 02:43:00,557 [INFO]   V53_Swept: LB=0.65358, feats extracted
2026-05-11 02:43:00,557 [INFO] 
  === V53_Swept ===
2026-05-11 02:43:00,557 [INFO]     global_mean: 0.5489
2026-05-11 02:43:00,557 [INFO]     global_std: 0.2567
2026-05-11 02:43:00,557 [INFO]     entropy: 0.5393
2026-05-11 02:43:00,557 [INFO]     extreme_ratio: 0.0423
2026-05-11 02:43:00,557 [INFO]     near_half_ratio: 0.2236
2026-05-11 02:43:00,557 [INFO]     skewness: -0.1876
2026-05-11 02:43:00,557 [INFO]     subj_mean_std: 0.0762
2026-05-11 02:43:00,557 [INFO]     tightness: 0.7088
2026-05-11 02:43:00,557 [INFO]     Q1: mean=0.5278 std=0.2762 shift=+0.0323
2026-05-11 02:43:00,557 [INFO]     Q2: mean=0.5496 std=0.2856 shift=-0.0126
2026-05-11 02:43:00,557 [INFO]     Q3: mean=0.5455 std=0.2401 shift=-0.0545
2026-05-11 02:43:00,557 [INFO]     S1: mean=0.6131 std=0.2131 shift=-0.0691
2026-05-11 02:43:00,557 [INFO]     S2: mean=0.5956 std=0.2915 shift=-0.0555
2026-05-11 02:43:00,557 [INFO]     S3: mean=0.5262 std=0.2240 shift=-0.1360
2026-05-11 02:43:00,557 [INFO]     S4: mean=0.4844 std=0.2321 shift=-0.0756
2026-05-11 02:43:00,566 [INFO]   V97_TempScaling: LB=0.68356, feats extracted
2026-05-11 02:43:00,566 [INFO] 
  === V97_TempScaling ===
2026-05-11 02:43:00,566 [INFO]     global_mean: 0.5417
2026-05-11 02:43:00,566 [INFO]     global_std: 0.1716
2026-05-11 02:43:00,566 [INFO]     entropy: 0.6270
2026-05-11 02:43:00,566 [INFO]     extreme_ratio: 0.0000
2026-05-11 02:43:00,566 [INFO]     near_half_ratio: 0.1451
2026-05-11 02:43:00,566 [INFO]     skewness: -0.1487
2026-05-11 02:43:00,566 [INFO]     subj_mean_std: 0.0616
2026-05-11 02:43:00,566 [INFO]     tightness: 0.4562
2026-05-11 02:43:00,566 [INFO]     Q1: mean=0.5180 std=0.1124 shift=+0.0225
2026-05-11 02:43:00,566 [INFO]     Q2: mean=0.5449 std=0.1849 shift=-0.0173
2026-05-11 02:43:00,566 [INFO]     Q3: mean=0.5471 std=0.1724 shift=-0.0529
2026-05-11 02:43:00,566 [INFO]     S1: mean=0.5995 std=0.1838 shift=-0.0827
2026-05-11 02:43:00,566 [INFO]     S2: mean=0.5417 std=0.1740 shift=-0.1094
2026-05-11 02:43:00,566 [INFO]     S3: mean=0.5389 std=0.1830 shift=-0.1233
2026-05-11 02:43:00,566 [INFO]     S4: mean=0.5020 std=0.1626 shift=-0.0580
2026-05-11 02:43:00,574 [INFO]   V94_Rolling: LB=0.76409, feats extracted
2026-05-11 02:43:00,574 [INFO] 
  === V94_Rolling ===
2026-05-11 02:43:00,574 [INFO]     global_mean: 0.6009
2026-05-11 02:43:00,574 [INFO]     global_std: 0.2809
2026-05-11 02:43:00,574 [INFO]     entropy: 0.4823
2026-05-11 02:43:00,574 [INFO]     extreme_ratio: 0.1291
2026-05-11 02:43:00,574 [INFO]     near_half_ratio: 0.2585
2026-05-11 02:43:00,574 [INFO]     skewness: -0.2759
2026-05-11 02:43:00,574 [INFO]     subj_mean_std: 0.0971
2026-05-11 02:43:00,574 [INFO]     tightness: 0.7681
2026-05-11 02:43:00,574 [INFO]     Q1: mean=0.4955 std=0.3241 shift=-0.0001
2026-05-11 02:43:00,574 [INFO]     Q2: mean=0.5624 std=0.3008 shift=+0.0002
2026-05-11 02:43:00,574 [INFO]     Q3: mean=0.6000 std=0.2569 shift=+0.0000
2026-05-11 02:43:00,574 [INFO]     S1: mean=0.6819 std=0.2371 shift=-0.0003
2026-05-11 02:43:00,574 [INFO]     S2: mean=0.6462 std=0.3043 shift=-0.0049
2026-05-11 02:43:00,574 [INFO]     S3: mean=0.6616 std=0.2422 shift=-0.0006
2026-05-11 02:43:00,574 [INFO]     S4: mean=0.5586 std=0.2378 shift=-0.0014
2026-05-11 02:43:00,581 [INFO] 
  === V99_Blend ===
2026-05-11 02:43:00,581 [INFO]     global_mean: 0.6011
2026-05-11 02:43:00,581 [INFO]     global_std: 0.3240
2026-05-11 02:43:00,581 [INFO]     entropy: 0.4063
2026-05-11 02:43:00,582 [INFO]     extreme_ratio: 0.2611
2026-05-11 02:43:00,582 [INFO]     near_half_ratio: 0.3008
2026-05-11 02:43:00,582 [INFO]     skewness: -0.4630
2026-05-11 02:43:00,582 [INFO]     subj_mean_std: 0.1056
2026-05-11 02:43:00,582 [INFO]     tightness: 0.9218
2026-05-11 02:43:00,582 [INFO]     Q1: mean=0.5029 std=0.3568 shift=+0.0073
2026-05-11 02:43:00,582 [INFO]     Q2: mean=0.5676 std=0.3217 shift=+0.0054
2026-05-11 02:43:00,582 [INFO]     Q3: mean=0.6027 std=0.3173 shift=+0.0027
2026-05-11 02:43:00,582 [INFO]     S1: mean=0.6818 std=0.2722 shift=-0.0005
2026-05-11 02:43:00,582 [INFO]     S2: mean=0.6380 std=0.3439 shift=-0.0131
2026-05-11 02:43:00,582 [INFO]     S3: mean=0.6601 std=0.3052 shift=-0.0022
2026-05-11 02:43:00,582 [INFO]     S4: mean=0.5550 std=0.3056 shift=-0.0050
2026-05-11 02:43:00,582 [INFO]   V100_Rescore: file not found, skipping
2026-05-11 02:43:00,582 [INFO] 
================================================================================
2026-05-11 02:43:00,582 [INFO] LB ANALYSIS
2026-05-11 02:43:00,582 [INFO] ================================================================================
2026-05-11 02:43:00,583 [INFO] 
  submission_v53_swept_20260510_215247.csv (LB=0.65358):
Traceback (most recent call last):
  File "/home/mwoo423/projects/dacon2/src/v101_lb_predictor.py", line 334, in <module>
    main()
  File "/home/mwoo423/projects/dacon2/src/v101_lb_predictor.py", line 152, in main
    ll = log_loss(train_labels[t].values, p, labels=[0,1])
         ^^^^^^^^^^^^^^^^^^^^^^^^^^^^^^^^^^^^^^^^^^^^^^^^^
  File "/home/mwoo423/.local/lib/python3.12/site-packages/sklearn/utils/_param_validation.py", line 218, in wrapper
    return func(*args, **kwargs)
           ^^^^^^^^^^^^^^^^^^^^^
  File "/home/mwoo423/.local/lib/python3.12/site-packages/sklearn/metrics/_classification.py", line 3378, in log_loss
    transformed_labels, y_pred = _validate_multiclass_probabilistic_prediction(
                                 ^^^^^^^^^^^^^^^^^^^^^^^^^^^^^^^^^^^^^^^^^^^^^^
  File "/home/mwoo423/.local/lib/python3.12/site-packages/sklearn/metrics/_classification.py", line 283, in _validate_multiclass_probabilistic_prediction
    check_consistent_length(y_prob, y_true, sample_weight)
  File "/home/mwoo423/.local/lib/python3.12/site-packages/sklearn/utils/validation.py", line 464, in check_consistent_length
    raise ValueError(
ValueError: Found input variables with inconsistent numbers of samples: [250, 450]
