2026-06-08 07:54:49,047 [INFO] ======================================================================
2026-06-08 07:54:49,047 [INFO] V492 — Optimal Ensemble Weights + Calibration
2026-06-08 07:54:49,047 [INFO] ======================================================================
2026-06-08 07:54:49,047 [INFO] 
--- 1. Load data ---
2026-06-08 07:54:49,073 [INFO]   Train: (450, 153), Test: (250, 146)
2026-06-08 07:54:49,074 [INFO]   Common feature columns: 146
2026-06-08 07:54:49,076 [INFO]   Total features: 141
2026-06-08 07:54:49,076 [INFO] 
============================================================
2026-06-08 07:54:49,076 [INFO] --- Q1 ---
2026-06-08 07:54:49,076 [INFO]   Target rate: 0.496
2026-06-08 07:54:49,182 [INFO]     n_feat=30...
2026-06-08 07:56:36,501 [INFO]     Training done (20s)
2026-06-08 07:56:36,502 [INFO]     LGBM CV=0.7639, CB=0.7228, XGB=0.7148
2026-06-08 07:56:36,509 [INFO]     Optimal weights: LGBM=0.000, CB=0.439, XGB=0.561, CV=0.7047
2026-06-08 07:56:36,509 [INFO]     Avg CV=0.7180
2026-06-08 07:56:36,511 [INFO]     n_feat=40...
2026-06-08 07:58:47,228 [INFO]     Training done (22s)
2026-06-08 07:58:47,228 [INFO]     LGBM CV=0.7920, CB=0.7493, XGB=0.7426
2026-06-08 07:58:47,236 [INFO]     Optimal weights: LGBM=0.000, CB=0.438, XGB=0.562, CV=0.7329
2026-06-08 07:58:47,236 [INFO]     Avg CV=0.7453
2026-06-08 07:58:47,237 [INFO]     n_feat=50...
2026-06-08 08:00:59,981 [INFO]     Training done (24s)
2026-06-08 08:00:59,981 [INFO]     LGBM CV=0.7838, CB=0.7386, XGB=0.7341
2026-06-08 08:00:59,990 [INFO]     Optimal weights: LGBM=0.000, CB=0.467, XGB=0.533, CV=0.7226
2026-06-08 08:00:59,990 [INFO]     Avg CV=0.7359
2026-06-08 08:00:59,990 [INFO] 
  Best n_feat=30, best_cv=0.7047
2026-06-08 08:01:23,473 [INFO]   Q1: meta=0.7047, student=0.7183, gap=0.0136
2026-06-08 08:01:23,473 [INFO]   Weights: LGBM=0.000, CB=0.439, XGB=0.561
2026-06-08 08:01:23,504 [INFO] 
============================================================
2026-06-08 08:01:23,504 [INFO] --- Q2 ---
2026-06-08 08:01:23,504 [INFO]   Target rate: 0.562
2026-06-08 08:01:23,563 [INFO]     n_feat=30...
2026-06-08 08:03:10,153 [INFO]     Training done (16s)
2026-06-08 08:03:10,153 [INFO]     LGBM CV=0.6803, CB=0.6944, XGB=0.6742
2026-06-08 08:03:10,163 [INFO]     Optimal weights: LGBM=0.419, CB=0.069, XGB=0.512, CV=0.6616
2026-06-08 08:03:10,164 [INFO]     Avg CV=0.6644
2026-06-08 08:03:10,164 [INFO]     n_feat=40...
2026-06-08 08:05:22,893 [INFO]     Training done (23s)
2026-06-08 08:05:22,894 [INFO]     LGBM CV=0.6956, CB=0.6992, XGB=0.6918
2026-06-08 08:05:22,902 [INFO]     Optimal weights: LGBM=0.226, CB=0.311, XGB=0.464, CV=0.6770
2026-06-08 08:05:22,903 [INFO]     Avg CV=0.6780
2026-06-08 08:05:22,904 [INFO]     n_feat=50...
2026-06-08 08:07:38,148 [INFO]     Training done (20s)
2026-06-08 08:07:38,148 [INFO]     LGBM CV=0.6968, CB=0.6979, XGB=0.6973
2026-06-08 08:07:38,156 [INFO]     Optimal weights: LGBM=0.216, CB=0.372, XGB=0.412, CV=0.6801
2026-06-08 08:07:38,156 [INFO]     Avg CV=0.6805
2026-06-08 08:07:38,156 [INFO] 
  Best n_feat=30, best_cv=0.6616
2026-06-08 08:08:01,012 [INFO]   Q2: meta=0.6616, student=0.6782, gap=0.0166
2026-06-08 08:08:01,012 [INFO]   Weights: LGBM=0.419, CB=0.069, XGB=0.512
2026-06-08 08:08:01,043 [INFO] 
============================================================
2026-06-08 08:08:01,044 [INFO] --- Q3 ---
2026-06-08 08:08:01,044 [INFO]   Target rate: 0.600
2026-06-08 08:08:01,114 [INFO]     n_feat=30...
2026-06-08 08:09:47,505 [INFO]     Training done (18s)
2026-06-08 08:09:47,506 [INFO]     LGBM CV=0.7134, CB=0.7074, XGB=0.6669
2026-06-08 08:09:47,520 [INFO]     Optimal weights: LGBM=0.000, CB=0.260, XGB=0.740, CV=0.6628
2026-06-08 08:09:47,520 [INFO]     Avg CV=0.6747
2026-06-08 08:09:47,521 [INFO]     n_feat=40...
2026-06-08 08:11:49,203 [INFO]     Training done (19s)
2026-06-08 08:11:49,204 [INFO]     LGBM CV=0.7129, CB=0.7051, XGB=0.6715
2026-06-08 08:11:49,211 [INFO]     Optimal weights: LGBM=0.000, CB=0.277, XGB=0.723, CV=0.6672
2026-06-08 08:11:49,211 [INFO]     Avg CV=0.6776
2026-06-08 08:11:49,212 [INFO]     n_feat=50...
2026-06-08 08:14:08,832 [INFO]     Training done (22s)
2026-06-08 08:14:08,833 [INFO]     LGBM CV=0.7407, CB=0.7061, XGB=0.6867
2026-06-08 08:14:08,842 [INFO]     Optimal weights: LGBM=0.000, CB=0.374, XGB=0.626, CV=0.6789
2026-06-08 08:14:08,843 [INFO]     Avg CV=0.6918
2026-06-08 08:14:08,843 [INFO] 
  Best n_feat=30, best_cv=0.6628
2026-06-08 08:14:33,885 [INFO]   Q3: meta=0.6628, student=0.6775, gap=0.0147
2026-06-08 08:14:33,885 [INFO]   Weights: LGBM=0.000, CB=0.260, XGB=0.740
2026-06-08 08:14:33,915 [INFO] 
============================================================
2026-06-08 08:14:33,915 [INFO] --- S1 ---
2026-06-08 08:14:33,915 [INFO]   Target rate: 0.682
2026-06-08 08:14:33,981 [INFO]     n_feat=30...
2026-06-08 08:16:20,009 [INFO]     Training done (17s)
2026-06-08 08:16:20,009 [INFO]     LGBM CV=0.6331, CB=0.6319, XGB=0.6711
2026-06-08 08:16:20,020 [INFO]     Optimal weights: LGBM=0.203, CB=0.581, XGB=0.217, CV=0.6153
2026-06-08 08:16:20,020 [INFO]     Avg CV=0.6192
2026-06-08 08:16:20,021 [INFO]     n_feat=40...
2026-06-08 08:18:31,884 [INFO]     Training done (15s)
2026-06-08 08:18:31,884 [INFO]     LGBM CV=0.6304, CB=0.6311, XGB=0.6619
2026-06-08 08:18:31,893 [INFO]     Optimal weights: LGBM=0.061, CB=0.624, XGB=0.315, CV=0.6069
2026-06-08 08:18:31,893 [INFO]     Avg CV=0.6109
2026-06-08 08:18:31,894 [INFO]     n_feat=50...
2026-06-08 08:20:39,316 [INFO]     Training done (19s)
2026-06-08 08:20:39,317 [INFO]     LGBM CV=0.6504, CB=0.6437, XGB=0.6676
2026-06-08 08:20:39,331 [INFO]     Optimal weights: LGBM=0.000, CB=0.638, XGB=0.362, CV=0.6158
2026-06-08 08:20:39,331 [INFO]     Avg CV=0.6223
2026-06-08 08:20:39,331 [INFO] 
  Best n_feat=40, best_cv=0.6069
2026-06-08 08:21:04,766 [INFO]   S1: meta=0.6069, student=0.6408, gap=0.0339
2026-06-08 08:21:04,766 [INFO]   Weights: LGBM=0.061, CB=0.624, XGB=0.315
2026-06-08 08:21:04,795 [INFO] 
============================================================
2026-06-08 08:21:04,795 [INFO] --- S2 ---
2026-06-08 08:21:04,795 [INFO]   Target rate: 0.651
2026-06-08 08:21:04,883 [INFO]     n_feat=30...
2026-06-08 08:22:52,134 [INFO]     Training done (14s)
2026-06-08 08:22:52,135 [INFO]     LGBM CV=0.6797, CB=0.6618, XGB=0.6955
2026-06-08 08:22:52,142 [INFO]     Optimal weights: LGBM=0.000, CB=0.703, XGB=0.297, CV=0.6498
2026-06-08 08:22:52,143 [INFO]     Avg CV=0.6561
2026-06-08 08:22:52,143 [INFO]     n_feat=40...
2026-06-08 08:24:59,619 [INFO]     Training done (17s)
2026-06-08 08:24:59,619 [INFO]     LGBM CV=0.6911, CB=0.6816, XGB=0.7184
2026-06-08 08:24:59,627 [INFO]     Optimal weights: LGBM=0.133, CB=0.625, XGB=0.243, CV=0.6704
2026-06-08 08:24:59,627 [INFO]     Avg CV=0.6739
2026-06-08 08:24:59,628 [INFO]     n_feat=50...
2026-06-08 08:29:57,073 [INFO]     Training done (181s)
2026-06-08 08:29:57,073 [INFO]     LGBM CV=0.6897, CB=0.6873, XGB=0.7094
2026-06-08 08:29:57,082 [INFO]     Optimal weights: LGBM=0.191, CB=0.512, XGB=0.298, CV=0.6693
2026-06-08 08:29:57,082 [INFO]     Avg CV=0.6706
2026-06-08 08:29:57,082 [INFO] 
  Best n_feat=30, best_cv=0.6498
2026-06-08 08:30:18,912 [INFO]   S2: meta=0.6498, student=0.6718, gap=0.0220
2026-06-08 08:30:18,912 [INFO]   Weights: LGBM=0.000, CB=0.703, XGB=0.297
2026-06-08 08:30:18,940 [INFO] 
============================================================
2026-06-08 08:30:18,940 [INFO] --- S3 ---
2026-06-08 08:30:18,940 [INFO]   Target rate: 0.662
2026-06-08 08:30:19,007 [INFO]     n_feat=30...
2026-06-08 08:32:03,263 [INFO]     Training done (15s)
2026-06-08 08:32:03,264 [INFO]     LGBM CV=0.6628, CB=0.6825, XGB=0.6844
2026-06-08 08:32:03,271 [INFO]     Optimal weights: LGBM=0.446, CB=0.241, XGB=0.314, CV=0.6464
2026-06-08 08:32:03,271 [INFO]     Avg CV=0.6469
2026-06-08 08:32:03,272 [INFO]     n_feat=40...
2026-06-08 08:33:58,303 [INFO]     Training done (13s)
2026-06-08 08:33:58,303 [INFO]     LGBM CV=0.7122, CB=0.7155, XGB=0.7327
2026-06-08 08:33:58,311 [INFO]     Optimal weights: LGBM=0.191, CB=0.461, XGB=0.348, CV=0.6876
2026-06-08 08:33:58,311 [INFO]     Avg CV=0.6883
2026-06-08 08:33:58,312 [INFO]     n_feat=50...
2026-06-08 08:36:07,940 [INFO]     Training done (16s)
2026-06-08 08:36:07,940 [INFO]     LGBM CV=0.7088, CB=0.7302, XGB=0.7416
2026-06-08 08:36:07,948 [INFO]     Optimal weights: LGBM=0.447, CB=0.265, XGB=0.288, CV=0.6950
2026-06-08 08:36:07,948 [INFO]     Avg CV=0.6954
2026-06-08 08:36:07,948 [INFO] 
  Best n_feat=30, best_cv=0.6464
2026-06-08 08:36:33,215 [INFO]   S3: meta=0.6464, student=0.6743, gap=0.0279
2026-06-08 08:36:33,215 [INFO]   Weights: LGBM=0.446, CB=0.241, XGB=0.314
2026-06-08 08:36:33,243 [INFO] 
============================================================
2026-06-08 08:36:33,243 [INFO] --- S4 ---
2026-06-08 08:36:33,243 [INFO]   Target rate: 0.560
2026-06-08 08:36:33,320 [INFO]     n_feat=30...
2026-06-08 08:38:14,836 [INFO]     Training done (15s)
2026-06-08 08:38:14,836 [INFO]     LGBM CV=0.7176, CB=0.7356, XGB=0.6949
2026-06-08 08:38:14,845 [INFO]     Optimal weights: LGBM=0.340, CB=0.000, XGB=0.660, CV=0.6883
2026-06-08 08:38:14,845 [INFO]     Avg CV=0.6963
2026-06-08 08:38:14,845 [INFO]     n_feat=40...
2026-06-08 08:40:10,041 [INFO]     Training done (17s)
2026-06-08 08:40:10,041 [INFO]     LGBM CV=0.7550, CB=0.7369, XGB=0.7044
2026-06-08 08:40:10,050 [INFO]     Optimal weights: LGBM=0.000, CB=0.217, XGB=0.783, CV=0.7019
2026-06-08 08:40:10,050 [INFO]     Avg CV=0.7137
2026-06-08 08:40:10,050 [INFO]     n_feat=50...
2026-06-08 08:42:28,615 [INFO]     Training done (24s)
2026-06-08 08:42:28,615 [INFO]     LGBM CV=0.7763, CB=0.7364, XGB=0.7066
2026-06-08 08:42:28,634 [INFO]     Optimal weights: LGBM=0.000, CB=0.240, XGB=0.760, CV=0.7035
2026-06-08 08:42:28,634 [INFO]     Avg CV=0.7195
2026-06-08 08:42:28,634 [INFO] 
  Best n_feat=30, best_cv=0.6883
2026-06-08 08:42:50,406 [INFO]   S4: meta=0.6883, student=0.7026, gap=0.0143
2026-06-08 08:42:50,407 [INFO]   Weights: LGBM=0.340, CB=0.000, XGB=0.660
2026-06-08 08:42:50,438 [INFO] 
======================================================================
2026-06-08 08:42:50,438 [INFO] V492 RESULTS (Optimal Weights)
2026-06-08 08:42:50,438 [INFO] ======================================================================
2026-06-08 08:42:50,438 [INFO]   Q1: meta=0.7047, student=0.7183, gap=0.0136, w=[0.0, 0.4385315502166916, 0.5614684497833083]
2026-06-08 08:42:50,438 [INFO]   Q2: meta=0.6616, student=0.6782, gap=0.0166, w=[0.41861422367599965, 0.06931377890168192, 0.5120719974223185]
2026-06-08 08:42:50,438 [INFO]   Q3: meta=0.6628, student=0.6775, gap=0.0147, w=[0.0, 0.2597622688238809, 0.7402377311761192]
2026-06-08 08:42:50,438 [INFO]   S1: meta=0.6069, student=0.6408, gap=0.0339, w=[0.061240081881774426, 0.6239178054948388, 0.3148421126233867]
2026-06-08 08:42:50,438 [INFO]   S2: meta=0.6498, student=0.6718, gap=0.0220, w=[0.0, 0.7030091115227941, 0.29699088847720606]
2026-06-08 08:42:50,438 [INFO]   S3: meta=0.6464, student=0.6743, gap=0.0279, w=[0.4458403922953051, 0.24054702614223378, 0.313612581562461]
2026-06-08 08:42:50,438 [INFO]   S4: meta=0.6883, student=0.7026, gap=0.0143, w=[0.339631729873198, 0.0, 0.660368270126802]
2026-06-08 08:42:50,438 [INFO]   AVG Meta OOF: 0.6601
2026-06-08 08:42:50,438 [INFO]   AVG Student OOF: 0.6805
2026-06-08 08:42:50,438 [INFO]   Total time: 2881s
2026-06-08 08:42:50,454 [INFO]   Submission: /home/mwoo423/.openclaw/workspace/submissions/submission_v492_opt_weights_20260608_084250.csv
2026-06-08 08:42:50,454 [INFO]   Meta: /home/mwoo423/.openclaw/workspace/experiments/v492_20260608_084250.json
