2026-06-09 07:53:51,734 [INFO] ======================================================================
2026-06-09 07:53:51,734 [INFO] V496 — Per-Subject Normalization + Feature Engineering + 3-Model
2026-06-09 07:53:51,734 [INFO] ======================================================================
2026-06-09 07:53:51,734 [INFO] 
--- 1. Load data ---
2026-06-09 07:53:51,766 [INFO]   Train: (450, 149), Test: (250, 142)
2026-06-09 07:53:51,766 [INFO]   Features after leak removal: 141
2026-06-09 07:53:51,766 [INFO]   Test has subject_id: True
2026-06-09 07:53:51,766 [INFO] 
--- 2. Per-subject z-score normalization ---
2026-06-09 07:53:52,293 [INFO]   Combined features: 282 (141 orig + 141 zscore)
2026-06-09 07:53:52,293 [INFO] 
--- 3. Feature ranking ---
2026-06-09 07:53:52,293 [INFO] 
============================================================
2026-06-09 07:53:52,293 [INFO] --- Q1 (rate=0.496) ---
2026-06-09 07:53:57,264 [INFO]     n_feat=20: LGB=0.6514, XGB=0.6558, CB=0.6405, AVG=0.6405
2026-06-09 07:54:02,076 [INFO]     n_feat=30: LGB=0.6840, XGB=0.6806, CB=0.6569, AVG=0.6630
2026-06-09 07:54:07,507 [INFO]     n_feat=40: LGB=0.7560, XGB=0.6893, CB=0.6599, AVG=0.6666
2026-06-09 07:54:13,735 [INFO]     n_feat=50: LGB=0.7048, XGB=0.7040, CB=0.6609, AVG=0.6785
2026-06-09 07:54:20,709 [INFO]     n_feat=60: LGB=0.7041, XGB=0.7147, CB=0.6683, AVG=0.6821
2026-06-09 07:54:28,947 [INFO]     n_feat=80: LGB=0.8051, XGB=0.7297, CB=0.6752, AVG=0.6994
2026-06-09 07:54:28,947 [INFO]   Best: n_feat=20, avg_oof=0.6405
2026-06-09 07:54:41,433 [INFO]   Q1: LGB=0.6514, XGB=0.6558, CB=0.6405
2026-06-09 07:54:41,459 [INFO] 
============================================================
2026-06-09 07:54:41,459 [INFO] --- Q2 (rate=0.562) ---
2026-06-09 07:54:47,039 [INFO]     n_feat=20: LGB=0.8532, XGB=0.6573, CB=0.6002, AVG=0.6175
2026-06-09 07:54:52,752 [INFO]     n_feat=30: LGB=0.6366, XGB=0.6437, CB=0.6014, AVG=0.6123
2026-06-09 07:54:58,634 [INFO]     n_feat=40: LGB=0.6414, XGB=0.6450, CB=0.6030, AVG=0.6120
2026-06-09 07:55:05,178 [INFO]     n_feat=50: LGB=0.6372, XGB=0.6540, CB=0.6025, AVG=0.6164
2026-06-09 07:55:13,633 [INFO]     n_feat=60: LGB=0.6478, XGB=0.6548, CB=0.6094, AVG=0.6236
2026-06-09 07:55:22,740 [INFO]     n_feat=80: LGB=0.6599, XGB=0.6611, CB=0.6193, AVG=0.6332
2026-06-09 07:55:22,740 [INFO]   Best: n_feat=40, avg_oof=0.6120
2026-06-09 07:55:36,140 [INFO]   Q2: LGB=0.6414, XGB=0.6450, CB=0.6030
2026-06-09 07:55:36,170 [INFO] 
============================================================
2026-06-09 07:55:36,170 [INFO] --- Q3 (rate=0.600) ---
2026-06-09 07:55:42,406 [INFO]     n_feat=20: LGB=0.7878, XGB=0.6333, CB=0.6113, AVG=0.6203
2026-06-09 07:55:48,639 [INFO]     n_feat=30: LGB=0.7206, XGB=0.6309, CB=0.6157, AVG=0.6216
2026-06-09 07:55:54,655 [INFO]     n_feat=40: LGB=0.7316, XGB=0.6476, CB=0.6162, AVG=0.6307
2026-06-09 07:56:01,461 [INFO]     n_feat=50: LGB=0.8186, XGB=0.6685, CB=0.6353, AVG=0.6447
2026-06-09 07:56:09,196 [INFO]     n_feat=60: LGB=0.8176, XGB=0.6635, CB=0.6353, AVG=0.6439
2026-06-09 07:56:18,386 [INFO]     n_feat=80: LGB=0.6737, XGB=0.6893, CB=0.6469, AVG=0.6536
2026-06-09 07:56:18,387 [INFO]   Best: n_feat=20, avg_oof=0.6203
2026-06-09 07:56:31,338 [INFO]   Q3: LGB=0.7878, XGB=0.6333, CB=0.6113
2026-06-09 07:56:31,367 [INFO] 
============================================================
2026-06-09 07:56:31,368 [INFO] --- S1 (rate=0.682) ---
2026-06-09 07:56:42,831 [INFO]     n_feat=20: LGB=0.6036, XGB=0.6072, CB=0.5542, AVG=0.5695
2026-06-09 07:56:48,670 [INFO]     n_feat=30: LGB=0.6482, XGB=0.6033, CB=0.5644, AVG=0.5677
2026-06-09 07:56:54,957 [INFO]     n_feat=40: LGB=0.6037, XGB=0.5974, CB=0.5599, AVG=0.5683
2026-06-09 07:57:01,497 [INFO]     n_feat=50: LGB=0.5988, XGB=0.6107, CB=0.5738, AVG=0.5783
2026-06-09 07:57:09,123 [INFO]     n_feat=60: LGB=0.6557, XGB=0.6061, CB=0.5809, AVG=0.5777
2026-06-09 07:57:17,883 [INFO]     n_feat=80: LGB=0.6008, XGB=0.6265, CB=0.5806, AVG=0.5870
2026-06-09 07:57:17,883 [INFO]   Best: n_feat=30, avg_oof=0.5677
2026-06-09 07:57:30,423 [INFO]   S1: LGB=0.6482, XGB=0.6033, CB=0.5644
2026-06-09 07:57:30,449 [INFO] 
============================================================
2026-06-09 07:57:30,450 [INFO] --- S2 (rate=0.651) ---
2026-06-09 07:57:36,145 [INFO]     n_feat=20: LGB=0.5864, XGB=0.5831, CB=0.5801, AVG=0.5728
2026-06-09 07:57:42,195 [INFO]     n_feat=30: LGB=0.5864, XGB=0.5770, CB=0.5797, AVG=0.5678
2026-06-09 07:57:48,466 [INFO]     n_feat=40: LGB=0.5882, XGB=0.5792, CB=0.5953, AVG=0.5761
2026-06-09 07:57:55,161 [INFO]     n_feat=50: LGB=0.6044, XGB=0.5931, CB=0.6071, AVG=0.5921
2026-06-09 07:58:02,338 [INFO]     n_feat=60: LGB=0.6183, XGB=0.6088, CB=0.6032, AVG=0.5994
2026-06-09 07:58:11,228 [INFO]     n_feat=80: LGB=0.6435, XGB=0.6366, CB=0.6118, AVG=0.6147
2026-06-09 07:58:11,228 [INFO]   Best: n_feat=30, avg_oof=0.5678
2026-06-09 07:58:24,732 [INFO]   S2: LGB=0.5864, XGB=0.5770, CB=0.5797
2026-06-09 07:58:24,758 [INFO] 
============================================================
2026-06-09 07:58:24,758 [INFO] --- S3 (rate=0.662) ---
2026-06-09 07:58:30,231 [INFO]     n_feat=20: LGB=0.6497, XGB=0.6476, CB=0.6057, AVG=0.6118
2026-06-09 07:58:35,851 [INFO]     n_feat=30: LGB=0.7178, XGB=0.6644, CB=0.6075, AVG=0.6180
2026-06-09 07:58:42,263 [INFO]     n_feat=40: LGB=0.7258, XGB=0.6533, CB=0.6134, AVG=0.6156
2026-06-09 07:58:48,909 [INFO]     n_feat=50: LGB=0.7258, XGB=0.6702, CB=0.6250, AVG=0.6263
2026-06-09 07:58:55,852 [INFO]     n_feat=60: LGB=0.8116, XGB=0.6803, CB=0.6271, AVG=0.6353
2026-06-09 07:59:04,361 [INFO]     n_feat=80: LGB=0.7448, XGB=0.6942, CB=0.6229, AVG=0.6402
2026-06-09 07:59:04,361 [INFO]   Best: n_feat=20, avg_oof=0.6118
2026-06-09 07:59:17,368 [INFO]   S3: LGB=0.6497, XGB=0.6476, CB=0.6057
2026-06-09 07:59:17,403 [INFO] 
============================================================
2026-06-09 07:59:17,404 [INFO] --- S4 (rate=0.560) ---
2026-06-09 07:59:23,809 [INFO]     n_feat=20: LGB=0.6688, XGB=0.6718, CB=0.6465, AVG=0.6466
2026-06-09 07:59:29,574 [INFO]     n_feat=30: LGB=0.8139, XGB=0.6697, CB=0.6448, AVG=0.6496
2026-06-09 07:59:36,532 [INFO]     n_feat=40: LGB=0.6697, XGB=0.6788, CB=0.6540, AVG=0.6555
2026-06-09 07:59:43,524 [INFO]     n_feat=50: LGB=0.6645, XGB=0.6684, CB=0.6493, AVG=0.6480
2026-06-09 07:59:51,004 [INFO]     n_feat=60: LGB=0.6749, XGB=0.6773, CB=0.6651, AVG=0.6610
2026-06-09 07:59:59,988 [INFO]     n_feat=80: LGB=0.7010, XGB=0.7048, CB=0.6660, AVG=0.6753
2026-06-09 07:59:59,988 [INFO]   Best: n_feat=20, avg_oof=0.6466
2026-06-09 08:00:12,094 [INFO]   S4: LGB=0.6688, XGB=0.6718, CB=0.6465
2026-06-09 08:00:12,123 [INFO] 
======================================================================
2026-06-09 08:00:12,123 [INFO] V496 RESULTS
2026-06-09 08:00:12,123 [INFO] ======================================================================
2026-06-09 08:00:12,123 [INFO]   Q1: n_feat=20, LGB=0.6514, XGB=0.6558, CB=0.6405, AVG=0.6405
2026-06-09 08:00:12,123 [INFO]   Q2: n_feat=40, LGB=0.6414, XGB=0.6450, CB=0.6030, AVG=0.6120
2026-06-09 08:00:12,123 [INFO]   Q3: n_feat=20, LGB=0.7878, XGB=0.6333, CB=0.6113, AVG=0.6203
2026-06-09 08:00:12,123 [INFO]   S1: n_feat=30, LGB=0.6482, XGB=0.6033, CB=0.5644, AVG=0.5677
2026-06-09 08:00:12,123 [INFO]   S2: n_feat=30, LGB=0.5864, XGB=0.5770, CB=0.5797, AVG=0.5678
2026-06-09 08:00:12,123 [INFO]   S3: n_feat=20, LGB=0.6497, XGB=0.6476, CB=0.6057, AVG=0.6118
2026-06-09 08:00:12,123 [INFO]   S4: n_feat=20, LGB=0.6688, XGB=0.6718, CB=0.6465, AVG=0.6466
2026-06-09 08:00:12,123 [INFO]   AVG OOF: 0.6095
2026-06-09 08:00:12,123 [INFO]   Total time: 380s
2026-06-09 08:00:12,131 [INFO]   Submission: /home/mwoo423/.openclaw/workspace/submissions/submission_v496_subject_norm_20260609_080012.csv
2026-06-09 08:00:12,131 [INFO]   Meta: /home/mwoo423/.openclaw/workspace/submissions/meta_v496_20260609_080012.json
2026-06-09 08:00:12,131 [INFO]   DONE.
