2026-06-09 08:33:35,012 [INFO] === V498: Per-Subject Rank/Quantile Transform ===
2026-06-09 08:33:35,038 [INFO] Loaded train=450, test=250
2026-06-09 08:33:35,038 [INFO] Columns: ['subject_id', 'lifelog_date', 'sleep_date', 'Q1', 'Q2']... total=153
2026-06-09 08:33:35,038 [INFO]   Q1 rate: 0.496 (n_pos=223)
2026-06-09 08:33:35,038 [INFO]   Q2 rate: 0.562 (n_pos=253)
2026-06-09 08:33:35,038 [INFO]   Q3 rate: 0.600 (n_pos=270)
2026-06-09 08:33:35,038 [INFO]   S1 rate: 0.682 (n_pos=307)
2026-06-09 08:33:35,038 [INFO]   S2 rate: 0.651 (n_pos=293)
2026-06-09 08:33:35,038 [INFO]   S3 rate: 0.662 (n_pos=298)
2026-06-09 08:33:35,038 [INFO]   S4 rate: 0.560 (n_pos=252)
2026-06-09 08:33:35,040 [INFO] Feature count: 141
2026-06-09 08:33:35,040 [INFO] Applying per-subject quantile transform...
2026-06-09 08:33:36,874 [INFO] Creating ensemble: quantile-transformed + original features...
2026-06-09 08:33:36,874 [INFO] --- Q1 (rate=0.496) ---
2026-06-09 08:33:36,878 [INFO]   Combined feature dim: 282
2026-06-09 08:33:47,306 [INFO]   OOF AUC: 0.5776 | LogLoss: 0.8935 | Time: 10s
2026-06-09 08:33:47,306 [INFO] --- Q2 (rate=0.562) ---
2026-06-09 08:33:47,311 [INFO]   Combined feature dim: 282
2026-06-09 08:33:58,759 [INFO]   OOF AUC: 0.5809 | LogLoss: 0.9431 | Time: 11s
2026-06-09 08:33:58,759 [INFO] --- Q3 (rate=0.600) ---
2026-06-09 08:33:58,764 [INFO]   Combined feature dim: 282
2026-06-09 08:34:08,699 [INFO]   OOF AUC: 0.5355 | LogLoss: 0.9777 | Time: 10s
2026-06-09 08:34:08,699 [INFO] --- S1 (rate=0.682) ---
2026-06-09 08:34:08,704 [INFO]   Combined feature dim: 282
2026-06-09 08:34:18,483 [INFO]   OOF AUC: 0.4685 | LogLoss: 1.0491 | Time: 10s
2026-06-09 08:34:18,483 [INFO] --- S2 (rate=0.651) ---
2026-06-09 08:34:18,488 [INFO]   Combined feature dim: 282
2026-06-09 08:34:29,170 [INFO]   OOF AUC: 0.4534 | LogLoss: 1.0769 | Time: 11s
2026-06-09 08:34:29,170 [INFO] --- S3 (rate=0.662) ---
2026-06-09 08:34:29,174 [INFO]   Combined feature dim: 282
2026-06-09 08:34:39,764 [INFO]   OOF AUC: 0.3777 | LogLoss: 1.1533 | Time: 11s
2026-06-09 08:34:39,764 [INFO] --- S4 (rate=0.560) ---
2026-06-09 08:34:39,768 [INFO]   Combined feature dim: 282
2026-06-09 08:34:52,668 [INFO]   OOF AUC: 0.4399 | LogLoss: 1.0960 | Time: 13s
2026-06-09 08:34:52,675 [INFO] ✅ Submission: /home/mwoo423/.openclaw/workspace/submissions/submission_v498_rank_norm_20260609_083452.csv
2026-06-09 08:34:52,675 [INFO] Total time: 78s
2026-06-09 08:34:52,675 [INFO] 
=== V498 SUMMARY ===
2026-06-09 08:34:52,675 [INFO] AVG OOF AUC: 0.4905
2026-06-09 08:34:52,675 [INFO]   Q1: AUC=0.5776, LL=0.8935
2026-06-09 08:34:52,675 [INFO]   Q2: AUC=0.5809, LL=0.9431
2026-06-09 08:34:52,675 [INFO]   Q3: AUC=0.5355, LL=0.9777
2026-06-09 08:34:52,675 [INFO]   S1: AUC=0.4685, LL=1.0491
2026-06-09 08:34:52,675 [INFO]   S2: AUC=0.4534, LL=1.0769
2026-06-09 08:34:52,675 [INFO]   S3: AUC=0.3777, LL=1.1533
2026-06-09 08:34:52,675 [INFO]   S4: AUC=0.4399, LL=1.0960
