2026-06-09 08:42:18,464 [INFO] === V499: Per-Subject Z-Score + Feature Selection + Optimized ===
2026-06-09 08:42:18,488 [INFO] Loaded train=450, test=250
2026-06-09 08:42:18,490 [INFO] Feature count: 141
2026-06-09 08:42:18,490 [INFO] Applying per-subject z-score...
2026-06-09 08:42:19,273 [INFO] --- Q1 (rate=0.496) ---
2026-06-09 08:42:24,338 [INFO]   K= 30: LogLoss=0.8810
2026-06-09 08:42:30,300 [INFO]   K= 50: LogLoss=0.8893
2026-06-09 08:42:36,090 [INFO]   K= 80: LogLoss=0.9017
2026-06-09 08:42:44,245 [INFO]   K=100: LogLoss=0.9017
2026-06-09 08:42:50,659 [INFO]   K=141: LogLoss=0.8973
2026-06-09 08:42:50,659 [INFO]   Best K=30, LogLoss=0.8810
2026-06-09 08:42:50,660 [INFO]   Q1: AUC=0.5995, LL=0.8810, K=30, Time=31s
2026-06-09 08:42:50,660 [INFO] --- Q2 (rate=0.562) ---
2026-06-09 08:42:59,656 [INFO]   K= 30: LogLoss=0.9396
2026-06-09 08:43:06,040 [INFO]   K= 50: LogLoss=0.9412
2026-06-09 08:43:11,820 [INFO]   K= 80: LogLoss=0.9630
2026-06-09 08:43:17,858 [INFO]   K=100: LogLoss=0.9684
2026-06-09 08:43:24,266 [INFO]   K=141: LogLoss=0.9698
2026-06-09 08:43:24,266 [INFO]   Best K=30, LogLoss=0.9396
2026-06-09 08:43:24,267 [INFO]   Q2: AUC=0.6065, LL=0.9396, K=30, Time=34s
2026-06-09 08:43:24,267 [INFO] --- Q3 (rate=0.600) ---
2026-06-09 08:43:30,456 [INFO]   K= 30: LogLoss=0.9462
2026-06-09 08:43:37,098 [INFO]   K= 50: LogLoss=0.9543
2026-06-09 08:43:42,610 [INFO]   K= 80: LogLoss=0.9672
2026-06-09 08:43:48,843 [INFO]   K=100: LogLoss=0.9718
2026-06-09 08:43:56,905 [INFO]   K=141: LogLoss=0.9733
2026-06-09 08:43:56,905 [INFO]   Best K=30, LogLoss=0.9462
2026-06-09 08:43:56,906 [INFO]   Q3: AUC=0.5889, LL=0.9462, K=30, Time=33s
2026-06-09 08:43:56,906 [INFO] --- S1 (rate=0.682) ---
2026-06-09 08:44:04,306 [INFO]   K= 30: LogLoss=1.0155
2026-06-09 08:44:10,500 [INFO]   K= 50: LogLoss=1.0293
2026-06-09 08:44:16,856 [INFO]   K= 80: LogLoss=1.0282
2026-06-09 08:44:23,118 [INFO]   K=100: LogLoss=1.0378
2026-06-09 08:44:31,244 [INFO]   K=141: LogLoss=1.0419
2026-06-09 08:44:31,244 [INFO]   Best K=30, LogLoss=1.0155
2026-06-09 08:44:31,245 [INFO]   S1: AUC=0.5114, LL=1.0155, K=30, Time=34s
2026-06-09 08:44:31,245 [INFO] --- S2 (rate=0.651) ---
2026-06-09 08:44:38,156 [INFO]   K= 30: LogLoss=1.0541
2026-06-09 08:44:44,579 [INFO]   K= 50: LogLoss=1.0633
2026-06-09 08:44:50,982 [INFO]   K= 80: LogLoss=1.0750
2026-06-09 08:44:59,801 [INFO]   K=100: LogLoss=1.0742
2026-06-09 08:45:06,934 [INFO]   K=141: LogLoss=1.0707
2026-06-09 08:45:06,934 [INFO]   Best K=30, LogLoss=1.0541
2026-06-09 08:45:06,935 [INFO]   S2: AUC=0.5045, LL=1.0541, K=30, Time=36s
2026-06-09 08:45:06,935 [INFO] --- S3 (rate=0.662) ---
2026-06-09 08:45:12,450 [INFO]   K= 30: LogLoss=1.1275
2026-06-09 08:45:18,071 [INFO]   K= 50: LogLoss=1.1349
2026-06-09 08:45:24,019 [INFO]   K= 80: LogLoss=1.1484
2026-06-09 08:45:30,844 [INFO]   K=100: LogLoss=1.1450
2026-06-09 08:45:37,951 [INFO]   K=141: LogLoss=1.1486
2026-06-09 08:45:37,951 [INFO]   Best K=30, LogLoss=1.1275
2026-06-09 08:45:37,952 [INFO]   S3: AUC=0.4069, LL=1.1275, K=30, Time=31s
2026-06-09 08:45:37,952 [INFO] --- S4 (rate=0.560) ---
2026-06-09 08:45:43,502 [INFO]   K= 30: LogLoss=1.0903
2026-06-09 08:45:49,600 [INFO]   K= 50: LogLoss=1.1072
2026-06-09 08:45:57,129 [INFO]   K= 80: LogLoss=1.1106
2026-06-09 08:46:04,743 [INFO]   K=100: LogLoss=1.1166
2026-06-09 08:46:11,147 [INFO]   K=141: LogLoss=1.1199
2026-06-09 08:46:11,147 [INFO]   Best K=30, LogLoss=1.0903
2026-06-09 08:46:11,148 [INFO]   S4: AUC=0.4591, LL=1.0903, K=30, Time=33s
2026-06-09 08:46:11,155 [INFO] 
✅ Submission: /home/mwoo423/.openclaw/workspace/submissions/submission_v499_zscore_feat_sel_20260609_084611.csv
2026-06-09 08:46:11,155 [INFO] Total time: 233s
2026-06-09 08:46:11,155 [INFO] 
=== V499 SUMMARY ===
2026-06-09 08:46:11,155 [INFO] AVG OOF LogLoss: 1.0077
2026-06-09 08:46:11,155 [INFO]   Q1: AUC=0.5995, LL=0.8810, K=30
2026-06-09 08:46:11,155 [INFO]   Q2: AUC=0.6065, LL=0.9396, K=30
2026-06-09 08:46:11,155 [INFO]   Q3: AUC=0.5889, LL=0.9462, K=30
2026-06-09 08:46:11,155 [INFO]   S1: AUC=0.5114, LL=1.0155, K=30
2026-06-09 08:46:11,155 [INFO]   S2: AUC=0.5045, LL=1.0541, K=30
2026-06-09 08:46:11,155 [INFO]   S3: AUC=0.4069, LL=1.1275, K=30
2026-06-09 08:46:11,155 [INFO]   S4: AUC=0.4591, LL=1.0903, K=30
