2026-06-09 09:10:18,561 [INFO] ======================================================================
2026-06-09 09:10:18,562 [INFO] V500 — Per-Subject Z-Score + 10 Seeds + Fixed K=40
2026-06-09 09:10:18,562 [INFO] ======================================================================
2026-06-09 09:10:18,562 [INFO] 
--- 1. Load data ---
2026-06-09 09:10:18,721 [INFO]   Train: (450, 149), Test: (250, 142)
2026-06-09 09:10:18,721 [INFO]   Features: 141
2026-06-09 09:10:18,721 [INFO] 
--- 2. Per-subject z-score normalization ---
2026-06-09 09:10:23,003 [INFO]   Combined features: 282
2026-06-09 09:10:23,003 [INFO] 
--- 3. Feature ranking ---
2026-06-09 09:10:23,003 [INFO] 
--- Q1 (rate=0.496) ---
2026-06-09 09:12:26,610 [INFO]   Using K=40 features
Traceback (most recent call last):
  File "/home/mwoo423/.openclaw/workspace/experiments/v500_10seeds.py", line 264, in <module>
    main()
  File "/home/m2026-06-09 12:12:53,449 [INFO]     n_feat=20: LGB=0.6514, XGB=0.6558, CB=0.6405, AVG=0.6405
2026-06-09 14:56:34,458 [INFO]     n_feat=30: LGB=0.6840, XGB=0.6806, CB=0.6569, AVG=0.6630
2026-06-09 17:35:24,120 [INFO]     n_feat=40: LGB=0.7560, XGB=0.6893, CB=0.6599, AVG=0.6666

2026-06-09 15:49:05,765 [INFO]     n_feat=50: LGB=0.6971, XGB=0.6853, CB=0.6626, AVG=0.6745
2026-06-09 17:22:21,455 [INFO]     n_feat=60: LGB=0.6922, XGB=0.6932, CB=0.6685, AVG=0.6769
2026-06-09 18:58:41,608 [INFO]     n_feat=80: LGB=0.7225, XGB=0.7067, CB=0.6778, AVG=0.6933
2026-06-09 18:58:41,609 [INFO]   Best: n_feat=20, avg_oof=0.6442
