2026-05-06 13:19:03,245 [INFO] ============================================================
2026-05-06 13:19:03,245 [INFO] Generating submission from V53 best configs
2026-05-06 13:19:03,288 [INFO]   Train: (450, 153), Test: (250, 153)
/home/mwoo423/projects/dacon2/src/gen_submission_v53.py:66: PerformanceWarning: DataFrame is highly fragmented.  This is usually the result of calling `frame.insert` many times, which has poor performance.  Consider joining all columns at once using pd.concat(axis=1) instead. To get a de-fragmented frame, use `newframe = frame.copy()`
  df[f'{col}_zscore'] = np.where(
/home/mwoo423/projects/dacon2/src/gen_submission_v53.py:66: PerformanceWarning: DataFrame is highly fragmented.  This is usually the result of calling `frame.insert` many times, which has poor performance.  Consider joining all columns at once using pd.concat(axis=1) instead. To get a de-fragmented frame, use `newframe = frame.copy()`
  df[f'{col}_zscore'] = np.where(
/home/mwoo423/projects/dacon2/src/gen_submission_v53.py:66: PerformanceWarning: DataFrame is highly fragmented.  This is usually the result of calling `frame.insert` many times, which has poor performance.  Consider joining all columns at once using pd.concat(axis=1) instead. To get a de-fragmented frame, use `newframe = frame.copy()`
  df[f'{col}_zscore'] = np.where(
/home/mwoo423/projects/dacon2/src/gen_submission_v53.py:66: PerformanceWarning: DataFrame is highly fragmented.  This is usually the result of calling `frame.insert` many times, which has poor performance.  Consider joining all columns at once using pd.concat(axis=1) instead. To get a de-fragmented frame, use `newframe = frame.copy()`
  df[f'{col}_zscore'] = np.where(
/home/mwoo423/projects/dacon2/src/gen_submission_v53.py:66: PerformanceWarning: DataFrame is highly fragmented.  This is usually the result of calling `frame.insert` many times, which has poor performance.  Consider joining all columns at once using pd.concat(axis=1) instead. To get a de-fragmented frame, use `newframe = frame.copy()`
  df[f'{col}_zscore'] = np.where(
/home/mwoo423/projects/dacon2/src/gen_submission_v53.py:66: PerformanceWarning: DataFrame is highly fragmented.  This is usually the result of calling `frame.insert` many times, which has poor performance.  Consider joining all columns at once using pd.concat(axis=1) instead. To get a de-fragmented frame, use `newframe = frame.copy()`
  df[f'{col}_zscore'] = np.where(
/home/mwoo423/projects/dacon2/src/gen_submission_v53.py:66: PerformanceWarning: DataFrame is highly fragmented.  This is usually the result of calling `frame.insert` many times, which has poor performance.  Consider joining all columns at once using pd.concat(axis=1) instead. To get a de-fragmented frame, use `newframe = frame.copy()`
  df[f'{col}_zscore'] = np.where(
/home/mwoo423/projects/dacon2/src/gen_submission_v53.py:66: PerformanceWarning: DataFrame is highly fragmented.  This is usually the result of calling `frame.insert` many times, which has poor performance.  Consider joining all columns at once using pd.concat(axis=1) instead. To get a de-fragmented frame, use `newframe = frame.copy()`
  df[f'{col}_zscore'] = np.where(
/home/mwoo423/projects/dacon2/src/gen_submission_v53.py:66: PerformanceWarning: DataFrame is highly fragmented.  This is usually the result of calling `frame.insert` many times, which has poor performance.  Consider joining all columns at once using pd.concat(axis=1) instead. To get a de-fragmented frame, use `newframe = frame.copy()`
  df[f'{col}_zscore'] = np.where(
/home/mwoo423/projects/dacon2/src/gen_submission_v53.py:66: PerformanceWarning: DataFrame is highly fragmented.  This is usually the result of calling `frame.insert` many times, which has poor performance.  Consider joining all columns at once using pd.concat(axis=1) instead. To get a de-fragmented frame, use `newframe = frame.copy()`
  df[f'{col}_zscore'] = np.where(
/home/mwoo423/projects/dacon2/src/gen_submission_v53.py:66: PerformanceWarning: DataFrame is highly fragmented.  This is usually the result of calling `frame.insert` many times, which has poor performance.  Consider joining all columns at once using pd.concat(axis=1) instead. To get a de-fragmented frame, use `newframe = frame.copy()`
  df[f'{col}_zscore'] = np.where(
/home/mwoo423/projects/dacon2/src/gen_submission_v53.py:66: PerformanceWarning: DataFrame is highly fragmented.  This is usually the result of calling `frame.insert` many times, which has poor performance.  Consider joining all columns at once using pd.concat(axis=1) instead. To get a de-fragmented frame, use `newframe = frame.copy()`
  df[f'{col}_zscore'] = np.where(
/home/mwoo423/projects/dacon2/src/gen_submission_v53.py:66: PerformanceWarning: DataFrame is highly fragmented.  This is usually the result of calling `frame.insert` many times, which has poor performance.  Consider joining all columns at once using pd.concat(axis=1) instead. To get a de-fragmented frame, use `newframe = frame.copy()`
  df[f'{col}_zscore'] = np.where(
/home/mwoo423/projects/dacon2/src/gen_submission_v53.py:66: PerformanceWarning: DataFrame is highly fragmented.  This is usually the result of calling `frame.insert` many times, which has poor performance.  Consider joining all columns at once using pd.concat(axis=1) instead. To get a de-fragmented frame, use `newframe = frame.copy()`
  df[f'{col}_zscore'] = np.where(
/home/mwoo423/projects/dacon2/src/gen_submission_v53.py:66: PerformanceWarning: DataFrame is highly fragmented.  This is usually the result of calling `frame.insert` many times, which has poor performance.  Consider joining all columns at once using pd.concat(axis=1) instead. To get a de-fragmented frame, use `newframe = frame.copy()`
  df[f'{col}_zscore'] = np.where(
/home/mwoo423/projects/dacon2/src/gen_submission_v53.py:66: PerformanceWarning: DataFrame is highly fragmented.  This is usually the result of calling `frame.insert` many times, which has poor performance.  Consider joining all columns at once using pd.concat(axis=1) instead. To get a de-fragmented frame, use `newframe = frame.copy()`
  df[f'{col}_zscore'] = np.where(
/home/mwoo423/projects/dacon2/src/gen_submission_v53.py:66: PerformanceWarning: DataFrame is highly fragmented.  This is usually the result of calling `frame.insert` many times, which has poor performance.  Consider joining all columns at once using pd.concat(axis=1) instead. To get a de-fragmented frame, use `newframe = frame.copy()`
  df[f'{col}_zscore'] = np.where(
/home/mwoo423/projects/dacon2/src/gen_submission_v53.py:66: PerformanceWarning: DataFrame is highly fragmented.  This is usually the result of calling `frame.insert` many times, which has poor performance.  Consider joining all columns at once using pd.concat(axis=1) instead. To get a de-fragmented frame, use `newframe = frame.copy()`
  df[f'{col}_zscore'] = np.where(
/home/mwoo423/projects/dacon2/src/gen_submission_v53.py:66: PerformanceWarning: DataFrame is highly fragmented.  This is usually the result of calling `frame.insert` many times, which has poor performance.  Consider joining all columns at once using pd.concat(axis=1) instead. To get a de-fragmented frame, use `newframe = frame.copy()`
  df[f'{col}_zscore'] = np.where(
/home/mwoo423/projects/dacon2/src/gen_submission_v53.py:66: PerformanceWarning: DataFrame is highly fragmented.  This is usually the result of calling `frame.insert` many times, which has poor performance.  Consider joining all columns at once using pd.concat(axis=1) instead. To get a de-fragmented frame, use `newframe = frame.copy()`
  df[f'{col}_zscore'] = np.where(
/home/mwoo423/projects/dacon2/src/gen_submission_v53.py:66: PerformanceWarning: DataFrame is highly fragmented.  This is usually the result of calling `frame.insert` many times, which has poor performance.  Consider joining all columns at once using pd.concat(axis=1) instead. To get a de-fragmented frame, use `newframe = frame.copy()`
  df[f'{col}_zscore'] = np.where(
/home/mwoo423/projects/dacon2/src/gen_submission_v53.py:66: PerformanceWarning: DataFrame is highly fragmented.  This is usually the result of calling `frame.insert` many times, which has poor performance.  Consider joining all columns at once using pd.concat(axis=1) instead. To get a de-fragmented frame, use `newframe = frame.copy()`
  df[f'{col}_zscore'] = np.where(
/home/mwoo423/projects/dacon2/src/gen_submission_v53.py:66: PerformanceWarning: DataFrame is highly fragmented.  This is usually the result of calling `frame.insert` many times, which has poor performance.  Consider joining all columns at once using pd.concat(axis=1) instead. To get a de-fragmented frame, use `newframe = frame.copy()`
  df[f'{col}_zscore'] = np.where(
/home/mwoo423/projects/dacon2/src/gen_submission_v53.py:66: PerformanceWarning: DataFrame is highly fragmented.  This is usually the result of calling `frame.insert` many times, which has poor performance.  Consider joining all columns at once using pd.concat(axis=1) instead. To get a de-fragmented frame, use `newframe = frame.copy()`
  df[f'{col}_zscore'] = np.where(
/home/mwoo423/projects/dacon2/src/gen_submission_v53.py:66: PerformanceWarning: DataFrame is highly fragmented.  This is usually the result of calling `frame.insert` many times, which has poor performance.  Consider joining all columns at once using pd.concat(axis=1) instead. To get a de-fragmented frame, use `newframe = frame.copy()`
  df[f'{col}_zscore'] = np.where(
/home/mwoo423/projects/dacon2/src/gen_submission_v53.py:66: PerformanceWarning: DataFrame is highly fragmented.  This is usually the result of calling `frame.insert` many times, which has poor performance.  Consider joining all columns at once using pd.concat(axis=1) instead. To get a de-fragmented frame, use `newframe = frame.copy()`
  df[f'{col}_zscore'] = np.where(
/home/mwoo423/projects/dacon2/src/gen_submission_v53.py:66: PerformanceWarning: DataFrame is highly fragmented.  This is usually the result of calling `frame.insert` many times, which has poor performance.  Consider joining all columns at once using pd.concat(axis=1) instead. To get a de-fragmented frame, use `newframe = frame.copy()`
  df[f'{col}_zscore'] = np.where(
/home/mwoo423/projects/dacon2/src/gen_submission_v53.py:66: PerformanceWarning: DataFrame is highly fragmented.  This is usually the result of calling `frame.insert` many times, which has poor performance.  Consider joining all columns at once using pd.concat(axis=1) instead. To get a de-fragmented frame, use `newframe = frame.copy()`
  df[f'{col}_zscore'] = np.where(
/home/mwoo423/projects/dacon2/src/gen_submission_v53.py:66: PerformanceWarning: DataFrame is highly fragmented.  This is usually the result of calling `frame.insert` many times, which has poor performance.  Consider joining all columns at once using pd.concat(axis=1) instead. To get a de-fragmented frame, use `newframe = frame.copy()`
  df[f'{col}_zscore'] = np.where(
/home/mwoo423/projects/dacon2/src/gen_submission_v53.py:66: PerformanceWarning: DataFrame is highly fragmented.  This is usually the result of calling `frame.insert` many times, which has poor performance.  Consider joining all columns at once using pd.concat(axis=1) instead. To get a de-fragmented frame, use `newframe = frame.copy()`
  df[f'{col}_zscore'] = np.where(
/home/mwoo423/projects/dacon2/src/gen_submission_v53.py:66: PerformanceWarning: DataFrame is highly fragmented.  This is usually the result of calling `frame.insert` many times, which has poor performance.  Consider joining all columns at once using pd.concat(axis=1) instead. To get a de-fragmented frame, use `newframe = frame.copy()`
  df[f'{col}_zscore'] = np.where(
/home/mwoo423/projects/dacon2/src/gen_submission_v53.py:66: PerformanceWarning: DataFrame is highly fragmented.  This is usually the result of calling `frame.insert` many times, which has poor performance.  Consider joining all columns at once using pd.concat(axis=1) instead. To get a de-fragmented frame, use `newframe = frame.copy()`
  df[f'{col}_zscore'] = np.where(
/home/mwoo423/projects/dacon2/src/gen_submission_v53.py:66: PerformanceWarning: DataFrame is highly fragmented.  This is usually the result of calling `frame.insert` many times, which has poor performance.  Consider joining all columns at once using pd.concat(axis=1) instead. To get a de-fragmented frame, use `newframe = frame.copy()`
  df[f'{col}_zscore'] = np.where(
/home/mwoo423/projects/dacon2/src/gen_submission_v53.py:66: PerformanceWarning: DataFrame is highly fragmented.  This is usually the result of calling `frame.insert` many times, which has poor performance.  Consider joining all columns at once using pd.concat(axis=1) instead. To get a de-fragmented frame, use `newframe = frame.copy()`
  df[f'{col}_zscore'] = np.where(
/home/mwoo423/projects/dacon2/src/gen_submission_v53.py:66: PerformanceWarning: DataFrame is highly fragmented.  This is usually the result of calling `frame.insert` many times, which has poor performance.  Consider joining all columns at once using pd.concat(axis=1) instead. To get a de-fragmented frame, use `newframe = frame.copy()`
  df[f'{col}_zscore'] = np.where(
/home/mwoo423/projects/dacon2/src/gen_submission_v53.py:66: PerformanceWarning: DataFrame is highly fragmented.  This is usually the result of calling `frame.insert` many times, which has poor performance.  Consider joining all columns at once using pd.concat(axis=1) instead. To get a de-fragmented frame, use `newframe = frame.copy()`
  df[f'{col}_zscore'] = np.where(
/home/mwoo423/projects/dacon2/src/gen_submission_v53.py:66: PerformanceWarning: DataFrame is highly fragmented.  This is usually the result of calling `frame.insert` many times, which has poor performance.  Consider joining all columns at once using pd.concat(axis=1) instead. To get a de-fragmented frame, use `newframe = frame.copy()`
  df[f'{col}_zscore'] = np.where(
/home/mwoo423/projects/dacon2/src/gen_submission_v53.py:66: PerformanceWarning: DataFrame is highly fragmented.  This is usually the result of calling `frame.insert` many times, which has poor performance.  Consider joining all columns at once using pd.concat(axis=1) instead. To get a de-fragmented frame, use `newframe = frame.copy()`
  df[f'{col}_zscore'] = np.where(
/home/mwoo423/projects/dacon2/src/gen_submission_v53.py:66: PerformanceWarning: DataFrame is highly fragmented.  This is usually the result of calling `frame.insert` many times, which has poor performance.  Consider joining all columns at once using pd.concat(axis=1) instead. To get a de-fragmented frame, use `newframe = frame.copy()`
  df[f'{col}_zscore'] = np.where(
/home/mwoo423/projects/dacon2/src/gen_submission_v53.py:66: PerformanceWarning: DataFrame is highly fragmented.  This is usually the result of calling `frame.insert` many times, which has poor performance.  Consider joining all columns at once using pd.concat(axis=1) instead. To get a de-fragmented frame, use `newframe = frame.copy()`
  df[f'{col}_zscore'] = np.where(
/home/mwoo423/projects/dacon2/src/gen_submission_v53.py:66: PerformanceWarning: DataFrame is highly fragmented.  This is usually the result of calling `frame.insert` many times, which has poor performance.  Consider joining all columns at once using pd.concat(axis=1) instead. To get a de-fragmented frame, use `newframe = frame.copy()`
  df[f'{col}_zscore'] = np.where(
/home/mwoo423/projects/dacon2/src/gen_submission_v53.py:66: PerformanceWarning: DataFrame is highly fragmented.  This is usually the result of calling `frame.insert` many times, which has poor performance.  Consider joining all columns at once using pd.concat(axis=1) instead. To get a de-fragmented frame, use `newframe = frame.copy()`
  df[f'{col}_zscore'] = np.where(
/home/mwoo423/projects/dacon2/src/gen_submission_v53.py:66: PerformanceWarning: DataFrame is highly fragmented.  This is usually the result of calling `frame.insert` many times, which has poor performance.  Consider joining all columns at once using pd.concat(axis=1) instead. To get a de-fragmented frame, use `newframe = frame.copy()`
  df[f'{col}_zscore'] = np.where(
/home/mwoo423/projects/dacon2/src/gen_submission_v53.py:66: PerformanceWarning: DataFrame is highly fragmented.  This is usually the result of calling `frame.insert` many times, which has poor performance.  Consider joining all columns at once using pd.concat(axis=1) instead. To get a de-fragmented frame, use `newframe = frame.copy()`
  df[f'{col}_zscore'] = np.where(
/home/mwoo423/projects/dacon2/src/gen_submission_v53.py:66: PerformanceWarning: DataFrame is highly fragmented.  This is usually the result of calling `frame.insert` many times, which has poor performance.  Consider joining all columns at once using pd.concat(axis=1) instead. To get a de-fragmented frame, use `newframe = frame.copy()`
  df[f'{col}_zscore'] = np.where(
/home/mwoo423/projects/dacon2/src/gen_submission_v53.py:66: PerformanceWarning: DataFrame is highly fragmented.  This is usually the result of calling `frame.insert` many times, which has poor performance.  Consider joining all columns at once using pd.concat(axis=1) instead. To get a de-fragmented frame, use `newframe = frame.copy()`
  df[f'{col}_zscore'] = np.where(
/home/mwoo423/projects/dacon2/src/gen_submission_v53.py:66: PerformanceWarning: DataFrame is highly fragmented.  This is usually the result of calling `frame.insert` many times, which has poor performance.  Consider joining all columns at once using pd.concat(axis=1) instead. To get a de-fragmented frame, use `newframe = frame.copy()`
  df[f'{col}_zscore'] = np.where(
/home/mwoo423/projects/dacon2/src/gen_submission_v53.py:66: PerformanceWarning: DataFrame is highly fragmented.  This is usually the result of calling `frame.insert` many times, which has poor performance.  Consider joining all columns at once using pd.concat(axis=1) instead. To get a de-fragmented frame, use `newframe = frame.copy()`
  df[f'{col}_zscore'] = np.where(
/home/mwoo423/projects/dacon2/src/gen_submission_v53.py:66: PerformanceWarning: DataFrame is highly fragmented.  This is usually the result of calling `frame.insert` many times, which has poor performance.  Consider joining all columns at once using pd.concat(axis=1) instead. To get a de-fragmented frame, use `newframe = frame.copy()`
  df[f'{col}_zscore'] = np.where(
/home/mwoo423/projects/dacon2/src/gen_submission_v53.py:66: PerformanceWarning: DataFrame is highly fragmented.  This is usually the result of calling `frame.insert` many times, which has poor performance.  Consider joining all columns at once using pd.concat(axis=1) instead. To get a de-fragmented frame, use `newframe = frame.copy()`
  df[f'{col}_zscore'] = np.where(
/home/mwoo423/projects/dacon2/src/gen_submission_v53.py:66: PerformanceWarning: DataFrame is highly fragmented.  This is usually the result of calling `frame.insert` many times, which has poor performance.  Consider joining all columns at once using pd.concat(axis=1) instead. To get a de-fragmented frame, use `newframe = frame.copy()`
  df[f'{col}_zscore'] = np.where(
/home/mwoo423/projects/dacon2/src/gen_submission_v53.py:66: PerformanceWarning: DataFrame is highly fragmented.  This is usually the result of calling `frame.insert` many times, which has poor performance.  Consider joining all columns at once using pd.concat(axis=1) instead. To get a de-fragmented frame, use `newframe = frame.copy()`
  df[f'{col}_zscore'] = np.where(
/home/mwoo423/projects/dacon2/src/gen_submission_v53.py:66: PerformanceWarning: DataFrame is highly fragmented.  This is usually the result of calling `frame.insert` many times, which has poor performance.  Consider joining all columns at once using pd.concat(axis=1) instead. To get a de-fragmented frame, use `newframe = frame.copy()`
  df[f'{col}_zscore'] = np.where(
/home/mwoo423/projects/dacon2/src/gen_submission_v53.py:66: PerformanceWarning: DataFrame is highly fragmented.  This is usually the result of calling `frame.insert` many times, which has poor performance.  Consider joining all columns at once using pd.concat(axis=1) instead. To get a de-fragmented frame, use `newframe = frame.copy()`
  df[f'{col}_zscore'] = np.where(
/home/mwoo423/projects/dacon2/src/gen_submission_v53.py:66: PerformanceWarning: DataFrame is highly fragmented.  This is usually the result of calling `frame.insert` many times, which has poor performance.  Consider joining all columns at once using pd.concat(axis=1) instead. To get a de-fragmented frame, use `newframe = frame.copy()`
  df[f'{col}_zscore'] = np.where(
/home/mwoo423/projects/dacon2/src/gen_submission_v53.py:66: PerformanceWarning: DataFrame is highly fragmented.  This is usually the result of calling `frame.insert` many times, which has poor performance.  Consider joining all columns at once using pd.concat(axis=1) instead. To get a de-fragmented frame, use `newframe = frame.copy()`
  df[f'{col}_zscore'] = np.where(
/home/mwoo423/projects/dacon2/src/gen_submission_v53.py:66: PerformanceWarning: DataFrame is highly fragmented.  This is usually the result of calling `frame.insert` many times, which has poor performance.  Consider joining all columns at once using pd.concat(axis=1) instead. To get a de-fragmented frame, use `newframe = frame.copy()`
  df[f'{col}_zscore'] = np.where(
/home/mwoo423/projects/dacon2/src/gen_submission_v53.py:66: PerformanceWarning: DataFrame is highly fragmented.  This is usually the result of calling `frame.insert` many times, which has poor performance.  Consider joining all columns at once using pd.concat(axis=1) instead. To get a de-fragmented frame, use `newframe = frame.copy()`
  df[f'{col}_zscore'] = np.where(
/home/mwoo423/projects/dacon2/src/gen_submission_v53.py:66: PerformanceWarning: DataFrame is highly fragmented.  This is usually the result of calling `frame.insert` many times, which has poor performance.  Consider joining all columns at once using pd.concat(axis=1) instead. To get a de-fragmented frame, use `newframe = frame.copy()`
  df[f'{col}_zscore'] = np.where(
/home/mwoo423/projects/dacon2/src/gen_submission_v53.py:66: PerformanceWarning: DataFrame is highly fragmented.  This is usually the result of calling `frame.insert` many times, which has poor performance.  Consider joining all columns at once using pd.concat(axis=1) instead. To get a de-fragmented frame, use `newframe = frame.copy()`
  df[f'{col}_zscore'] = np.where(
/home/mwoo423/projects/dacon2/src/gen_submission_v53.py:66: PerformanceWarning: DataFrame is highly fragmented.  This is usually the result of calling `frame.insert` many times, which has poor performance.  Consider joining all columns at once using pd.concat(axis=1) instead. To get a de-fragmented frame, use `newframe = frame.copy()`
  df[f'{col}_zscore'] = np.where(
/home/mwoo423/projects/dacon2/src/gen_submission_v53.py:66: PerformanceWarning: DataFrame is highly fragmented.  This is usually the result of calling `frame.insert` many times, which has poor performance.  Consider joining all columns at once using pd.concat(axis=1) instead. To get a de-fragmented frame, use `newframe = frame.copy()`
  df[f'{col}_zscore'] = np.where(
/home/mwoo423/projects/dacon2/src/gen_submission_v53.py:66: PerformanceWarning: DataFrame is highly fragmented.  This is usually the result of calling `frame.insert` many times, which has poor performance.  Consider joining all columns at once using pd.concat(axis=1) instead. To get a de-fragmented frame, use `newframe = frame.copy()`
  df[f'{col}_zscore'] = np.where(
/home/mwoo423/projects/dacon2/src/gen_submission_v53.py:66: PerformanceWarning: DataFrame is highly fragmented.  This is usually the result of calling `frame.insert` many times, which has poor performance.  Consider joining all columns at once using pd.concat(axis=1) instead. To get a de-fragmented frame, use `newframe = frame.copy()`
  df[f'{col}_zscore'] = np.where(
/home/mwoo423/projects/dacon2/src/gen_submission_v53.py:66: PerformanceWarning: DataFrame is highly fragmented.  This is usually the result of calling `frame.insert` many times, which has poor performance.  Consider joining all columns at once using pd.concat(axis=1) instead. To get a de-fragmented frame, use `newframe = frame.copy()`
  df[f'{col}_zscore'] = np.where(
/home/mwoo423/projects/dacon2/src/gen_submission_v53.py:66: PerformanceWarning: DataFrame is highly fragmented.  This is usually the result of calling `frame.insert` many times, which has poor performance.  Consider joining all columns at once using pd.concat(axis=1) instead. To get a de-fragmented frame, use `newframe = frame.copy()`
  df[f'{col}_zscore'] = np.where(
/home/mwoo423/projects/dacon2/src/gen_submission_v53.py:66: PerformanceWarning: DataFrame is highly fragmented.  This is usually the result of calling `frame.insert` many times, which has poor performance.  Consider joining all columns at once using pd.concat(axis=1) instead. To get a de-fragmented frame, use `newframe = frame.copy()`
  df[f'{col}_zscore'] = np.where(
/home/mwoo423/projects/dacon2/src/gen_submission_v53.py:66: PerformanceWarning: DataFrame is highly fragmented.  This is usually the result of calling `frame.insert` many times, which has poor performance.  Consider joining all columns at once using pd.concat(axis=1) instead. To get a de-fragmented frame, use `newframe = frame.copy()`
  df[f'{col}_zscore'] = np.where(
/home/mwoo423/projects/dacon2/src/gen_submission_v53.py:66: PerformanceWarning: DataFrame is highly fragmented.  This is usually the result of calling `frame.insert` many times, which has poor performance.  Consider joining all columns at once using pd.concat(axis=1) instead. To get a de-fragmented frame, use `newframe = frame.copy()`
  df[f'{col}_zscore'] = np.where(
/home/mwoo423/projects/dacon2/src/gen_submission_v53.py:66: PerformanceWarning: DataFrame is highly fragmented.  This is usually the result of calling `frame.insert` many times, which has poor performance.  Consider joining all columns at once using pd.concat(axis=1) instead. To get a de-fragmented frame, use `newframe = frame.copy()`
  df[f'{col}_zscore'] = np.where(
/home/mwoo423/projects/dacon2/src/gen_submission_v53.py:66: PerformanceWarning: DataFrame is highly fragmented.  This is usually the result of calling `frame.insert` many times, which has poor performance.  Consider joining all columns at once using pd.concat(axis=1) instead. To get a de-fragmented frame, use `newframe = frame.copy()`
  df[f'{col}_zscore'] = np.where(
/home/mwoo423/projects/dacon2/src/gen_submission_v53.py:66: PerformanceWarning: DataFrame is highly fragmented.  This is usually the result of calling `frame.insert` many times, which has poor performance.  Consider joining all columns at once using pd.concat(axis=1) instead. To get a de-fragmented frame, use `newframe = frame.copy()`
  df[f'{col}_zscore'] = np.where(
/home/mwoo423/projects/dacon2/src/gen_submission_v53.py:66: PerformanceWarning: DataFrame is highly fragmented.  This is usually the result of calling `frame.insert` many times, which has poor performance.  Consider joining all columns at once using pd.concat(axis=1) instead. To get a de-fragmented frame, use `newframe = frame.copy()`
  df[f'{col}_zscore'] = np.where(
/home/mwoo423/projects/dacon2/src/gen_submission_v53.py:66: PerformanceWarning: DataFrame is highly fragmented.  This is usually the result of calling `frame.insert` many times, which has poor performance.  Consider joining all columns at once using pd.concat(axis=1) instead. To get a de-fragmented frame, use `newframe = frame.copy()`
  df[f'{col}_zscore'] = np.where(
/home/mwoo423/projects/dacon2/src/gen_submission_v53.py:66: PerformanceWarning: DataFrame is highly fragmented.  This is usually the result of calling `frame.insert` many times, which has poor performance.  Consider joining all columns at once using pd.concat(axis=1) instead. To get a de-fragmented frame, use `newframe = frame.copy()`
  df[f'{col}_zscore'] = np.where(
/home/mwoo423/projects/dacon2/src/gen_submission_v53.py:66: PerformanceWarning: DataFrame is highly fragmented.  This is usually the result of calling `frame.insert` many times, which has poor performance.  Consider joining all columns at once using pd.concat(axis=1) instead. To get a de-fragmented frame, use `newframe = frame.copy()`
  df[f'{col}_zscore'] = np.where(
/home/mwoo423/projects/dacon2/src/gen_submission_v53.py:66: PerformanceWarning: DataFrame is highly fragmented.  This is usually the result of calling `frame.insert` many times, which has poor performance.  Consider joining all columns at once using pd.concat(axis=1) instead. To get a de-fragmented frame, use `newframe = frame.copy()`
  df[f'{col}_zscore'] = np.where(
/home/mwoo423/projects/dacon2/src/gen_submission_v53.py:66: PerformanceWarning: DataFrame is highly fragmented.  This is usually the result of calling `frame.insert` many times, which has poor performance.  Consider joining all columns at once using pd.concat(axis=1) instead. To get a de-fragmented frame, use `newframe = frame.copy()`
  df[f'{col}_zscore'] = np.where(
/home/mwoo423/projects/dacon2/src/gen_submission_v53.py:66: PerformanceWarning: DataFrame is highly fragmented.  This is usually the result of calling `frame.insert` many times, which has poor performance.  Consider joining all columns at once using pd.concat(axis=1) instead. To get a de-fragmented frame, use `newframe = frame.copy()`
  df[f'{col}_zscore'] = np.where(
/home/mwoo423/projects/dacon2/src/gen_submission_v53.py:66: PerformanceWarning: DataFrame is highly fragmented.  This is usually the result of calling `frame.insert` many times, which has poor performance.  Consider joining all columns at once using pd.concat(axis=1) instead. To get a de-fragmented frame, use `newframe = frame.copy()`
  df[f'{col}_zscore'] = np.where(
/home/mwoo423/projects/dacon2/src/gen_submission_v53.py:66: PerformanceWarning: DataFrame is highly fragmented.  This is usually the result of calling `frame.insert` many times, which has poor performance.  Consider joining all columns at once using pd.concat(axis=1) instead. To get a de-fragmented frame, use `newframe = frame.copy()`
  df[f'{col}_zscore'] = np.where(
/home/mwoo423/projects/dacon2/src/gen_submission_v53.py:66: PerformanceWarning: DataFrame is highly fragmented.  This is usually the result of calling `frame.insert` many times, which has poor performance.  Consider joining all columns at once using pd.concat(axis=1) instead. To get a de-fragmented frame, use `newframe = frame.copy()`
  df[f'{col}_zscore'] = np.where(
/home/mwoo423/projects/dacon2/src/gen_submission_v53.py:66: PerformanceWarning: DataFrame is highly fragmented.  This is usually the result of calling `frame.insert` many times, which has poor performance.  Consider joining all columns at once using pd.concat(axis=1) instead. To get a de-fragmented frame, use `newframe = frame.copy()`
  df[f'{col}_zscore'] = np.where(
/home/mwoo423/projects/dacon2/src/gen_submission_v53.py:66: PerformanceWarning: DataFrame is highly fragmented.  This is usually the result of calling `frame.insert` many times, which has poor performance.  Consider joining all columns at once using pd.concat(axis=1) instead. To get a de-fragmented frame, use `newframe = frame.copy()`
  df[f'{col}_zscore'] = np.where(
/home/mwoo423/projects/dacon2/src/gen_submission_v53.py:66: PerformanceWarning: DataFrame is highly fragmented.  This is usually the result of calling `frame.insert` many times, which has poor performance.  Consider joining all columns at once using pd.concat(axis=1) instead. To get a de-fragmented frame, use `newframe = frame.copy()`
  df[f'{col}_zscore'] = np.where(
/home/mwoo423/projects/dacon2/src/gen_submission_v53.py:66: PerformanceWarning: DataFrame is highly fragmented.  This is usually the result of calling `frame.insert` many times, which has poor performance.  Consider joining all columns at once using pd.concat(axis=1) instead. To get a de-fragmented frame, use `newframe = frame.copy()`
  df[f'{col}_zscore'] = np.where(
/home/mwoo423/projects/dacon2/src/gen_submission_v53.py:66: PerformanceWarning: DataFrame is highly fragmented.  This is usually the result of calling `frame.insert` many times, which has poor performance.  Consider joining all columns at once using pd.concat(axis=1) instead. To get a de-fragmented frame, use `newframe = frame.copy()`
  df[f'{col}_zscore'] = np.where(
/home/mwoo423/projects/dacon2/src/gen_submission_v53.py:66: PerformanceWarning: DataFrame is highly fragmented.  This is usually the result of calling `frame.insert` many times, which has poor performance.  Consider joining all columns at once using pd.concat(axis=1) instead. To get a de-fragmented frame, use `newframe = frame.copy()`
  df[f'{col}_zscore'] = np.where(
/home/mwoo423/projects/dacon2/src/gen_submission_v53.py:66: PerformanceWarning: DataFrame is highly fragmented.  This is usually the result of calling `frame.insert` many times, which has poor performance.  Consider joining all columns at once using pd.concat(axis=1) instead. To get a de-fragmented frame, use `newframe = frame.copy()`
  df[f'{col}_zscore'] = np.where(
/home/mwoo423/projects/dacon2/src/gen_submission_v53.py:66: PerformanceWarning: DataFrame is highly fragmented.  This is usually the result of calling `frame.insert` many times, which has poor performance.  Consider joining all columns at once using pd.concat(axis=1) instead. To get a de-fragmented frame, use `newframe = frame.copy()`
  df[f'{col}_zscore'] = np.where(
/home/mwoo423/projects/dacon2/src/gen_submission_v53.py:66: PerformanceWarning: DataFrame is highly fragmented.  This is usually the result of calling `frame.insert` many times, which has poor performance.  Consider joining all columns at once using pd.concat(axis=1) instead. To get a de-fragmented frame, use `newframe = frame.copy()`
  df[f'{col}_zscore'] = np.where(
/home/mwoo423/projects/dacon2/src/gen_submission_v53.py:66: PerformanceWarning: DataFrame is highly fragmented.  This is usually the result of calling `frame.insert` many times, which has poor performance.  Consider joining all columns at once using pd.concat(axis=1) instead. To get a de-fragmented frame, use `newframe = frame.copy()`
  df[f'{col}_zscore'] = np.where(
/home/mwoo423/projects/dacon2/src/gen_submission_v53.py:66: PerformanceWarning: DataFrame is highly fragmented.  This is usually the result of calling `frame.insert` many times, which has poor performance.  Consider joining all columns at once using pd.concat(axis=1) instead. To get a de-fragmented frame, use `newframe = frame.copy()`
  df[f'{col}_zscore'] = np.where(
/home/mwoo423/projects/dacon2/src/gen_submission_v53.py:66: PerformanceWarning: DataFrame is highly fragmented.  This is usually the result of calling `frame.insert` many times, which has poor performance.  Consider joining all columns at once using pd.concat(axis=1) instead. To get a de-fragmented frame, use `newframe = frame.copy()`
  df[f'{col}_zscore'] = np.where(
/home/mwoo423/projects/dacon2/src/gen_submission_v53.py:66: PerformanceWarning: DataFrame is highly fragmented.  This is usually the result of calling `frame.insert` many times, which has poor performance.  Consider joining all columns at once using pd.concat(axis=1) instead. To get a de-fragmented frame, use `newframe = frame.copy()`
  df[f'{col}_zscore'] = np.where(
/home/mwoo423/projects/dacon2/src/gen_submission_v53.py:66: PerformanceWarning: DataFrame is highly fragmented.  This is usually the result of calling `frame.insert` many times, which has poor performance.  Consider joining all columns at once using pd.concat(axis=1) instead. To get a de-fragmented frame, use `newframe = frame.copy()`
  df[f'{col}_zscore'] = np.where(
/home/mwoo423/projects/dacon2/src/gen_submission_v53.py:66: PerformanceWarning: DataFrame is highly fragmented.  This is usually the result of calling `frame.insert` many times, which has poor performance.  Consider joining all columns at once using pd.concat(axis=1) instead. To get a de-fragmented frame, use `newframe = frame.copy()`
  df[f'{col}_zscore'] = np.where(
/home/mwoo423/projects/dacon2/src/gen_submission_v53.py:66: PerformanceWarning: DataFrame is highly fragmented.  This is usually the result of calling `frame.insert` many times, which has poor performance.  Consider joining all columns at once using pd.concat(axis=1) instead. To get a de-fragmented frame, use `newframe = frame.copy()`
  df[f'{col}_zscore'] = np.where(
/home/mwoo423/projects/dacon2/src/gen_submission_v53.py:66: PerformanceWarning: DataFrame is highly fragmented.  This is usually the result of calling `frame.insert` many times, which has poor performance.  Consider joining all columns at once using pd.concat(axis=1) instead. To get a de-fragmented frame, use `newframe = frame.copy()`
  df[f'{col}_zscore'] = np.where(
/home/mwoo423/projects/dacon2/src/gen_submission_v53.py:66: PerformanceWarning: DataFrame is highly fragmented.  This is usually the result of calling `frame.insert` many times, which has poor performance.  Consider joining all columns at once using pd.concat(axis=1) instead. To get a de-fragmented frame, use `newframe = frame.copy()`
  df[f'{col}_zscore'] = np.where(
/home/mwoo423/projects/dacon2/src/gen_submission_v53.py:66: PerformanceWarning: DataFrame is highly fragmented.  This is usually the result of calling `frame.insert` many times, which has poor performance.  Consider joining all columns at once using pd.concat(axis=1) instead. To get a de-fragmented frame, use `newframe = frame.copy()`
  df[f'{col}_zscore'] = np.where(
/home/mwoo423/projects/dacon2/src/gen_submission_v53.py:66: PerformanceWarning: DataFrame is highly fragmented.  This is usually the result of calling `frame.insert` many times, which has poor performance.  Consider joining all columns at once using pd.concat(axis=1) instead. To get a de-fragmented frame, use `newframe = frame.copy()`
  df[f'{col}_zscore'] = np.where(
/home/mwoo423/projects/dacon2/src/gen_submission_v53.py:66: PerformanceWarning: DataFrame is highly fragmented.  This is usually the result of calling `frame.insert` many times, which has poor performance.  Consider joining all columns at once using pd.concat(axis=1) instead. To get a de-fragmented frame, use `newframe = frame.copy()`
  df[f'{col}_zscore'] = np.where(
/home/mwoo423/projects/dacon2/src/gen_submission_v53.py:66: PerformanceWarning: DataFrame is highly fragmented.  This is usually the result of calling `frame.insert` many times, which has poor performance.  Consider joining all columns at once using pd.concat(axis=1) instead. To get a de-fragmented frame, use `newframe = frame.copy()`
  df[f'{col}_zscore'] = np.where(
/home/mwoo423/projects/dacon2/src/gen_submission_v53.py:66: PerformanceWarning: DataFrame is highly fragmented.  This is usually the result of calling `frame.insert` many times, which has poor performance.  Consider joining all columns at once using pd.concat(axis=1) instead. To get a de-fragmented frame, use `newframe = frame.copy()`
  df[f'{col}_zscore'] = np.where(
/home/mwoo423/projects/dacon2/src/gen_submission_v53.py:66: PerformanceWarning: DataFrame is highly fragmented.  This is usually the result of calling `frame.insert` many times, which has poor performance.  Consider joining all columns at once using pd.concat(axis=1) instead. To get a de-fragmented frame, use `newframe = frame.copy()`
  df[f'{col}_zscore'] = np.where(
/home/mwoo423/projects/dacon2/src/gen_submission_v53.py:66: PerformanceWarning: DataFrame is highly fragmented.  This is usually the result of calling `frame.insert` many times, which has poor performance.  Consider joining all columns at once using pd.concat(axis=1) instead. To get a de-fragmented frame, use `newframe = frame.copy()`
  df[f'{col}_zscore'] = np.where(
/home/mwoo423/projects/dacon2/src/gen_submission_v53.py:66: PerformanceWarning: DataFrame is highly fragmented.  This is usually the result of calling `frame.insert` many times, which has poor performance.  Consider joining all columns at once using pd.concat(axis=1) instead. To get a de-fragmented frame, use `newframe = frame.copy()`
  df[f'{col}_zscore'] = np.where(
/home/mwoo423/projects/dacon2/src/gen_submission_v53.py:66: PerformanceWarning: DataFrame is highly fragmented.  This is usually the result of calling `frame.insert` many times, which has poor performance.  Consider joining all columns at once using pd.concat(axis=1) instead. To get a de-fragmented frame, use `newframe = frame.copy()`
  df[f'{col}_zscore'] = np.where(
/home/mwoo423/projects/dacon2/src/gen_submission_v53.py:66: PerformanceWarning: DataFrame is highly fragmented.  This is usually the result of calling `frame.insert` many times, which has poor performance.  Consider joining all columns at once using pd.concat(axis=1) instead. To get a de-fragmented frame, use `newframe = frame.copy()`
  df[f'{col}_zscore'] = np.where(
/home/mwoo423/projects/dacon2/src/gen_submission_v53.py:66: PerformanceWarning: DataFrame is highly fragmented.  This is usually the result of calling `frame.insert` many times, which has poor performance.  Consider joining all columns at once using pd.concat(axis=1) instead. To get a de-fragmented frame, use `newframe = frame.copy()`
  df[f'{col}_zscore'] = np.where(
/home/mwoo423/projects/dacon2/src/gen_submission_v53.py:66: PerformanceWarning: DataFrame is highly fragmented.  This is usually the result of calling `frame.insert` many times, which has poor performance.  Consider joining all columns at once using pd.concat(axis=1) instead. To get a de-fragmented frame, use `newframe = frame.copy()`
  df[f'{col}_zscore'] = np.where(
/home/mwoo423/projects/dacon2/src/gen_submission_v53.py:66: PerformanceWarning: DataFrame is highly fragmented.  This is usually the result of calling `frame.insert` many times, which has poor performance.  Consider joining all columns at once using pd.concat(axis=1) instead. To get a de-fragmented frame, use `newframe = frame.copy()`
  df[f'{col}_zscore'] = np.where(
/home/mwoo423/projects/dacon2/src/gen_submission_v53.py:66: PerformanceWarning: DataFrame is highly fragmented.  This is usually the result of calling `frame.insert` many times, which has poor performance.  Consider joining all columns at once using pd.concat(axis=1) instead. To get a de-fragmented frame, use `newframe = frame.copy()`
  df[f'{col}_zscore'] = np.where(
/home/mwoo423/projects/dacon2/src/gen_submission_v53.py:66: PerformanceWarning: DataFrame is highly fragmented.  This is usually the result of calling `frame.insert` many times, which has poor performance.  Consider joining all columns at once using pd.concat(axis=1) instead. To get a de-fragmented frame, use `newframe = frame.copy()`
  df[f'{col}_zscore'] = np.where(
/home/mwoo423/projects/dacon2/src/gen_submission_v53.py:66: PerformanceWarning: DataFrame is highly fragmented.  This is usually the result of calling `frame.insert` many times, which has poor performance.  Consider joining all columns at once using pd.concat(axis=1) instead. To get a de-fragmented frame, use `newframe = frame.copy()`
  df[f'{col}_zscore'] = np.where(
/home/mwoo423/projects/dacon2/src/gen_submission_v53.py:66: PerformanceWarning: DataFrame is highly fragmented.  This is usually the result of calling `frame.insert` many times, which has poor performance.  Consider joining all columns at once using pd.concat(axis=1) instead. To get a de-fragmented frame, use `newframe = frame.copy()`
  df[f'{col}_zscore'] = np.where(
/home/mwoo423/projects/dacon2/src/gen_submission_v53.py:66: PerformanceWarning: DataFrame is highly fragmented.  This is usually the result of calling `frame.insert` many times, which has poor performance.  Consider joining all columns at once using pd.concat(axis=1) instead. To get a de-fragmented frame, use `newframe = frame.copy()`
  df[f'{col}_zscore'] = np.where(
/home/mwoo423/projects/dacon2/src/gen_submission_v53.py:66: PerformanceWarning: DataFrame is highly fragmented.  This is usually the result of calling `frame.insert` many times, which has poor performance.  Consider joining all columns at once using pd.concat(axis=1) instead. To get a de-fragmented frame, use `newframe = frame.copy()`
  df[f'{col}_zscore'] = np.where(
/home/mwoo423/projects/dacon2/src/gen_submission_v53.py:66: PerformanceWarning: DataFrame is highly fragmented.  This is usually the result of calling `frame.insert` many times, which has poor performance.  Consider joining all columns at once using pd.concat(axis=1) instead. To get a de-fragmented frame, use `newframe = frame.copy()`
  df[f'{col}_zscore'] = np.where(
/home/mwoo423/projects/dacon2/src/gen_submission_v53.py:66: PerformanceWarning: DataFrame is highly fragmented.  This is usually the result of calling `frame.insert` many times, which has poor performance.  Consider joining all columns at once using pd.concat(axis=1) instead. To get a de-fragmented frame, use `newframe = frame.copy()`
  df[f'{col}_zscore'] = np.where(
/home/mwoo423/projects/dacon2/src/gen_submission_v53.py:66: PerformanceWarning: DataFrame is highly fragmented.  This is usually the result of calling `frame.insert` many times, which has poor performance.  Consider joining all columns at once using pd.concat(axis=1) instead. To get a de-fragmented frame, use `newframe = frame.copy()`
  df[f'{col}_zscore'] = np.where(
/home/mwoo423/projects/dacon2/src/gen_submission_v53.py:66: PerformanceWarning: DataFrame is highly fragmented.  This is usually the result of calling `frame.insert` many times, which has poor performance.  Consider joining all columns at once using pd.concat(axis=1) instead. To get a de-fragmented frame, use `newframe = frame.copy()`
  df[f'{col}_zscore'] = np.where(
/home/mwoo423/projects/dacon2/src/gen_submission_v53.py:66: PerformanceWarning: DataFrame is highly fragmented.  This is usually the result of calling `frame.insert` many times, which has poor performance.  Consider joining all columns at once using pd.concat(axis=1) instead. To get a de-fragmented frame, use `newframe = frame.copy()`
  df[f'{col}_zscore'] = np.where(
/home/mwoo423/projects/dacon2/src/gen_submission_v53.py:66: PerformanceWarning: DataFrame is highly fragmented.  This is usually the result of calling `frame.insert` many times, which has poor performance.  Consider joining all columns at once using pd.concat(axis=1) instead. To get a de-fragmented frame, use `newframe = frame.copy()`
  df[f'{col}_zscore'] = np.where(
/home/mwoo423/projects/dacon2/src/gen_submission_v53.py:66: PerformanceWarning: DataFrame is highly fragmented.  This is usually the result of calling `frame.insert` many times, which has poor performance.  Consider joining all columns at once using pd.concat(axis=1) instead. To get a de-fragmented frame, use `newframe = frame.copy()`
  df[f'{col}_zscore'] = np.where(
/home/mwoo423/projects/dacon2/src/gen_submission_v53.py:66: PerformanceWarning: DataFrame is highly fragmented.  This is usually the result of calling `frame.insert` many times, which has poor performance.  Consider joining all columns at once using pd.concat(axis=1) instead. To get a de-fragmented frame, use `newframe = frame.copy()`
  df[f'{col}_zscore'] = np.where(
/home/mwoo423/projects/dacon2/src/gen_submission_v53.py:66: PerformanceWarning: DataFrame is highly fragmented.  This is usually the result of calling `frame.insert` many times, which has poor performance.  Consider joining all columns at once using pd.concat(axis=1) instead. To get a de-fragmented frame, use `newframe = frame.copy()`
  df[f'{col}_zscore'] = np.where(
/home/mwoo423/projects/dacon2/src/gen_submission_v53.py:66: PerformanceWarning: DataFrame is highly fragmented.  This is usually the result of calling `frame.insert` many times, which has poor performance.  Consider joining all columns at once using pd.concat(axis=1) instead. To get a de-fragmented frame, use `newframe = frame.copy()`
  df[f'{col}_zscore'] = np.where(
/home/mwoo423/projects/dacon2/src/gen_submission_v53.py:66: PerformanceWarning: DataFrame is highly fragmented.  This is usually the result of calling `frame.insert` many times, which has poor performance.  Consider joining all columns at once using pd.concat(axis=1) instead. To get a de-fragmented frame, use `newframe = frame.copy()`
  df[f'{col}_zscore'] = np.where(
/home/mwoo423/projects/dacon2/src/gen_submission_v53.py:66: PerformanceWarning: DataFrame is highly fragmented.  This is usually the result of calling `frame.insert` many times, which has poor performance.  Consider joining all columns at once using pd.concat(axis=1) instead. To get a de-fragmented frame, use `newframe = frame.copy()`
  df[f'{col}_zscore'] = np.where(
/home/mwoo423/projects/dacon2/src/gen_submission_v53.py:66: PerformanceWarning: DataFrame is highly fragmented.  This is usually the result of calling `frame.insert` many times, which has poor performance.  Consider joining all columns at once using pd.concat(axis=1) instead. To get a de-fragmented frame, use `newframe = frame.copy()`
  df[f'{col}_zscore'] = np.where(
/home/mwoo423/projects/dacon2/src/gen_submission_v53.py:66: PerformanceWarning: DataFrame is highly fragmented.  This is usually the result of calling `frame.insert` many times, which has poor performance.  Consider joining all columns at once using pd.concat(axis=1) instead. To get a de-fragmented frame, use `newframe = frame.copy()`
  df[f'{col}_zscore'] = np.where(
/home/mwoo423/projects/dacon2/src/gen_submission_v53.py:66: PerformanceWarning: DataFrame is highly fragmented.  This is usually the result of calling `frame.insert` many times, which has poor performance.  Consider joining all columns at once using pd.concat(axis=1) instead. To get a de-fragmented frame, use `newframe = frame.copy()`
  df[f'{col}_zscore'] = np.where(
/home/mwoo423/projects/dacon2/src/gen_submission_v53.py:66: PerformanceWarning: DataFrame is highly fragmented.  This is usually the result of calling `frame.insert` many times, which has poor performance.  Consider joining all columns at once using pd.concat(axis=1) instead. To get a de-fragmented frame, use `newframe = frame.copy()`
  df[f'{col}_zscore'] = np.where(
/home/mwoo423/projects/dacon2/src/gen_submission_v53.py:66: PerformanceWarning: DataFrame is highly fragmented.  This is usually the result of calling `frame.insert` many times, which has poor performance.  Consider joining all columns at once using pd.concat(axis=1) instead. To get a de-fragmented frame, use `newframe = frame.copy()`
  df[f'{col}_zscore'] = np.where(
/home/mwoo423/projects/dacon2/src/gen_submission_v53.py:66: PerformanceWarning: DataFrame is highly fragmented.  This is usually the result of calling `frame.insert` many times, which has poor performance.  Consider joining all columns at once using pd.concat(axis=1) instead. To get a de-fragmented frame, use `newframe = frame.copy()`
  df[f'{col}_zscore'] = np.where(
/home/mwoo423/projects/dacon2/src/gen_submission_v53.py:66: PerformanceWarning: DataFrame is highly fragmented.  This is usually the result of calling `frame.insert` many times, which has poor performance.  Consider joining all columns at once using pd.concat(axis=1) instead. To get a de-fragmented frame, use `newframe = frame.copy()`
  df[f'{col}_zscore'] = np.where(
/home/mwoo423/projects/dacon2/src/gen_submission_v53.py:66: PerformanceWarning: DataFrame is highly fragmented.  This is usually the result of calling `frame.insert` many times, which has poor performance.  Consider joining all columns at once using pd.concat(axis=1) instead. To get a de-fragmented frame, use `newframe = frame.copy()`
  df[f'{col}_zscore'] = np.where(
/home/mwoo423/projects/dacon2/src/gen_submission_v53.py:66: PerformanceWarning: DataFrame is highly fragmented.  This is usually the result of calling `frame.insert` many times, which has poor performance.  Consider joining all columns at once using pd.concat(axis=1) instead. To get a de-fragmented frame, use `newframe = frame.copy()`
  df[f'{col}_zscore'] = np.where(
/home/mwoo423/projects/dacon2/src/gen_submission_v53.py:66: PerformanceWarning: DataFrame is highly fragmented.  This is usually the result of calling `frame.insert` many times, which has poor performance.  Consider joining all columns at once using pd.concat(axis=1) instead. To get a de-fragmented frame, use `newframe = frame.copy()`
  df[f'{col}_zscore'] = np.where(
/home/mwoo423/projects/dacon2/src/gen_submission_v53.py:66: PerformanceWarning: DataFrame is highly fragmented.  This is usually the result of calling `frame.insert` many times, which has poor performance.  Consider joining all columns at once using pd.concat(axis=1) instead. To get a de-fragmented frame, use `newframe = frame.copy()`
  df[f'{col}_zscore'] = np.where(
/home/mwoo423/projects/dacon2/src/gen_submission_v53.py:66: PerformanceWarning: DataFrame is highly fragmented.  This is usually the result of calling `frame.insert` many times, which has poor performance.  Consider joining all columns at once using pd.concat(axis=1) instead. To get a de-fragmented frame, use `newframe = frame.copy()`
  df[f'{col}_zscore'] = np.where(
/home/mwoo423/projects/dacon2/src/gen_submission_v53.py:66: PerformanceWarning: DataFrame is highly fragmented.  This is usually the result of calling `frame.insert` many times, which has poor performance.  Consider joining all columns at once using pd.concat(axis=1) instead. To get a de-fragmented frame, use `newframe = frame.copy()`
  df[f'{col}_zscore'] = np.where(
/home/mwoo423/projects/dacon2/src/gen_submission_v53.py:66: PerformanceWarning: DataFrame is highly fragmented.  This is usually the result of calling `frame.insert` many times, which has poor performance.  Consider joining all columns at once using pd.concat(axis=1) instead. To get a de-fragmented frame, use `newframe = frame.copy()`
  df[f'{col}_zscore'] = np.where(
/home/mwoo423/projects/dacon2/src/gen_submission_v53.py:66: PerformanceWarning: DataFrame is highly fragmented.  This is usually the result of calling `frame.insert` many times, which has poor performance.  Consider joining all columns at once using pd.concat(axis=1) instead. To get a de-fragmented frame, use `newframe = frame.copy()`
  df[f'{col}_zscore'] = np.where(
/home/mwoo423/projects/dacon2/src/gen_submission_v53.py:66: PerformanceWarning: DataFrame is highly fragmented.  This is usually the result of calling `frame.insert` many times, which has poor performance.  Consider joining all columns at once using pd.concat(axis=1) instead. To get a de-fragmented frame, use `newframe = frame.copy()`
  df[f'{col}_zscore'] = np.where(
/home/mwoo423/projects/dacon2/src/gen_submission_v53.py:66: PerformanceWarning: DataFrame is highly fragmented.  This is usually the result of calling `frame.insert` many times, which has poor performance.  Consider joining all columns at once using pd.concat(axis=1) instead. To get a de-fragmented frame, use `newframe = frame.copy()`
  df[f'{col}_zscore'] = np.where(
/home/mwoo423/projects/dacon2/src/gen_submission_v53.py:66: PerformanceWarning: DataFrame is highly fragmented.  This is usually the result of calling `frame.insert` many times, which has poor performance.  Consider joining all columns at once using pd.concat(axis=1) instead. To get a de-fragmented frame, use `newframe = frame.copy()`
  df[f'{col}_zscore'] = np.where(
/home/mwoo423/projects/dacon2/src/gen_submission_v53.py:66: PerformanceWarning: DataFrame is highly fragmented.  This is usually the result of calling `frame.insert` many times, which has poor performance.  Consider joining all columns at once using pd.concat(axis=1) instead. To get a de-fragmented frame, use `newframe = frame.copy()`
  df[f'{col}_zscore'] = np.where(
/home/mwoo423/projects/dacon2/src/gen_submission_v53.py:66: PerformanceWarning: DataFrame is highly fragmented.  This is usually the result of calling `frame.insert` many times, which has poor performance.  Consider joining all columns at once using pd.concat(axis=1) instead. To get a de-fragmented frame, use `newframe = frame.copy()`
  df[f'{col}_zscore'] = np.where(
/home/mwoo423/projects/dacon2/src/gen_submission_v53.py:66: PerformanceWarning: DataFrame is highly fragmented.  This is usually the result of calling `frame.insert` many times, which has poor performance.  Consider joining all columns at once using pd.concat(axis=1) instead. To get a de-fragmented frame, use `newframe = frame.copy()`
  df[f'{col}_zscore'] = np.where(
/home/mwoo423/projects/dacon2/src/gen_submission_v53.py:66: PerformanceWarning: DataFrame is highly fragmented.  This is usually the result of calling `frame.insert` many times, which has poor performance.  Consider joining all columns at once using pd.concat(axis=1) instead. To get a de-fragmented frame, use `newframe = frame.copy()`
  df[f'{col}_zscore'] = np.where(
/home/mwoo423/projects/dacon2/src/gen_submission_v53.py:66: PerformanceWarning: DataFrame is highly fragmented.  This is usually the result of calling `frame.insert` many times, which has poor performance.  Consider joining all columns at once using pd.concat(axis=1) instead. To get a de-fragmented frame, use `newframe = frame.copy()`
  df[f'{col}_zscore'] = np.where(
/home/mwoo423/projects/dacon2/src/gen_submission_v53.py:66: PerformanceWarning: DataFrame is highly fragmented.  This is usually the result of calling `frame.insert` many times, which has poor performance.  Consider joining all columns at once using pd.concat(axis=1) instead. To get a de-fragmented frame, use `newframe = frame.copy()`
  df[f'{col}_zscore'] = np.where(
/home/mwoo423/projects/dacon2/src/gen_submission_v53.py:66: PerformanceWarning: DataFrame is highly fragmented.  This is usually the result of calling `frame.insert` many times, which has poor performance.  Consider joining all columns at once using pd.concat(axis=1) instead. To get a de-fragmented frame, use `newframe = frame.copy()`
  df[f'{col}_zscore'] = np.where(
/home/mwoo423/projects/dacon2/src/gen_submission_v53.py:66: PerformanceWarning: DataFrame is highly fragmented.  This is usually the result of calling `frame.insert` many times, which has poor performance.  Consider joining all columns at once using pd.concat(axis=1) instead. To get a de-fragmented frame, use `newframe = frame.copy()`
  df[f'{col}_zscore'] = np.where(
/home/mwoo423/projects/dacon2/src/gen_submission_v53.py:66: PerformanceWarning: DataFrame is highly fragmented.  This is usually the result of calling `frame.insert` many times, which has poor performance.  Consider joining all columns at once using pd.concat(axis=1) instead. To get a de-fragmented frame, use `newframe = frame.copy()`
  df[f'{col}_zscore'] = np.where(
/home/mwoo423/projects/dacon2/src/gen_submission_v53.py:66: PerformanceWarning: DataFrame is highly fragmented.  This is usually the result of calling `frame.insert` many times, which has poor performance.  Consider joining all columns at once using pd.concat(axis=1) instead. To get a de-fragmented frame, use `newframe = frame.copy()`
  df[f'{col}_zscore'] = np.where(
/home/mwoo423/projects/dacon2/src/gen_submission_v53.py:66: PerformanceWarning: DataFrame is highly fragmented.  This is usually the result of calling `frame.insert` many times, which has poor performance.  Consider joining all columns at once using pd.concat(axis=1) instead. To get a de-fragmented frame, use `newframe = frame.copy()`
  df[f'{col}_zscore'] = np.where(
/home/mwoo423/projects/dacon2/src/gen_submission_v53.py:66: PerformanceWarning: DataFrame is highly fragmented.  This is usually the result of calling `frame.insert` many times, which has poor performance.  Consider joining all columns at once using pd.concat(axis=1) instead. To get a de-fragmented frame, use `newframe = frame.copy()`
  df[f'{col}_zscore'] = np.where(
/home/mwoo423/projects/dacon2/src/gen_submission_v53.py:66: PerformanceWarning: DataFrame is highly fragmented.  This is usually the result of calling `frame.insert` many times, which has poor performance.  Consider joining all columns at once using pd.concat(axis=1) instead. To get a de-fragmented frame, use `newframe = frame.copy()`
  df[f'{col}_zscore'] = np.where(
/home/mwoo423/projects/dacon2/src/gen_submission_v53.py:66: PerformanceWarning: DataFrame is highly fragmented.  This is usually the result of calling `frame.insert` many times, which has poor performance.  Consider joining all columns at once using pd.concat(axis=1) instead. To get a de-fragmented frame, use `newframe = frame.copy()`
  df[f'{col}_zscore'] = np.where(
/home/mwoo423/projects/dacon2/src/gen_submission_v53.py:66: PerformanceWarning: DataFrame is highly fragmented.  This is usually the result of calling `frame.insert` many times, which has poor performance.  Consider joining all columns at once using pd.concat(axis=1) instead. To get a de-fragmented frame, use `newframe = frame.copy()`
  df[f'{col}_zscore'] = np.where(
/home/mwoo423/projects/dacon2/src/gen_submission_v53.py:66: PerformanceWarning: DataFrame is highly fragmented.  This is usually the result of calling `frame.insert` many times, which has poor performance.  Consider joining all columns at once using pd.concat(axis=1) instead. To get a de-fragmented frame, use `newframe = frame.copy()`
  df[f'{col}_zscore'] = np.where(
/home/mwoo423/projects/dacon2/src/gen_submission_v53.py:66: PerformanceWarning: DataFrame is highly fragmented.  This is usually the result of calling `frame.insert` many times, which has poor performance.  Consider joining all columns at once using pd.concat(axis=1) instead. To get a de-fragmented frame, use `newframe = frame.copy()`
  df[f'{col}_zscore'] = np.where(
/home/mwoo423/projects/dacon2/src/gen_submission_v53.py:66: PerformanceWarning: DataFrame is highly fragmented.  This is usually the result of calling `frame.insert` many times, which has poor performance.  Consider joining all columns at once using pd.concat(axis=1) instead. To get a de-fragmented frame, use `newframe = frame.copy()`
  df[f'{col}_zscore'] = np.where(
/home/mwoo423/projects/dacon2/src/gen_submission_v53.py:66: PerformanceWarning: DataFrame is highly fragmented.  This is usually the result of calling `frame.insert` many times, which has poor performance.  Consider joining all columns at once using pd.concat(axis=1) instead. To get a de-fragmented frame, use `newframe = frame.copy()`
  df[f'{col}_zscore'] = np.where(
/home/mwoo423/projects/dacon2/src/gen_submission_v53.py:66: PerformanceWarning: DataFrame is highly fragmented.  This is usually the result of calling `frame.insert` many times, which has poor performance.  Consider joining all columns at once using pd.concat(axis=1) instead. To get a de-fragmented frame, use `newframe = frame.copy()`
  df[f'{col}_zscore'] = np.where(
/home/mwoo423/projects/dacon2/src/gen_submission_v53.py:66: PerformanceWarning: DataFrame is highly fragmented.  This is usually the result of calling `frame.insert` many times, which has poor performance.  Consider joining all columns at once using pd.concat(axis=1) instead. To get a de-fragmented frame, use `newframe = frame.copy()`
  df[f'{col}_zscore'] = np.where(
/home/mwoo423/projects/dacon2/src/gen_submission_v53.py:66: PerformanceWarning: DataFrame is highly fragmented.  This is usually the result of calling `frame.insert` many times, which has poor performance.  Consider joining all columns at once using pd.concat(axis=1) instead. To get a de-fragmented frame, use `newframe = frame.copy()`
  df[f'{col}_zscore'] = np.where(
/home/mwoo423/projects/dacon2/src/gen_submission_v53.py:66: PerformanceWarning: DataFrame is highly fragmented.  This is usually the result of calling `frame.insert` many times, which has poor performance.  Consider joining all columns at once using pd.concat(axis=1) instead. To get a de-fragmented frame, use `newframe = frame.copy()`
  df[f'{col}_zscore'] = np.where(
/home/mwoo423/projects/dacon2/src/gen_submission_v53.py:66: PerformanceWarning: DataFrame is highly fragmented.  This is usually the result of calling `frame.insert` many times, which has poor performance.  Consider joining all columns at once using pd.concat(axis=1) instead. To get a de-fragmented frame, use `newframe = frame.copy()`
  df[f'{col}_zscore'] = np.where(
/home/mwoo423/projects/dacon2/src/gen_submission_v53.py:66: PerformanceWarning: DataFrame is highly fragmented.  This is usually the result of calling `frame.insert` many times, which has poor performance.  Consider joining all columns at once using pd.concat(axis=1) instead. To get a de-fragmented frame, use `newframe = frame.copy()`
  df[f'{col}_zscore'] = np.where(
/home/mwoo423/projects/dacon2/src/gen_submission_v53.py:66: PerformanceWarning: DataFrame is highly fragmented.  This is usually the result of calling `frame.insert` many times, which has poor performance.  Consider joining all columns at once using pd.concat(axis=1) instead. To get a de-fragmented frame, use `newframe = frame.copy()`
  df[f'{col}_zscore'] = np.where(
/home/mwoo423/projects/dacon2/src/gen_submission_v53.py:66: PerformanceWarning: DataFrame is highly fragmented.  This is usually the result of calling `frame.insert` many times, which has poor performance.  Consider joining all columns at once using pd.concat(axis=1) instead. To get a de-fragmented frame, use `newframe = frame.copy()`
  df[f'{col}_zscore'] = np.where(
/home/mwoo423/projects/dacon2/src/gen_submission_v53.py:66: PerformanceWarning: DataFrame is highly fragmented.  This is usually the result of calling `frame.insert` many times, which has poor performance.  Consider joining all columns at once using pd.concat(axis=1) instead. To get a de-fragmented frame, use `newframe = frame.copy()`
  df[f'{col}_zscore'] = np.where(
/home/mwoo423/projects/dacon2/src/gen_submission_v53.py:66: PerformanceWarning: DataFrame is highly fragmented.  This is usually the result of calling `frame.insert` many times, which has poor performance.  Consider joining all columns at once using pd.concat(axis=1) instead. To get a de-fragmented frame, use `newframe = frame.copy()`
  df[f'{col}_zscore'] = np.where(
/home/mwoo423/projects/dacon2/src/gen_submission_v53.py:66: PerformanceWarning: DataFrame is highly fragmented.  This is usually the result of calling `frame.insert` many times, which has poor performance.  Consider joining all columns at once using pd.concat(axis=1) instead. To get a de-fragmented frame, use `newframe = frame.copy()`
  df[f'{col}_zscore'] = np.where(
/home/mwoo423/projects/dacon2/src/gen_submission_v53.py:66: PerformanceWarning: DataFrame is highly fragmented.  This is usually the result of calling `frame.insert` many times, which has poor performance.  Consider joining all columns at once using pd.concat(axis=1) instead. To get a de-fragmented frame, use `newframe = frame.copy()`
  df[f'{col}_zscore'] = np.where(
/home/mwoo423/projects/dacon2/src/gen_submission_v53.py:66: PerformanceWarning: DataFrame is highly fragmented.  This is usually the result of calling `frame.insert` many times, which has poor performance.  Consider joining all columns at once using pd.concat(axis=1) instead. To get a de-fragmented frame, use `newframe = frame.copy()`
  df[f'{col}_zscore'] = np.where(
/home/mwoo423/projects/dacon2/src/gen_submission_v53.py:66: PerformanceWarning: DataFrame is highly fragmented.  This is usually the result of calling `frame.insert` many times, which has poor performance.  Consider joining all columns at once using pd.concat(axis=1) instead. To get a de-fragmented frame, use `newframe = frame.copy()`
  df[f'{col}_zscore'] = np.where(
/home/mwoo423/projects/dacon2/src/gen_submission_v53.py:66: PerformanceWarning: DataFrame is highly fragmented.  This is usually the result of calling `frame.insert` many times, which has poor performance.  Consider joining all columns at once using pd.concat(axis=1) instead. To get a de-fragmented frame, use `newframe = frame.copy()`
  df[f'{col}_zscore'] = np.where(
/home/mwoo423/projects/dacon2/src/gen_submission_v53.py:66: PerformanceWarning: DataFrame is highly fragmented.  This is usually the result of calling `frame.insert` many times, which has poor performance.  Consider joining all columns at once using pd.concat(axis=1) instead. To get a de-fragmented frame, use `newframe = frame.copy()`
  df[f'{col}_zscore'] = np.where(
/home/mwoo423/projects/dacon2/src/gen_submission_v53.py:66: PerformanceWarning: DataFrame is highly fragmented.  This is usually the result of calling `frame.insert` many times, which has poor performance.  Consider joining all columns at once using pd.concat(axis=1) instead. To get a de-fragmented frame, use `newframe = frame.copy()`
  df[f'{col}_zscore'] = np.where(
/home/mwoo423/projects/dacon2/src/gen_submission_v53.py:66: PerformanceWarning: DataFrame is highly fragmented.  This is usually the result of calling `frame.insert` many times, which has poor performance.  Consider joining all columns at once using pd.concat(axis=1) instead. To get a de-fragmented frame, use `newframe = frame.copy()`
  df[f'{col}_zscore'] = np.where(
2026-05-06 13:19:04,601 [INFO]   Features: 282 raw + 141 personal = 282 total
2026-05-06 13:19:04,604 [INFO] 
  --- Q1 (V53 config) ---
2026-05-06 13:19:04,785 [INFO]   Training 50 seeds with 20 features...
2026-05-06 13:19:05,706 [INFO]   Q1: mean=0.5170 min=0.3370 max=0.6767
2026-05-06 13:19:05,779 [INFO] 
  --- Q2 (V53 config) ---
2026-05-06 13:19:05,968 [INFO]   Training 50 seeds with 15 features...
2026-05-06 13:19:06,931 [INFO]   Q2: mean=0.5381 min=0.3203 max=0.7710
2026-05-06 13:19:06,989 [INFO] 
  --- Q3 (V53 config) ---
2026-05-06 13:19:07,182 [INFO]   Training 50 seeds with 8 features...
2026-05-06 13:19:07,779 [INFO]   Q3: mean=0.5573 min=0.3493 max=0.7546
2026-05-06 13:19:07,837 [INFO] 
  --- S1 (V53 config) ---
2026-05-06 13:19:08,016 [INFO]   Training 50 seeds with 20 features...
2026-05-06 13:19:08,904 [INFO]   S1: mean=0.6221 min=0.4005 max=0.8101
2026-05-06 13:19:08,963 [INFO] 
  --- S2 (V53 config) ---
2026-05-06 13:19:09,135 [INFO]   Training 50 seeds with 20 features...
2026-05-06 13:19:10,048 [INFO]   S2: mean=0.5881 min=0.3570 max=0.7897
2026-05-06 13:19:10,117 [INFO] 
  --- S3 (V53 config) ---
2026-05-06 13:19:10,287 [INFO]   Training 50 seeds with 20 features...
2026-05-06 13:19:11,200 [INFO]   S3: mean=0.5910 min=0.3398 max=0.7885
2026-05-06 13:19:11,266 [INFO] 
  --- S4 (V53 config) ---
2026-05-06 13:19:11,446 [INFO]   Training 50 seeds with 20 features...
2026-05-06 13:19:12,386 [INFO]   S4: mean=0.5234 min=0.3409 max=0.7519
2026-05-06 13:19:12,442 [INFO] 
============================================================
2026-05-06 13:19:12,442 [INFO] ✅ Submission saved: /home/mwoo423/projects/dacon2/submissions/submission_v53_final_20260506_131912.csv
2026-05-06 13:19:12,442 [INFO] Rows: 250
2026-05-06 13:19:12,443 [INFO]   Q1: min=0.3370 max=0.6767 mean=0.5170
2026-05-06 13:19:12,443 [INFO]   Q2: min=0.3203 max=0.7710 mean=0.5381
2026-05-06 13:19:12,443 [INFO]   Q3: min=0.3493 max=0.7546 mean=0.5573
2026-05-06 13:19:12,443 [INFO]   S1: min=0.4005 max=0.8101 mean=0.6221
2026-05-06 13:19:12,443 [INFO]   S2: min=0.3570 max=0.7897 mean=0.5881
2026-05-06 13:19:12,444 [INFO]   S3: min=0.3398 max=0.7885 mean=0.5910
2026-05-06 13:19:12,444 [INFO]   S4: min=0.3409 max=0.7519 mean=0.5234
2026-05-06 13:19:12,444 [INFO] Total time: 9s
2026-05-06 13:19:12,444 [INFO] ============================================================
2026-05-06 13:19:12,444 [INFO]   Meta saved: /home/mwoo423/projects/dacon2/submissions/meta_v53_final_20260506_131912.json
