2026-05-08 21:43:07,299 [INFO] ======================================================================
2026-05-08 21:43:07,299 [INFO] V80 — 3-fold GroupKFold, 30 seeds, LGBM + CatBoost + XGB + Stacking
2026-05-08 21:43:07,299 [INFO] ======================================================================
2026-05-08 21:43:07,360 [INFO]   Train: (450, 287), Test: (250, 287)
2026-05-08 21:43:07,360 [INFO]   Features: 275
2026-05-08 21:43:07,360 [INFO]   Groups: (array(['id01', 'id02', 'id03', 'id04', 'id05', 'id06', 'id07', 'id08',
       'id09', 'id10'], dtype=object), array([41, 48, 33, 57, 44, 48, 49, 56, 41, 33]))
2026-05-08 21:43:07,360 [INFO]   3-fold means ~3-4 subjects per fold
2026-05-08 21:43:07,361 [INFO] 
============================================================
2026-05-08 21:43:07,361 [INFO] --- Q1 (rate: 0.496, leak-cols: 272)
2026-05-08 21:43:07,618 [INFO] 
  --- n_feat=8 ---
2026-05-08 21:43:14,055 [INFO]     LGB wide     cv=0.6606 (6s)
2026-05-08 21:43:29,505 [INFO]     LGB deep     cv=0.7282 (15s)
2026-05-08 21:43:39,094 [INFO]     LGB safety   cv=0.6524 (10s)
2026-05-08 21:45:00,648 [INFO]     cb_v61       cv=0.8497 (82s)
2026-05-08 21:46:22,386 [INFO]     cb_l2=1      cv=0.9279 (82s)
2026-05-08 21:46:43,630 [INFO]     XGB xgb_std  cv=0.6772 (21s)
2026-05-08 21:46:43,689 [INFO]     STACK_C=50.00 cv=0.6353
2026-05-08 21:46:43,700 [INFO]     → Best at n_feat=8: stack cv=0.6353
2026-05-08 21:46:43,746 [INFO] 
  --- n_feat=12 ---
2026-05-08 21:46:50,654 [INFO]     LGB wide     cv=0.6958 (7s)
2026-05-08 21:47:07,963 [INFO]     LGB deep     cv=0.7955 (17s)
2026-05-08 21:47:18,319 [INFO]     LGB safety   cv=0.6737 (10s)
2026-05-08 21:48:41,246 [INFO]     cb_v61       cv=0.8817 (83s)
2026-05-08 21:50:07,091 [INFO]     cb_l2=1      cv=0.9648 (86s)
2026-05-08 21:50:33,085 [INFO]     XGB xgb_std  cv=0.7220 (26s)
2026-05-08 21:50:33,160 [INFO]     STACK_C=50.00 cv=0.6522
2026-05-08 21:50:33,172 [INFO]     → Best at n_feat=12: stack cv=0.6522
2026-05-08 21:50:33,217 [INFO] 
  --- n_feat=15 ---
2026-05-08 21:50:40,341 [INFO]     LGB wide     cv=0.7056 (7s)
2026-05-08 21:50:59,544 [INFO]     LGB deep     cv=0.8147 (19s)
2026-05-08 21:51:11,158 [INFO]     LGB safety   cv=0.6881 (12s)
2026-05-08 21:52:39,356 [INFO]     cb_v61       cv=0.8668 (88s)
2026-05-08 21:54:08,768 [INFO]     cb_l2=1      cv=0.9555 (89s)
2026-05-08 21:54:37,654 [INFO]     XGB xgb_std  cv=0.7249 (29s)
2026-05-08 21:54:37,726 [INFO]     STACK_C=50.00 cv=0.6616
2026-05-08 21:54:37,738 [INFO]     → Best at n_feat=15: stack cv=0.6616
2026-05-08 21:54:37,780 [INFO] 
  --- n_feat=20 ---
2026-05-08 21:54:45,569 [INFO]     LGB wide     cv=0.6978 (8s)
2026-05-08 21:55:07,078 [INFO]     LGB deep     cv=0.7666 (21s)
2026-05-08 21:55:19,952 [INFO]     LGB safety   cv=0.6864 (13s)
2026-05-08 21:56:54,094 [INFO]     cb_v61       cv=0.8243 (94s)
2026-05-08 21:58:30,204 [INFO]     cb_l2=1      cv=0.8873 (96s)
2026-05-08 21:59:06,189 [INFO]     XGB xgb_std  cv=0.7138 (36s)
2026-05-08 21:59:06,252 [INFO]     STACK_C=50.00 cv=0.6579
2026-05-08 21:59:06,258 [INFO]     → Best at n_feat=20: stack cv=0.6579
2026-05-08 21:59:06,291 [INFO] 
  --- n_feat=25 ---
2026-05-08 21:59:14,822 [INFO]     LGB wide     cv=0.6881 (9s)
2026-05-08 21:59:38,476 [INFO]     LGB deep     cv=0.7532 (24s)
2026-05-08 21:59:52,515 [INFO]     LGB safety   cv=0.6840 (14s)
2026-05-08 22:01:33,220 [INFO]     cb_v61       cv=0.7978 (101s)
2026-05-08 22:03:12,877 [INFO]     cb_l2=1      cv=0.8515 (100s)
2026-05-08 22:03:52,200 [INFO]     XGB xgb_std  cv=0.7088 (39s)
2026-05-08 22:03:52,266 [INFO]     STACK_C=50.00 cv=0.6553
2026-05-08 22:03:52,272 [INFO]     → Best at n_feat=25: stack cv=0.6553
2026-05-08 22:03:52,312 [INFO] 
  ✅ Best Q1: {'model': 'stack', 'n_feat': 8, 'cv': 0.6353310875626631, 'per_model_cv': {'lgb_wide': 0.6606203580847683, 'lgb_deep': 0.7282430540826405, 'lgb_safety': 0.6524323891856976, 'cb_v61': 0.8496712374396121, 'cb_l2=1': 0.9278678188714121, 'xgb_xgb_std': 0.6771510501271422, 'stack': 0.6353310875626631}}
2026-05-08 22:03:52,312 [INFO]      [1245s]
Traceback (most recent call last):
  File "/home/mwoo423/projects/dacon2/src/v80_3fold_stacking.py", line 507, in <module>
    main()
  File "/home/mwoo423/projects/dacon2/src/v80_3fold_stacking.py", line 367, in main
    for mname, cfg_list, trainer_fn in [
        ^^^^^^^^^^^^^^^^^^^^^^^^^^^
ValueError: too many values to unpack (expected 3)
