2026-05-08 22:53:07,414 [INFO] ======================================================================
2026-05-08 22:53:07,414 [INFO] V80 — 3-fold GroupKFold, 30 seeds, LGBM + CatBoost + XGB + Stacking
2026-05-08 22:53:07,414 [INFO] ======================================================================
2026-05-08 22:53:07,476 [INFO]   Train: (450, 287), Test: (250, 287)
2026-05-08 22:53:07,476 [INFO]   Features: 275
2026-05-08 22:53:07,476 [INFO]   Groups: (array(['id01', 'id02', 'id03', 'id04', 'id05', 'id06', 'id07', 'id08',
       'id09', 'id10'], dtype=object), array([41, 48, 33, 57, 44, 48, 49, 56, 41, 33]))
2026-05-08 22:53:07,476 [INFO]   3-fold means ~3-4 subjects per fold
2026-05-08 22:53:07,477 [INFO] 
============================================================
2026-05-08 22:53:07,477 [INFO] --- Q1 (rate: 0.496, leak-cols: 272)
2026-05-08 22:53:07,748 [INFO] 
  --- n_feat=8 ---
2026-05-08 22:53:11,021 [INFO]     LGB wide     cv=0.6604 (3s)
2026-05-08 22:53:18,815 [INFO]     LGB deep     cv=0.7284 (8s)
2026-05-08 22:53:23,611 [INFO]     LGB safety   cv=0.6523 (5s)
2026-05-08 22:53:34,545 [INFO]     XGB xgb_std  cv=0.6779 (11s)
2026-05-08 22:53:34,605 [INFO]     STACK_C=50.00 cv=0.6352
2026-05-08 22:53:34,609 [INFO]     → Best at n_feat=8: stack cv=0.6352
2026-05-08 22:53:34,653 [INFO] 
  --- n_feat=15 ---
2026-05-08 22:53:38,317 [INFO]     LGB wide     cv=0.7062 (4s)
2026-05-08 22:53:47,924 [INFO]     LGB deep     cv=0.8157 (10s)
2026-05-08 22:53:53,929 [INFO]     LGB safety   cv=0.6880 (6s)
2026-05-08 22:54:08,365 [INFO]     XGB xgb_std  cv=0.7251 (14s)
2026-05-08 22:54:08,454 [INFO]     STACK_C=50.00 cv=0.6632
2026-05-08 22:54:08,458 [INFO]     → Best at n_feat=15: stack cv=0.6632
2026-05-08 22:54:08,501 [INFO] 
  --- n_feat=20 ---
2026-05-08 22:54:12,589 [INFO]     LGB wide     cv=0.6980 (4s)
2026-05-08 22:54:23,407 [INFO]     LGB deep     cv=0.7673 (11s)
2026-05-08 22:54:29,884 [INFO]     LGB safety   cv=0.6865 (6s)
2026-05-08 22:54:47,549 [INFO]     XGB xgb_std  cv=0.7146 (18s)
2026-05-08 22:54:47,605 [INFO]     STACK_C=50.00 cv=0.6620
2026-05-08 22:54:47,611 [INFO]     → Best at n_feat=20: stack cv=0.6620
2026-05-08 22:54:47,643 [INFO] 
  ✅ Best Q1: {'model': 'stack', 'n_feat': 8, 'cv': 0.635182859553831, 'per_model_cv': {'lgb_wide': 0.6603808832729111, 'lgb_deep': 0.7284103783889749, 'lgb_safety': 0.6523272333775539, 'xgb_xgb_std': 0.6778930608904176, 'stack': 0.635182859553831}}
2026-05-08 22:54:47,643 [INFO]      [100s]
2026-05-08 22:54:56,046 [INFO]   Q1 test_mean: 0.5186
2026-05-08 22:54:56,083 [INFO] 
============================================================
2026-05-08 22:54:56,083 [INFO] --- Q2 (rate: 0.562, leak-cols: 272)
2026-05-08 22:54:56,349 [INFO] 
  --- n_feat=8 ---
2026-05-08 22:54:59,563 [INFO]     LGB wide     cv=0.6319 (3s)
2026-05-08 22:55:07,647 [INFO]     LGB deep     cv=0.6750 (8s)
2026-05-08 22:55:12,051 [INFO]     LGB safety   cv=0.6274 (4s)
2026-05-08 22:55:22,527 [INFO]     XGB xgb_std  cv=0.6272 (10s)
2026-05-08 22:55:22,604 [INFO]     STACK_C=50.00 cv=0.6124
2026-05-08 22:55:22,611 [INFO]     → Best at n_feat=8: stack cv=0.6124
2026-05-08 22:55:22,656 [INFO] 
  --- n_feat=15 ---
2026-05-08 22:55:26,555 [INFO]     LGB wide     cv=0.6479 (4s)
2026-05-08 22:55:36,599 [INFO]     LGB deep     cv=0.6969 (10s)
2026-05-08 22:55:42,138 [INFO]     LGB safety   cv=0.6399 (6s)
2026-05-08 22:55:56,220 [INFO]     XGB xgb_std  cv=0.6508 (14s)
2026-05-08 22:55:56,306 [INFO]     STACK_C=50.00 cv=0.6275
2026-05-08 22:55:56,311 [INFO]     → Best at n_feat=15: stack cv=0.6275
2026-05-08 22:55:56,354 [INFO] 
  --- n_feat=20 ---
2026-05-08 22:56:00,531 [INFO]     LGB wide     cv=0.6568 (4s)
2026-05-08 22:56:11,772 [INFO]     LGB deep     cv=0.7175 (11s)
2026-05-08 22:56:17,973 [INFO]     LGB safety   cv=0.6508 (6s)
2026-05-08 22:56:35,197 [INFO]     XGB xgb_std  cv=0.6707 (17s)
2026-05-08 22:56:35,251 [INFO]     STACK_C=50.00 cv=0.6350
2026-05-08 22:56:35,255 [INFO]     → Best at n_feat=20: stack cv=0.6350
2026-05-08 22:56:35,298 [INFO] 
  ✅ Best Q2: {'model': 'stack', 'n_feat': 8, 'cv': 0.6123578463934809, 'per_model_cv': {'lgb_wide': 0.6318565886598259, 'lgb_deep': 0.6749743074093063, 'lgb_safety': 0.6274167149036104, 'xgb_xgb_std': 0.6272015143997264, 'stack': 0.6123578463934809}}
2026-05-08 22:56:35,299 [INFO]      [99s]
2026-05-08 22:56:44,001 [INFO]   Q2 test_mean: 0.5298
2026-05-08 22:56:44,034 [INFO] 
============================================================
2026-05-08 22:56:44,034 [INFO] --- Q3 (rate: 0.600, leak-cols: 272)
2026-05-08 22:56:44,293 [INFO] 
  --- n_feat=8 ---
2026-05-08 22:56:47,437 [INFO]     LGB wide     cv=0.6524 (3s)
2026-05-08 22:56:55,695 [INFO]     LGB deep     cv=0.7240 (8s)
2026-05-08 22:57:00,213 [INFO]     LGB safety   cv=0.6452 (4s)
2026-05-08 22:57:10,697 [INFO]     XGB xgb_std  cv=0.6542 (10s)
2026-05-08 22:57:10,760 [INFO]     STACK_C=50.00 cv=0.6320
2026-05-08 22:57:10,765 [INFO]     → Best at n_feat=8: stack cv=0.6320
2026-05-08 22:57:10,803 [INFO] 
  --- n_feat=15 ---
2026-05-08 22:57:14,787 [INFO]     LGB wide     cv=0.6772 (4s)
2026-05-08 22:57:24,826 [INFO]     LGB deep     cv=0.7509 (10s)
2026-05-08 22:57:30,544 [INFO]     LGB safety   cv=0.6590 (6s)
2026-05-08 22:57:43,687 [INFO]     XGB xgb_std  cv=0.6709 (13s)
2026-05-08 22:57:43,757 [INFO]     STACK_C=50.00 cv=0.6386
2026-05-08 22:57:43,765 [INFO]     → Best at n_feat=15: stack cv=0.6386
2026-05-08 22:57:43,812 [INFO] 
  --- n_feat=20 ---
2026-05-08 22:57:47,725 [INFO]     LGB wide     cv=0.6885 (4s)
2026-05-08 22:57:58,882 [INFO]     LGB deep     cv=0.7844 (11s)
2026-05-08 22:58:05,116 [INFO]     LGB safety   cv=0.6704 (6s)
2026-05-08 22:58:21,178 [INFO]     XGB xgb_std  cv=0.7008 (16s)
2026-05-08 22:58:21,250 [INFO]     STACK_C=50.00 cv=0.6522
2026-05-08 22:58:21,255 [INFO]     → Best at n_feat=20: stack cv=0.6522
2026-05-08 22:58:21,295 [INFO] 
  ✅ Best Q3: {'model': 'stack', 'n_feat': 8, 'cv': 0.6320444094831542, 'per_model_cv': {'lgb_wide': 0.6524189758124533, 'lgb_deep': 0.7240109204877114, 'lgb_safety': 0.6451962814326124, 'xgb_xgb_std': 0.654234029771307, 'stack': 0.6320444094831542}}
2026-05-08 22:58:21,295 [INFO]      [97s]
2026-05-08 22:58:30,234 [INFO]   Q3 test_mean: 0.5563
2026-05-08 22:58:30,268 [INFO] 
============================================================
2026-05-08 22:58:30,269 [INFO] --- S1 (rate: 0.682, leak-cols: 254)
2026-05-08 22:58:30,493 [INFO] 
  --- n_feat=8 ---
2026-05-08 22:58:33,250 [INFO]     LGB wide     cv=0.6275 (3s)
2026-05-08 22:58:41,050 [INFO]     LGB deep     cv=0.6894 (8s)
2026-05-08 22:58:45,835 [INFO]     LGB safety   cv=0.6292 (5s)
2026-05-08 22:58:55,810 [INFO]     XGB xgb_std  cv=0.6357 (10s)
2026-05-08 22:58:55,884 [INFO]     STACK_C=50.00 cv=0.5781
2026-05-08 22:58:55,894 [INFO]     → Best at n_feat=8: stack cv=0.5781
2026-05-08 22:58:55,945 [INFO] 
  --- n_feat=15 ---
2026-05-08 22:58:59,746 [INFO]     LGB wide     cv=0.6119 (4s)
2026-05-08 22:59:09,633 [INFO]     LGB deep     cv=0.6504 (10s)
2026-05-08 22:59:14,817 [INFO]     LGB safety   cv=0.6135 (5s)
2026-05-08 22:59:26,854 [INFO]     XGB xgb_std  cv=0.6179 (12s)
2026-05-08 22:59:26,919 [INFO]     STACK_C=50.00 cv=0.5691
2026-05-08 22:59:26,923 [INFO]     → Best at n_feat=15: stack cv=0.5691
2026-05-08 22:59:26,974 [INFO] 
  --- n_feat=20 ---
2026-05-08 22:59:30,787 [INFO]     LGB wide     cv=0.6088 (4s)
2026-05-08 22:59:41,756 [INFO]     LGB deep     cv=0.6551 (11s)
2026-05-08 22:59:47,015 [INFO]     LGB safety   cv=0.6075 (5s)
2026-05-08 23:00:00,604 [INFO]     XGB xgb_std  cv=0.6247 (14s)
2026-05-08 23:00:00,673 [INFO]     STACK_C=50.00 cv=0.5632
2026-05-08 23:00:00,681 [INFO]     → Best at n_feat=20: stack cv=0.5632
2026-05-08 23:00:00,727 [INFO] 
  ✅ Best S1: {'model': 'stack', 'n_feat': 20, 'cv': 0.5631816184782706, 'per_model_cv': {'lgb_wide': 0.6088004585684605, 'lgb_deep': 0.6550590475785547, 'lgb_safety': 0.6075267934084906, 'xgb_xgb_std': 0.6247466016726025, 'stack': 0.5631816184782706}}
2026-05-08 23:00:00,727 [INFO]      [90s]
2026-05-08 23:00:13,508 [INFO]   S1 test_mean: 0.6231
2026-05-08 23:00:13,547 [INFO] 
============================================================
2026-05-08 23:00:13,547 [INFO] --- S2 (rate: 0.651, leak-cols: 254)
2026-05-08 23:00:13,783 [INFO] 
  --- n_feat=8 ---
2026-05-08 23:00:16,924 [INFO]     LGB wide     cv=0.6694 (3s)
2026-05-08 23:00:24,982 [INFO]     LGB deep     cv=0.7340 (8s)
2026-05-08 23:00:29,684 [INFO]     LGB safety   cv=0.6526 (5s)
2026-05-08 23:00:38,880 [INFO]     XGB xgb_std  cv=0.6698 (9s)
2026-05-08 23:00:38,944 [INFO]     STACK_C=50.00 cv=0.6121
2026-05-08 23:00:38,952 [INFO]     → Best at n_feat=8: stack cv=0.6121
2026-05-08 23:00:38,998 [INFO] 
  --- n_feat=15 ---
2026-05-08 23:00:42,836 [INFO]     LGB wide     cv=0.6478 (4s)
2026-05-08 23:00:52,800 [INFO]     LGB deep     cv=0.6997 (10s)
2026-05-08 23:00:57,817 [INFO]     LGB safety   cv=0.6506 (5s)
2026-05-08 23:01:10,259 [INFO]     XGB xgb_std  cv=0.6612 (12s)
2026-05-08 23:01:10,311 [INFO]     STACK_C=50.00 cv=0.6150
2026-05-08 23:01:10,315 [INFO]     → Best at n_feat=15: stack cv=0.6150
2026-05-08 23:01:10,352 [INFO] 
  --- n_feat=20 ---
2026-05-08 23:01:14,432 [INFO]     LGB wide     cv=0.6685 (4s)
2026-05-08 23:01:25,644 [INFO]     LGB deep     cv=0.7180 (11s)
2026-05-08 23:01:31,534 [INFO]     LGB safety   cv=0.6700 (6s)
2026-05-08 23:01:46,014 [INFO]     XGB xgb_std  cv=0.6563 (14s)
2026-05-08 23:01:46,078 [INFO]     STACK_C=50.00 cv=0.6123
2026-05-08 23:01:46,082 [INFO]     → Best at n_feat=20: stack cv=0.6123
2026-05-08 23:01:46,120 [INFO] 
  ✅ Best S2: {'model': 'stack', 'n_feat': 8, 'cv': 0.6120679965129863, 'per_model_cv': {'lgb_wide': 0.6693786919202037, 'lgb_deep': 0.7339916493050047, 'lgb_safety': 0.652645763186941, 'xgb_xgb_std': 0.669817630400049, 'stack': 0.6120679965129863}}
2026-05-08 23:01:46,120 [INFO]      [93s]
2026-05-08 23:01:54,432 [INFO]   S2 test_mean: 0.5072
2026-05-08 23:01:54,472 [INFO] 
============================================================
2026-05-08 23:01:54,472 [INFO] --- S3 (rate: 0.662, leak-cols: 254)
2026-05-08 23:01:54,716 [INFO] 
  --- n_feat=8 ---
2026-05-08 23:01:57,769 [INFO]     LGB wide     cv=0.6338 (3s)
2026-05-08 23:02:05,444 [INFO]     LGB deep     cv=0.7199 (8s)
2026-05-08 23:02:09,990 [INFO]     LGB safety   cv=0.6308 (5s)
2026-05-08 23:02:18,375 [INFO]     XGB xgb_std  cv=0.6333 (8s)
2026-05-08 23:02:18,434 [INFO]     STACK_C=50.00 cv=0.6009
2026-05-08 23:02:18,437 [INFO]     → Best at n_feat=8: stack cv=0.6009
2026-05-08 23:02:18,481 [INFO] 
  --- n_feat=15 ---
2026-05-08 23:02:21,975 [INFO]     LGB wide     cv=0.6318 (3s)
2026-05-08 23:02:31,498 [INFO]     LGB deep     cv=0.6913 (9s)
2026-05-08 23:02:36,780 [INFO]     LGB safety   cv=0.6385 (5s)
2026-05-08 23:02:48,050 [INFO]     XGB xgb_std  cv=0.6277 (11s)
2026-05-08 23:02:48,127 [INFO]     STACK_C=50.00 cv=0.5907
2026-05-08 23:02:48,132 [INFO]     → Best at n_feat=15: stack cv=0.5907
2026-05-08 23:02:48,175 [INFO] 
  --- n_feat=20 ---
2026-05-08 23:02:52,080 [INFO]     LGB wide     cv=0.6431 (4s)
2026-05-08 23:03:02,708 [INFO]     LGB deep     cv=0.6906 (11s)
2026-05-08 23:03:08,555 [INFO]     LGB safety   cv=0.6387 (6s)
2026-05-08 23:03:21,615 [INFO]     XGB xgb_std  cv=0.6355 (13s)
2026-05-08 23:03:21,692 [INFO]     STACK_C=50.00 cv=0.6093
2026-05-08 23:03:21,701 [INFO]     → Best at n_feat=20: stack cv=0.6093
2026-05-08 23:03:21,749 [INFO] 
  ✅ Best S3: {'model': 'stack', 'n_feat': 15, 'cv': 0.5907417111388339, 'per_model_cv': {'lgb_wide': 0.6318147017271705, 'lgb_deep': 0.6913366785775535, 'lgb_safety': 0.6385240350154322, 'xgb_xgb_std': 0.6276808524370424, 'stack': 0.5907417111388339}}
2026-05-08 23:03:21,750 [INFO]      [87s]
2026-05-08 23:03:32,698 [INFO]   S3 test_mean: 0.5891
2026-05-08 23:03:32,737 [INFO] 
============================================================
2026-05-08 23:03:32,737 [INFO] --- S4 (rate: 0.560, leak-cols: 254)
2026-05-08 23:03:33,006 [INFO] 
  --- n_feat=8 ---
2026-05-08 23:03:36,323 [INFO]     LGB wide     cv=0.6715 (3s)
2026-05-08 23:03:44,796 [INFO]     LGB deep     cv=0.7628 (8s)
2026-05-08 23:03:49,766 [INFO]     LGB safety   cv=0.6546 (5s)
2026-05-08 23:03:59,940 [INFO]     XGB xgb_std  cv=0.6784 (10s)
2026-05-08 23:04:00,013 [INFO]     STACK_C=50.00 cv=0.6409
2026-05-08 23:04:00,017 [INFO]     → Best at n_feat=8: stack cv=0.6409
2026-05-08 23:04:00,064 [INFO] 
  --- n_feat=15 ---
2026-05-08 23:04:04,157 [INFO]     LGB wide     cv=0.6904 (4s)
2026-05-08 23:04:14,246 [INFO]     LGB deep     cv=0.7733 (10s)
2026-05-08 23:04:20,097 [INFO]     LGB safety   cv=0.6680 (6s)
2026-05-08 23:04:33,620 [INFO]     XGB xgb_std  cv=0.6933 (13s)
2026-05-08 23:04:33,689 [INFO]     STACK_C=50.00 cv=0.6457
2026-05-08 23:04:33,695 [INFO]     → Best at n_feat=15: stack cv=0.6457
2026-05-08 23:04:33,736 [INFO] 
  --- n_feat=20 ---
2026-05-08 23:04:37,817 [INFO]     LGB wide     cv=0.6886 (4s)
2026-05-08 23:04:49,187 [INFO]     LGB deep     cv=0.7711 (11s)
2026-05-08 23:04:55,778 [INFO]     LGB safety   cv=0.6653 (7s)
2026-05-08 23:05:13,264 [INFO]     XGB xgb_std  cv=0.6882 (17s)
2026-05-08 23:05:13,328 [INFO]     STACK_C=50.00 cv=0.6432
2026-05-08 23:05:13,334 [INFO]     → Best at n_feat=20: stack cv=0.6432
2026-05-08 23:05:13,377 [INFO] 
  ✅ Best S4: {'model': 'stack', 'n_feat': 8, 'cv': 0.6409348239027536, 'per_model_cv': {'lgb_wide': 0.6715027161717393, 'lgb_deep': 0.762835285303533, 'lgb_safety': 0.6545693980218579, 'xgb_xgb_std': 0.6784299719170402, 'stack': 0.6409348239027536}}
2026-05-08 23:05:13,377 [INFO]      [101s]
2026-05-08 23:05:22,021 [INFO]   S4 test_mean: 0.4681
2026-05-08 23:05:22,055 [INFO] 
======================================================================
2026-05-08 23:05:22,055 [INFO] V80 RESULTS (3-fold GroupKFold)
2026-05-08 23:05:22,055 [INFO] ======================================================================
2026-05-08 23:05:22,055 [INFO]   Q1: cv=0.6352 (stack, n_feat=8)
2026-05-08 23:05:22,055 [INFO]     stack: 0.6352
2026-05-08 23:05:22,055 [INFO]     lgb_safety: 0.6523
2026-05-08 23:05:22,055 [INFO]     lgb_wide: 0.6604
2026-05-08 23:05:22,055 [INFO]     xgb_xgb_std: 0.6779
2026-05-08 23:05:22,055 [INFO]     lgb_deep: 0.7284
2026-05-08 23:05:22,055 [INFO]   Q2: cv=0.6124 (stack, n_feat=8)
2026-05-08 23:05:22,055 [INFO]     stack: 0.6124
2026-05-08 23:05:22,055 [INFO]     xgb_xgb_std: 0.6272
2026-05-08 23:05:22,055 [INFO]     lgb_safety: 0.6274
2026-05-08 23:05:22,055 [INFO]     lgb_wide: 0.6319
2026-05-08 23:05:22,055 [INFO]     lgb_deep: 0.6750
2026-05-08 23:05:22,055 [INFO]   Q3: cv=0.6320 (stack, n_feat=8)
2026-05-08 23:05:22,055 [INFO]     stack: 0.6320
2026-05-08 23:05:22,056 [INFO]     lgb_safety: 0.6452
2026-05-08 23:05:22,056 [INFO]     lgb_wide: 0.6524
2026-05-08 23:05:22,056 [INFO]     xgb_xgb_std: 0.6542
2026-05-08 23:05:22,056 [INFO]     lgb_deep: 0.7240
2026-05-08 23:05:22,056 [INFO]   S1: cv=0.5632 (stack, n_feat=20)
2026-05-08 23:05:22,056 [INFO]     stack: 0.5632
2026-05-08 23:05:22,056 [INFO]     lgb_safety: 0.6075
2026-05-08 23:05:22,056 [INFO]     lgb_wide: 0.6088
2026-05-08 23:05:22,056 [INFO]     xgb_xgb_std: 0.6247
2026-05-08 23:05:22,056 [INFO]     lgb_deep: 0.6551
2026-05-08 23:05:22,056 [INFO]   S2: cv=0.6121 (stack, n_feat=8)
2026-05-08 23:05:22,056 [INFO]     stack: 0.6121
2026-05-08 23:05:22,056 [INFO]     lgb_safety: 0.6526
2026-05-08 23:05:22,056 [INFO]     lgb_wide: 0.6694
2026-05-08 23:05:22,056 [INFO]     xgb_xgb_std: 0.6698
2026-05-08 23:05:22,056 [INFO]     lgb_deep: 0.7340
2026-05-08 23:05:22,056 [INFO]   S3: cv=0.5907 (stack, n_feat=15)
2026-05-08 23:05:22,056 [INFO]     stack: 0.5907
2026-05-08 23:05:22,056 [INFO]     xgb_xgb_std: 0.6277
2026-05-08 23:05:22,056 [INFO]     lgb_wide: 0.6318
2026-05-08 23:05:22,056 [INFO]     lgb_safety: 0.6385
2026-05-08 23:05:22,056 [INFO]     lgb_deep: 0.6913
2026-05-08 23:05:22,056 [INFO]   S4: cv=0.6409 (stack, n_feat=8)
2026-05-08 23:05:22,056 [INFO]     stack: 0.6409
2026-05-08 23:05:22,056 [INFO]     lgb_safety: 0.6546
2026-05-08 23:05:22,056 [INFO]     lgb_wide: 0.6715
2026-05-08 23:05:22,056 [INFO]     xgb_xgb_std: 0.6784
2026-05-08 23:05:22,056 [INFO]     lgb_deep: 0.7628
2026-05-08 23:05:22,056 [INFO]   AVG CV: 0.6124
2026-05-08 23:05:22,056 [INFO]   Target: 0.5000 | Current: 0.6124 | Gap: 0.1124
2026-05-08 23:05:22,056 [INFO]   V61 avg: 0.5830 | Gap to V61: 0.0294
2026-05-08 23:05:22,056 [INFO]   Total time: 735s
2026-05-08 23:05:22,063 [INFO]   Submission: /home/mwoo423/projects/dacon2/submissions/submission_v80_20260508_230522.csv
2026-05-08 23:05:22,063 [INFO]   Meta: /home/mwoo423/projects/dacon2/submissions/meta_v80_20260508_230522.json
2026-05-08 23:05:22,063 [INFO] 
✅ DONE!
