2026-05-08 22:04:25,756 [INFO] ======================================================================
2026-05-08 22:04:25,756 [INFO] V80 — 3-fold GroupKFold, 30 seeds, LGBM + CatBoost + XGB + Stacking
2026-05-08 22:04:25,756 [INFO] ======================================================================
2026-05-08 22:04:25,816 [INFO]   Train: (450, 287), Test: (250, 287)
2026-05-08 22:04:25,816 [INFO]   Features: 275
2026-05-08 22:04:25,816 [INFO]   Groups: (array(['id01', 'id02', 'id03', 'id04', 'id05', 'id06', 'id07', 'id08',
       'id09', 'id10'], dtype=object), array([41, 48, 33, 57, 44, 48, 49, 56, 41, 33]))
2026-05-08 22:04:25,816 [INFO]   3-fold means ~3-4 subjects per fold
2026-05-08 22:04:25,816 [INFO] 
============================================================
2026-05-08 22:04:25,816 [INFO] --- Q1 (rate: 0.496, leak-cols: 272)
2026-05-08 22:04:26,075 [INFO] 
  --- n_feat=8 ---
2026-05-08 22:04:32,135 [INFO]     LGB wide     cv=0.6606 (6s)
2026-05-08 22:04:47,385 [INFO]     LGB deep     cv=0.7282 (15s)
2026-05-08 22:04:56,704 [INFO]     LGB safety   cv=0.6524 (9s)
2026-05-08 22:06:16,039 [INFO]     cb_v61       cv=0.8497 (79s)
2026-05-08 22:07:34,562 [INFO]     cb_l2=1      cv=0.9279 (78s)
2026-05-08 22:07:56,096 [INFO]     XGB xgb_std  cv=0.6772 (22s)
2026-05-08 22:07:56,153 [INFO]     STACK_C=50.00 cv=0.6353
2026-05-08 22:07:56,159 [INFO]     → Best at n_feat=8: stack cv=0.6353
2026-05-08 22:07:56,195 [INFO] 
  --- n_feat=12 ---
2026-05-08 22:08:03,058 [INFO]     LGB wide     cv=0.6958 (7s)
2026-05-08 22:08:20,446 [INFO]     LGB deep     cv=0.7955 (17s)
2026-05-08 22:08:30,957 [INFO]     LGB safety   cv=0.6737 (10s)
2026-05-08 22:09:55,054 [INFO]     cb_v61       cv=0.8817 (84s)
2026-05-08 22:11:21,145 [INFO]     cb_l2=1      cv=0.9648 (86s)
2026-05-08 22:11:47,394 [INFO]     XGB xgb_std  cv=0.7220 (26s)
2026-05-08 22:11:47,467 [INFO]     STACK_C=50.00 cv=0.6522
2026-05-08 22:11:47,485 [INFO]     → Best at n_feat=12: stack cv=0.6522
2026-05-08 22:11:47,520 [INFO] 
  --- n_feat=15 ---
2026-05-08 22:11:54,716 [INFO]     LGB wide     cv=0.7056 (7s)
2026-05-08 22:12:13,861 [INFO]     LGB deep     cv=0.8147 (19s)
2026-05-08 22:12:25,284 [INFO]     LGB safety   cv=0.6881 (11s)
2026-05-08 22:13:52,741 [INFO]     cb_v61       cv=0.8668 (87s)
2026-05-08 22:15:22,123 [INFO]     cb_l2=1      cv=0.9555 (89s)
2026-05-08 22:15:51,514 [INFO]     XGB xgb_std  cv=0.7249 (29s)
2026-05-08 22:15:51,570 [INFO]     STACK_C=50.00 cv=0.6616
2026-05-08 22:15:51,576 [INFO]     → Best at n_feat=15: stack cv=0.6616
2026-05-08 22:15:51,618 [INFO] 
  --- n_feat=20 ---
2026-05-08 22:15:59,601 [INFO]     LGB wide     cv=0.6978 (8s)
2026-05-08 22:16:21,129 [INFO]     LGB deep     cv=0.7666 (22s)
2026-05-08 22:16:34,036 [INFO]     LGB safety   cv=0.6864 (13s)
2026-05-08 22:18:08,174 [INFO]     cb_v61       cv=0.8243 (94s)
2026-05-08 22:19:43,743 [INFO]     cb_l2=1      cv=0.8873 (96s)
2026-05-08 22:20:19,696 [INFO]     XGB xgb_std  cv=0.7138 (36s)
2026-05-08 22:20:19,755 [INFO]     STACK_C=50.00 cv=0.6579
2026-05-08 22:20:19,761 [INFO]     → Best at n_feat=20: stack cv=0.6579
2026-05-08 22:20:19,797 [INFO] 
  --- n_feat=25 ---
2026-05-08 22:20:28,201 [INFO]     LGB wide     cv=0.6881 (8s)
2026-05-08 22:20:51,381 [INFO]     LGB deep     cv=0.7532 (23s)
2026-05-08 22:21:05,481 [INFO]     LGB safety   cv=0.6840 (14s)
2026-05-08 22:22:46,274 [INFO]     cb_v61       cv=0.7978 (101s)
2026-05-08 22:24:26,240 [INFO]     cb_l2=1      cv=0.8515 (100s)
2026-05-08 22:25:05,564 [INFO]     XGB xgb_std  cv=0.7088 (39s)
2026-05-08 22:25:05,625 [INFO]     STACK_C=50.00 cv=0.6553
2026-05-08 22:25:05,630 [INFO]     → Best at n_feat=25: stack cv=0.6553
2026-05-08 22:25:05,668 [INFO] 
  ✅ Best Q1: {'model': 'stack', 'n_feat': 8, 'cv': 0.6353310875626631, 'per_model_cv': {'lgb_wide': 0.6606203580847683, 'lgb_deep': 0.7282430540826405, 'lgb_safety': 0.6524323891856976, 'cb_v61': 0.8496712374396121, 'cb_l2=1': 0.9278678188714121, 'xgb_xgb_std': 0.6771510501271422, 'stack': 0.6353310875626631}}
2026-05-08 22:25:05,668 [INFO]      [1240s]
2026-05-08 22:26:14,332 [INFO]   Q1 test_mean: 0.5161
2026-05-08 22:26:14,365 [INFO] 
============================================================
2026-05-08 22:26:14,365 [INFO] --- Q2 (rate: 0.562, leak-cols: 272)
2026-05-08 22:26:14,628 [INFO] 
  --- n_feat=8 ---
2026-05-08 22:26:20,814 [INFO]     LGB wide     cv=0.6317 (6s)
2026-05-08 22:26:36,788 [INFO]     LGB deep     cv=0.6749 (16s)
2026-05-08 22:26:45,518 [INFO]     LGB safety   cv=0.6276 (9s)
2026-05-08 22:28:06,242 [INFO]     cb_v61       cv=0.7968 (81s)
2026-05-08 22:29:29,307 [INFO]     cb_l2=1      cv=0.8622 (83s)
2026-05-08 22:29:50,557 [INFO]     XGB xgb_std  cv=0.6272 (21s)
2026-05-08 22:29:50,605 [INFO]     STACK_C=50.00 cv=0.6029
2026-05-08 22:29:50,610 [INFO]     → Best at n_feat=8: stack cv=0.6029
2026-05-08 22:29:50,644 [INFO] 
  --- n_feat=12 ---
2026-05-08 22:29:57,821 [INFO]     LGB wide     cv=0.6402 (7s)
2026-05-08 22:30:15,833 [INFO]     LGB deep     cv=0.6808 (18s)
2026-05-08 22:30:26,235 [INFO]     LGB safety   cv=0.6406 (10s)
2026-05-08 22:31:51,314 [INFO]     cb_v61       cv=0.7402 (85s)
2026-05-08 22:33:18,430 [INFO]     cb_l2=1      cv=0.7920 (87s)
2026-05-08 22:33:43,736 [INFO]     XGB xgb_std  cv=0.6413 (25s)
2026-05-08 22:33:43,795 [INFO]     STACK_C=50.00 cv=0.6201
2026-05-08 22:33:43,801 [INFO]     → Best at n_feat=12: stack cv=0.6201
2026-05-08 22:33:43,831 [INFO] 
  --- n_feat=15 ---
2026-05-08 22:33:51,346 [INFO]     LGB wide     cv=0.6473 (8s)
2026-05-08 22:34:11,095 [INFO]     LGB deep     cv=0.6962 (20s)
2026-05-08 22:34:21,789 [INFO]     LGB safety   cv=0.6398 (11s)
