2026-05-08 23:39:44,555 [INFO] ======================================================================
2026-05-08 23:39:44,555 [INFO] V81 — V52 Improved: Multi-Config Ensemble + Meta-Learner
2026-05-08 23:39:44,555 [INFO] ======================================================================
2026-05-08 23:39:44,555 [INFO] 
--- 1. Load features ---
2026-05-08 23:39:44,585 [INFO]   Loaded: (450, 153)
2026-05-08 23:39:49,364 [INFO]   After personalization: (450, 576)
2026-05-08 23:39:49,364 [INFO] 
--- 2. Feature ranking (rank fusion LGBM+MI) ---
2026-05-08 23:39:50,058 [INFO]   Q1: ranked 279 features
2026-05-08 23:39:50,726 [INFO]   Q2: ranked 279 features
2026-05-08 23:39:51,408 [INFO]   Q3: ranked 279 features
2026-05-08 23:39:52,040 [INFO]   S1: ranked 260 features
2026-05-08 23:39:52,640 [INFO]   S2: ranked 260 features
2026-05-08 23:39:53,283 [INFO]   S3: ranked 260 features
2026-05-08 23:39:53,927 [INFO]   S4: ranked 260 features
2026-05-08 23:39:53,927 [INFO] 
--- 3. Multi-config training ---
2026-05-08 23:39:53,927 [INFO] 
  === Q1 (rate=0.496) ===
2026-05-08 23:40:17,661 [INFO]   v48: best n_feat=20, cal=0.6809
2026-05-08 23:40:41,974 [INFO]   deep: best n_feat=15, cal=0.6793
2026-05-08 23:41:05,029 [INFO]   wide: best n_feat=15, cal=0.6776
2026-05-08 23:41:29,884 [INFO]   safety: best n_feat=8, cal=0.6777
2026-05-08 23:41:29,884 [INFO]     Top-2: ['wide(loss=0.6776,n=15)', 'safety(loss=0.6777,n=8)']
2026-05-08 23:41:29,908 [INFO]     ✅ Meta wins: meta=0.6672 vs ensemble=0.6735
2026-05-08 23:41:29,908 [INFO]     Final: meta-C=50.00+top2 cal=0.6672
2026-05-08 23:41:29,908 [INFO]   Q1 time: 96s
2026-05-08 23:41:29,941 [INFO] 
  === Q2 (rate=0.562) ===
2026-05-08 23:41:55,129 [INFO]   v48: best n_feat=20, cal=0.6362
2026-05-08 23:42:21,566 [INFO]   deep: best n_feat=20, cal=0.6386
2026-05-08 23:42:46,325 [INFO]   wide: best n_feat=8, cal=0.6386
2026-05-08 23:43:17,764 [INFO]   safety: best n_feat=20, cal=0.6353
2026-05-08 23:43:17,764 [INFO]     Top-2: ['safety(loss=0.6353,n=20)', 'v48(loss=0.6362,n=20)']
2026-05-08 23:43:17,783 [INFO]     ✅ Ensemble wins: ensemble=0.6330 vs meta=0.6336
2026-05-08 23:43:17,783 [INFO]     Final: ensemble-top2-C=50.00 cal=0.6330
2026-05-08 23:43:17,783 [INFO]   Q2 time: 108s
2026-05-08 23:43:17,812 [INFO] 
  === Q3 (rate=0.600) ===
2026-05-08 23:43:41,983 [INFO]   v48: best n_feat=20, cal=0.6399
2026-05-08 23:44:05,580 [INFO]   deep: best n_feat=20, cal=0.6487
2026-05-08 23:44:27,944 [INFO]   wide: best n_feat=15, cal=0.6450
2026-05-08 23:44:50,510 [INFO]   safety: best n_feat=15, cal=0.6402
2026-05-08 23:44:50,510 [INFO]     Top-2: ['v48(loss=0.6399,n=20)', 'safety(loss=0.6402,n=15)']
2026-05-08 23:44:50,529 [INFO]     ✅ Meta wins: meta=0.6339 vs ensemble=0.6355
2026-05-08 23:44:50,529 [INFO]     Final: meta-C=50.00+top2 cal=0.6339
2026-05-08 23:44:50,529 [INFO]   Q3 time: 93s
2026-05-08 23:44:50,557 [INFO] 
  === S1 (rate=0.682) ===
2026-05-08 23:45:12,945 [INFO]   v48: best n_feat=8, cal=0.6076
2026-05-08 23:45:35,704 [INFO]   deep: best n_feat=25, cal=0.6030
2026-05-08 23:45:57,618 [INFO]   wide: best n_feat=25, cal=0.6048
2026-05-08 23:46:19,570 [INFO]   safety: best n_feat=20, cal=0.6050
2026-05-08 23:46:19,570 [INFO]     Top-2: ['deep(loss=0.6030,n=25)', 'wide(loss=0.6048,n=25)']
2026-05-08 23:46:19,590 [INFO]     ✅ Ensemble wins: ensemble=0.6024 vs meta=0.6024
2026-05-08 23:46:19,590 [INFO]     Final: ensemble-top2-C=50.00 cal=0.6024
2026-05-08 23:46:19,590 [INFO]   S1 time: 89s
2026-05-08 23:46:19,617 [INFO] 
  === S2 (rate=0.651) ===
2026-05-08 23:46:41,818 [INFO]   v48: best n_feat=20, cal=0.6158
2026-05-08 23:47:04,567 [INFO]   deep: best n_feat=20, cal=0.6193
2026-05-08 23:47:26,790 [INFO]   wide: best n_feat=20, cal=0.6143
2026-05-08 23:47:48,756 [INFO]   safety: best n_feat=20, cal=0.6052
2026-05-08 23:47:48,756 [INFO]     Top-2: ['safety(loss=0.6052,n=20)', 'wide(loss=0.6143,n=20)']
2026-05-08 23:47:48,785 [INFO]     ✅ Ensemble wins: ensemble=0.6081 vs meta=0.6088
2026-05-08 23:47:48,785 [INFO]     Final: ensemble-top2-C=50.00 cal=0.6081
2026-05-08 23:47:48,785 [INFO]   S2 time: 89s
2026-05-08 23:47:48,820 [INFO] 
  === S3 (rate=0.662) ===
2026-05-08 23:48:10,797 [INFO]   v48: best n_feat=20, cal=0.6281
2026-05-08 23:48:33,280 [INFO]   deep: best n_feat=5, cal=0.6255
2026-05-08 23:48:55,163 [INFO]   wide: best n_feat=10, cal=0.6284
2026-05-08 23:49:16,828 [INFO]   safety: best n_feat=20, cal=0.6247
2026-05-08 23:49:16,828 [INFO]     Top-2: ['safety(loss=0.6247,n=20)', 'deep(loss=0.6255,n=5)']
2026-05-08 23:49:16,860 [INFO]     ✅ Meta wins: meta=0.6117 vs ensemble=0.6197
2026-05-08 23:49:16,860 [INFO]     Final: meta-C=50.00+top2 cal=0.6117
2026-05-08 23:49:16,861 [INFO]   S3 time: 88s
2026-05-08 23:49:16,895 [INFO] 
  === S4 (rate=0.560) ===
2026-05-08 23:49:43,064 [INFO]   v48: best n_feat=25, cal=0.6513
2026-05-08 23:50:10,251 [INFO]   deep: best n_feat=10, cal=0.6474
2026-05-08 23:50:35,419 [INFO]   wide: best n_feat=8, cal=0.6471
2026-05-08 23:51:02,474 [INFO]   safety: best n_feat=20, cal=0.6518
2026-05-08 23:51:02,474 [INFO]     Top-2: ['wide(loss=0.6471,n=8)', 'deep(loss=0.6474,n=10)']
2026-05-08 23:51:02,493 [INFO]     ✅ Ensemble wins: ensemble=0.6432 vs meta=0.6444
2026-05-08 23:51:02,493 [INFO]     Final: ensemble-top2-C=50.00 cal=0.6432
2026-05-08 23:51:02,494 [INFO]   S4 time: 106s
2026-05-08 23:51:02,523 [INFO] 
======================================================================
2026-05-08 23:51:02,523 [INFO] V81 SUMMARY
2026-05-08 23:51:02,523 [INFO] ======================================================================
2026-05-08 23:51:02,523 [INFO]   Q1: meta-C=50.00+top2 Cal=0.6672 (top: ['wide', 'safety'])
2026-05-08 23:51:02,523 [INFO]   Q2: ensemble-top2-C=50.00 Cal=0.6330 (top: ['safety', 'v48'])
2026-05-08 23:51:02,524 [INFO]   Q3: meta-C=50.00+top2 Cal=0.6339 (top: ['v48', 'safety'])
2026-05-08 23:51:02,524 [INFO]   S1: ensemble-top2-C=50.00 Cal=0.6024 (top: ['deep', 'wide'])
2026-05-08 23:51:02,524 [INFO]   S2: ensemble-top2-C=50.00 Cal=0.6081 (top: ['safety', 'wide'])
2026-05-08 23:51:02,524 [INFO]   S3: meta-C=50.00+top2 Cal=0.6117 (top: ['safety', 'deep'])
2026-05-08 23:51:02,524 [INFO]   S4: ensemble-top2-C=50.00 Cal=0.6432 (top: ['wide', 'deep'])
2026-05-08 23:51:02,531 [INFO] 
  V81 Avg Cal: 0.6285
2026-05-08 23:51:02,531 [INFO]   V52 Avg Cal: 0.5725
2026-05-08 23:51:02,531 [INFO]   V10 Avg Cal: 0.6038
2026-05-08 23:51:02,531 [INFO]   Δ vs V52: +0.0560 (❌ Not improved)
2026-05-08 23:51:02,531 [INFO]   Δ vs V10: +0.0247 (❌ Not improved)
2026-05-08 23:51:02,531 [INFO]   Total: 678s (678.0min)
2026-05-08 23:51:02,541 [INFO]   OOF saved: /home/mwoo423/projects/dacon2/data_processed/oof_v81.csv
2026-05-08 23:51:02,541 [INFO] 
--- 6. Generate submission ---
2026-05-08 23:51:02,547 [INFO]   Submission: /home/mwoo423/projects/dacon2/submissions/submission_v81_oof_20260508_235102.csv
2026-05-08 23:51:02,548 [INFO]   Metadata saved: /home/mwoo423/projects/dacon2/submissions/meta_v81_20260508_235102.json
2026-05-08 23:51:02,548 [INFO] 
✅ DONE!
