2026-05-08 23:56:25,850 [INFO] ======================================================================
2026-05-08 23:56:25,850 [INFO] V82 — V52 Improved: Multi-Config Ensemble + Per-Target Config
2026-05-08 23:56:25,850 [INFO] ======================================================================
2026-05-08 23:56:25,850 [INFO] 
--- 1. Load features ---
2026-05-08 23:56:25,879 [INFO]   Loaded: (450, 153)
2026-05-08 23:56:30,720 [INFO]   After personalization: (450, 576)
2026-05-08 23:56:30,720 [INFO] 
--- 2. Feature ranking (LGBM importance) ---
2026-05-08 23:56:30,882 [INFO]   Q1: ranked 279 features
2026-05-08 23:56:31,036 [INFO]   Q2: ranked 279 features
2026-05-08 23:56:31,193 [INFO]   Q3: ranked 279 features
2026-05-08 23:56:31,328 [INFO]   S1: ranked 260 features
2026-05-08 23:56:31,471 [INFO]   S2: ranked 260 features
2026-05-08 23:56:31,615 [INFO]   S3: ranked 260 features
2026-05-08 23:56:31,765 [INFO]   S4: ranked 260 features
2026-05-08 23:56:31,765 [INFO] 
--- 3. Multi-config training + ensemble ──
2026-05-08 23:56:31,765 [INFO] 
  === Q1 (rate=0.496) ===
2026-05-09 00:00:17,599 [INFO]   Top 5 configs:
2026-05-09 00:00:17,599 [INFO]     deep_n20: cal=0.6125
2026-05-09 00:00:17,600 [INFO]     wide_n20: cal=0.6156
2026-05-09 00:00:17,600 [INFO]     v53_wide_n20: cal=0.6167
2026-05-09 00:00:17,600 [INFO]     v48_n20: cal=0.6179
2026-05-09 00:00:17,600 [INFO]     wide_n10: cal=0.6192
2026-05-09 00:00:17,622 [INFO] 
  Strategies: best_cfg=0.6125, top3_ens=0.6102, top5_ens=0.6064, stack=0.6123
2026-05-09 00:00:17,622 [INFO]   ✅ Best: top5_ens (deep_n20+wide_n20+v53_wide_n20+v48_n20+wide_n10) cal=0.6064
2026-05-09 00:00:17,622 [INFO]   Q1 time: 226s
2026-05-09 00:00:17,653 [INFO] 
  === Q2 (rate=0.562) ===
2026-05-09 00:04:24,845 [INFO]   Top 5 configs:
2026-05-09 00:04:24,846 [INFO]     deep_n15: cal=0.5641
2026-05-09 00:04:24,846 [INFO]     v48_n15: cal=0.5655
2026-05-09 00:04:24,846 [INFO]     v48_n10: cal=0.5700
2026-05-09 00:04:24,846 [INFO]     v53_deep_n15: cal=0.5713
2026-05-09 00:04:24,846 [INFO]     wide_n10: cal=0.5762
2026-05-09 00:04:24,868 [INFO] 
  Strategies: best_cfg=0.5641, top3_ens=0.5590, top5_ens=0.5608, stack=0.5624
2026-05-09 00:04:24,868 [INFO]   ✅ Best: top3_ens (deep_n15+v48_n15+v48_n10) cal=0.5590
2026-05-09 00:04:24,868 [INFO]   Q2 time: 247s
2026-05-09 00:04:24,899 [INFO] 
  === Q3 (rate=0.600) ===
2026-05-09 00:08:20,962 [INFO]   Top 5 configs:
2026-05-09 00:08:20,963 [INFO]     wide_n20: cal=0.5828
2026-05-09 00:08:20,963 [INFO]     v53_wide_n20: cal=0.5848
2026-05-09 00:08:20,963 [INFO]     v48_n15: cal=0.5864
2026-05-09 00:08:20,963 [INFO]     deep_n15: cal=0.5886
2026-05-09 00:08:20,963 [INFO]     deep_n10: cal=0.5892
2026-05-09 00:08:20,986 [INFO] 
  Strategies: best_cfg=0.5828, top3_ens=0.5795, top5_ens=0.5776, stack=0.5822
2026-05-09 00:08:20,986 [INFO]   ✅ Best: top5_ens (wide_n20+v53_wide_n20+v48_n15+deep_n15+deep_n10) cal=0.5776
2026-05-09 00:08:20,986 [INFO]   Q3 time: 236s
2026-05-09 00:08:21,013 [INFO] 
  === S1 (rate=0.682) ===
2026-05-09 00:11:21,690 [INFO]   Top 5 configs:
2026-05-09 00:11:21,690 [INFO]     deep_n10: cal=0.5398
2026-05-09 00:11:21,690 [INFO]     wide_n8: cal=0.5401
2026-05-09 00:11:21,690 [INFO]     deep_n8: cal=0.5410
2026-05-09 00:11:21,690 [INFO]     v53_deep_n8: cal=0.5423
2026-05-09 00:11:21,690 [INFO]     v48_n8: cal=0.5439
2026-05-09 00:11:21,712 [INFO] 
  Strategies: best_cfg=0.5398, top3_ens=0.5316, top5_ens=0.5334, stack=0.5305
2026-05-09 00:11:21,712 [INFO]   ✅ Best: stack (stack-C=50.00) cal=0.5305
2026-05-09 00:11:21,712 [INFO]   S1 time: 181s
2026-05-09 00:11:21,741 [INFO] 
  === S2 (rate=0.651) ===
2026-05-09 00:14:30,259 [INFO]   Top 5 configs:
2026-05-09 00:14:30,259 [INFO]     v53_deep_n10: cal=0.5735
2026-05-09 00:14:30,259 [INFO]     v53_deep_n20: cal=0.5751
2026-05-09 00:14:30,259 [INFO]     v53_wide_n10: cal=0.5753
2026-05-09 00:14:30,259 [INFO]     v48_n20: cal=0.5757
2026-05-09 00:14:30,259 [INFO]     v48_n10: cal=0.5758
2026-05-09 00:14:30,282 [INFO] 
  Strategies: best_cfg=0.5735, top3_ens=0.5651, top5_ens=0.5643, stack=0.5620
2026-05-09 00:14:30,282 [INFO]   ✅ Best: stack (stack-C=50.00) cal=0.5620
2026-05-09 00:14:30,282 [INFO]   S2 time: 189s
2026-05-09 00:14:30,317 [INFO] 
  === S3 (rate=0.662) ===
2026-05-09 00:17:34,709 [INFO]   Top 5 configs:
2026-05-09 00:17:34,709 [INFO]     v53_wide_n8: cal=0.5365
2026-05-09 00:17:34,709 [INFO]     wide_n8: cal=0.5392
2026-05-09 00:17:34,709 [INFO]     safety_n8: cal=0.5445
2026-05-09 00:17:34,709 [INFO]     wide_n10: cal=0.5446
2026-05-09 00:17:34,709 [INFO]     v53_wide_n10: cal=0.5447
2026-05-09 00:17:34,732 [INFO] 
  Strategies: best_cfg=0.5365, top3_ens=0.5377, top5_ens=0.5373, stack=0.5401
2026-05-09 00:17:34,732 [INFO]   ✅ Best: best_cfg (v53_wide_n8) cal=0.5365
2026-05-09 00:17:34,732 [INFO]   S3 time: 184s
2026-05-09 00:17:34,764 [INFO] 
  === S4 (rate=0.560) ===
2026-05-09 00:21:12,571 [INFO]   Top 5 configs:
2026-05-09 00:21:12,571 [INFO]     v53_deep_n15: cal=0.5902
2026-05-09 00:21:12,571 [INFO]     wide_n15: cal=0.5931
2026-05-09 00:21:12,571 [INFO]     deep_n15: cal=0.5961
2026-05-09 00:21:12,571 [INFO]     safety_n8: cal=0.5966
2026-05-09 00:21:12,571 [INFO]     v48_n15: cal=0.5972
2026-05-09 00:21:12,595 [INFO] 
  Strategies: best_cfg=0.5902, top3_ens=0.5881, top5_ens=0.5857, stack=0.5909
2026-05-09 00:21:12,595 [INFO]   ✅ Best: top5_ens (v53_deep_n15+wide_n15+deep_n15+safety_n8+v48_n15) cal=0.5857
2026-05-09 00:21:12,595 [INFO]   S4 time: 218s
2026-05-09 00:21:12,628 [INFO] 
======================================================================
2026-05-09 00:21:12,628 [INFO] V82 SUMMARY
2026-05-09 00:21:12,628 [INFO] ======================================================================
2026-05-09 00:21:12,628 [INFO]   Q1: top5_ens (deep_n20+wide_n20+v53_wide_n20+v48_n20+wide_n10) Cal=0.6064
2026-05-09 00:21:12,628 [INFO]   Q2: top3_ens (deep_n15+v48_n15+v48_n10) Cal=0.5590
2026-05-09 00:21:12,628 [INFO]   Q3: top5_ens (wide_n20+v53_wide_n20+v48_n15+deep_n15+deep_n10) Cal=0.5776
2026-05-09 00:21:12,628 [INFO]   S1: stack (stack-C=50.00) Cal=0.5305
2026-05-09 00:21:12,628 [INFO]   S2: stack (stack-C=50.00) Cal=0.5620
2026-05-09 00:21:12,628 [INFO]   S3: best_cfg (v53_wide_n8) Cal=0.5365
2026-05-09 00:21:12,628 [INFO]   S4: top5_ens (v53_deep_n15+wide_n15+deep_n15+safety_n8+v48_n15) Cal=0.5857
2026-05-09 00:21:12,635 [INFO] 
  V82 Avg Cal: 0.5654
2026-05-09 00:21:12,635 [INFO]   V52 Avg Cal: 0.5725
2026-05-09 00:21:12,635 [INFO]   V10 Avg Cal: 0.6038
2026-05-09 00:21:12,635 [INFO]   V80 Avg Cal: 0.6124
2026-05-09 00:21:12,635 [INFO]   V81 Avg Cal: 0.6285
2026-05-09 00:21:12,635 [INFO]   Δ vs V52: -0.0071 (✅ IMPROVED)
2026-05-09 00:21:12,635 [INFO]   Δ vs V10: -0.0384
2026-05-09 00:21:12,635 [INFO]   Total: 1487s (1486.8min)
2026-05-09 00:21:12,643 [INFO]   OOF saved: /home/mwoo423/projects/dacon2/data_processed/oof_v82.csv
2026-05-09 00:21:12,643 [INFO]   Metadata saved: /home/mwoo423/projects/dacon2/submissions/meta_v82_20260509_002112.json
2026-05-09 00:21:12,643 [INFO] 
✅ DONE!
