2026-05-10 17:09:44,275 [INFO] ================================================================================
2026-05-10 17:09:44,275 [INFO] V91: Lightweight V53 Optimization
2026-05-10 17:09:44,275 [INFO] ================================================================================
2026-05-10 17:09:44,275 [INFO] 
Experiment plans per target:
2026-05-10 17:09:44,275 [INFO]   Q1: 7 plans
2026-05-10 17:09:44,275 [INFO]     plan1: deep_s30_nf20_r0
2026-05-10 17:09:44,275 [INFO]     plan2: deep_s50_nf20_r0
2026-05-10 17:09:44,275 [INFO]     plan3: deep_s30_nf20_r1
2026-05-10 17:09:44,275 [INFO]     plan4: deep_s50_nf19_r0
2026-05-10 17:09:44,275 [INFO]     plan5: deep_s100_nf20_r0
2026-05-10 17:09:44,275 [INFO]     plan6: wide_s30_nf20_r0
2026-05-10 17:09:44,275 [INFO]     plan7: safety_s30_nf20_r0
2026-05-10 17:09:44,275 [INFO]   Q2: 7 plans
2026-05-10 17:09:44,275 [INFO]     plan1: deep_s30_nf20_r0
2026-05-10 17:09:44,275 [INFO]     plan2: deep_s50_nf20_r0
2026-05-10 17:09:44,275 [INFO]     plan3: deep_s30_nf20_r1
2026-05-10 17:09:44,275 [INFO]     plan4: deep_s50_nf14_r0
2026-05-10 17:09:44,275 [INFO]     plan5: deep_s100_nf20_r0
2026-05-10 17:09:44,275 [INFO]     plan6: wide_s30_nf20_r0
2026-05-10 17:09:44,275 [INFO]     plan7: safety_s30_nf20_r0
2026-05-10 17:09:44,276 [INFO]   Q3: 7 plans
2026-05-10 17:09:44,276 [INFO]     plan1: v48_s30_nf20_r0
2026-05-10 17:09:44,276 [INFO]     plan2: v48_s50_nf20_r0
2026-05-10 17:09:44,276 [INFO]     plan3: v48_s30_nf20_r1
2026-05-10 17:09:44,276 [INFO]     plan4: v48_s50_nf5_r0
2026-05-10 17:09:44,276 [INFO]     plan5: v48_s100_nf20_r0
2026-05-10 17:09:44,276 [INFO]     plan6: wide_s30_nf20_r0
2026-05-10 17:09:44,276 [INFO]     plan7: safety_s30_nf20_r0
2026-05-10 17:09:44,276 [INFO]   S1: 7 plans
2026-05-10 17:09:44,276 [INFO]     plan1: wide_s30_nf20_r0
2026-05-10 17:09:44,276 [INFO]     plan2: wide_s50_nf20_r0
2026-05-10 17:09:44,276 [INFO]     plan3: wide_s30_nf20_r1
2026-05-10 17:09:44,276 [INFO]     plan4: wide_s50_nf21_r0
2026-05-10 17:09:44,276 [INFO]     plan5: wide_s100_nf20_r0
2026-05-10 17:09:44,276 [INFO]     plan6: wide_s30_nf20_r0
2026-05-10 17:09:44,276 [INFO]     plan7: safety_s30_nf20_r0
2026-05-10 17:09:44,276 [INFO]   S2: 7 plans
2026-05-10 17:09:44,276 [INFO]     plan1: deep_s30_nf20_r0
2026-05-10 17:09:44,276 [INFO]     plan2: deep_s50_nf20_r0
2026-05-10 17:09:44,276 [INFO]     plan3: deep_s30_nf20_r1
2026-05-10 17:09:44,276 [INFO]     plan4: deep_s50_nf19_r0
2026-05-10 17:09:44,276 [INFO]     plan5: deep_s100_nf20_r0
2026-05-10 17:09:44,276 [INFO]     plan6: wide_s30_nf20_r0
2026-05-10 17:09:44,276 [INFO]     plan7: safety_s30_nf20_r0
2026-05-10 17:09:44,276 [INFO]   S3: 7 plans
2026-05-10 17:09:44,276 [INFO]     plan1: safety_s30_nf20_r0
2026-05-10 17:09:44,276 [INFO]     plan2: safety_s50_nf20_r0
2026-05-10 17:09:44,276 [INFO]     plan3: safety_s30_nf20_r1
2026-05-10 17:09:44,276 [INFO]     plan4: safety_s50_nf21_r0
2026-05-10 17:09:44,276 [INFO]     plan5: safety_s100_nf20_r0
2026-05-10 17:09:44,276 [INFO]     plan6: wide_s30_nf20_r0
2026-05-10 17:09:44,276 [INFO]     plan7: safety_s30_nf20_r0
2026-05-10 17:09:44,276 [INFO]   S4: 7 plans
2026-05-10 17:09:44,276 [INFO]     plan1: wide_s30_nf20_r0
2026-05-10 17:09:44,276 [INFO]     plan2: wide_s50_nf20_r0
2026-05-10 17:09:44,276 [INFO]     plan3: wide_s30_nf20_r1
2026-05-10 17:09:44,276 [INFO]     plan4: wide_s50_nf20_r0
2026-05-10 17:09:44,276 [INFO]     plan5: wide_s100_nf20_r0
2026-05-10 17:09:44,276 [INFO]     plan6: wide_s30_nf20_r0
2026-05-10 17:09:44,276 [INFO]     plan7: safety_s30_nf20_r0
2026-05-10 17:09:44,276 [INFO] 
############################################################
2026-05-10 17:09:44,276 [INFO] Processing target: Q1
2026-05-10 17:09:44,276 [INFO] ############################################################
2026-05-10 17:09:44,276 [INFO] 
[plan1] deep_s30_nf20_r0
2026-05-10 17:10:29,179 [INFO]     nf20: CV=1.1868, CalOOF=0.6750, test_mean=0.4957, shift=+0.0002
2026-05-10 17:11:09,495 [INFO]     nf17: CV=1.2015, CalOOF=0.6802, test_mean=0.4956, shift=+0.0000
2026-05-10 17:11:57,880 [INFO]     nf23: CV=1.1949, CalOOF=0.6758, test_mean=0.4957, shift=+0.0002
2026-05-10 17:11:57,918 [INFO] 
[plan2] deep_s50_nf20_r0
2026-05-10 17:13:10,827 [INFO]     nf20: CV=1.1869, CalOOF=0.6750, test_mean=0.4957, shift=+0.0002
2026-05-10 17:14:17,318 [INFO]     nf17: CV=1.2011, CalOOF=0.6801, test_mean=0.4956, shift=+0.0000
2026-05-10 17:15:37,185 [INFO]     nf23: CV=1.1950, CalOOF=0.6758, test_mean=0.4957, shift=+0.0002
2026-05-10 17:15:37,225 [INFO] 
[plan3] deep_s30_nf20_r1
2026-05-10 17:16:27,868 [INFO]     nf20: CV=1.1547, CalOOF=0.6609, test_mean=0.4955, shift=-0.0001
2026-05-10 17:17:10,643 [INFO]     nf17: CV=1.1948, CalOOF=0.6664, test_mean=0.4946, shift=-0.0009
2026-05-10 17:18:01,909 [INFO]     nf23: CV=1.1521, CalOOF=0.6601, test_mean=0.4955, shift=-0.0001
2026-05-10 17:18:01,951 [INFO] 
[plan4] deep_s50_nf19_r0
2026-05-10 17:19:11,924 [INFO]     nf19: CV=1.1914, CalOOF=0.6752, test_mean=0.4956, shift=+0.0001
2026-05-10 17:20:16,618 [INFO]     nf16: CV=1.2005, CalOOF=0.6775, test_mean=0.4956, shift=+0.0001
2026-05-10 17:21:33,242 [INFO]     nf22: CV=1.1748, CalOOF=0.6733, test_mean=0.4959, shift=+0.0003
2026-05-10 17:21:33,281 [INFO] 
[plan5] deep_s100_nf20_r0
2026-05-10 17:23:58,787 [INFO]     nf20: CV=1.1875, CalOOF=0.6750, test_mean=0.4957, shift=+0.0002
2026-05-10 17:26:10,723 [INFO]     nf17: CV=1.2008, CalOOF=0.6802, test_mean=0.4956, shift=+0.0000
2026-05-10 17:28:50,488 [INFO]     nf23: CV=1.1951, CalOOF=0.6757, test_mean=0.4957, shift=+0.0002
2026-05-10 17:28:50,529 [INFO] 
[plan6] wide_s30_nf20_r0
2026-05-10 17:29:01,689 [INFO]     nf20: CV=1.1684, CalOOF=0.6744, test_mean=0.4956, shift=+0.0000
2026-05-10 17:29:11,598 [INFO]     nf17: CV=1.1792, CalOOF=0.6761, test_mean=0.4956, shift=-0.0000
2026-05-10 17:29:22,987 [INFO]     nf23: CV=1.1702, CalOOF=0.6744, test_mean=0.4956, shift=+0.0000
2026-05-10 17:29:23,023 [INFO] 
[plan7] safety_s30_nf20_r0
2026-05-10 17:29:44,354 [INFO]     nf20: CV=1.1577, CalOOF=0.6721, test_mean=0.4956, shift=+0.0000
2026-05-10 17:30:03,492 [INFO]     nf17: CV=1.1643, CalOOF=0.6738, test_mean=0.4956, shift=-0.0000
2026-05-10 17:30:26,254 [INFO]     nf23: CV=1.1657, CalOOF=0.6744, test_mean=0.4956, shift=+0.0000
2026-05-10 17:30:26,292 [INFO] 
Q1 total time: 1242s
2026-05-10 17:30:26,292 [INFO] 
############################################################
2026-05-10 17:30:26,292 [INFO] Processing target: Q2
2026-05-10 17:30:26,292 [INFO] ############################################################
2026-05-10 17:30:26,292 [INFO] 
[plan1] deep_s30_nf20_r0
2026-05-10 17:31:12,788 [INFO]     nf20: CV=1.2381, CalOOF=0.6539, test_mean=0.5622, shift=+0.0000
2026-05-10 17:31:54,884 [INFO]     nf17: CV=1.2338, CalOOF=0.6537, test_mean=0.5622, shift=+0.0000
2026-05-10 17:32:44,254 [INFO]     nf23: CV=1.2388, CalOOF=0.6535, test_mean=0.5623, shift=+0.0001
2026-05-10 17:32:44,294 [INFO] 
[plan2] deep_s50_nf20_r0
2026-05-10 17:34:02,111 [INFO]     nf20: CV=1.2376, CalOOF=0.6538, test_mean=0.5622, shift=+0.0000
2026-05-10 17:35:13,505 [INFO]     nf17: CV=1.2338, CalOOF=0.6537, test_mean=0.5622, shift=+0.0000
2026-05-10 17:36:37,233 [INFO]     nf23: CV=1.2386, CalOOF=0.6535, test_mean=0.5623, shift=+0.0001
2026-05-10 17:36:37,274 [INFO] 
[plan3] deep_s30_nf20_r1
2026-05-10 17:37:26,534 [INFO]     nf20: CV=1.2429, CalOOF=0.6399, test_mean=0.5623, shift=+0.0001
2026-05-10 17:38:08,006 [INFO]     nf17: CV=1.2693, CalOOF=0.6432, test_mean=0.5622, shift=+0.0000
2026-05-10 17:38:57,534 [INFO]     nf23: CV=1.2222, CalOOF=0.6390, test_mean=0.5624, shift=+0.0002
2026-05-10 17:38:57,572 [INFO] 
[plan4] deep_s50_nf14_r0
2026-05-10 17:39:59,119 [INFO]     nf14: CV=1.2377, CalOOF=0.6528, test_mean=0.5622, shift=+0.0000
2026-05-10 17:40:56,778 [INFO]     nf11: CV=1.2507, CalOOF=0.6538, test_mean=0.5622, shift=+0.0000
2026-05-10 17:42:07,185 [INFO]     nf17: CV=1.2338, CalOOF=0.6537, test_mean=0.5622, shift=+0.0000
2026-05-10 17:42:07,224 [INFO] 
[plan5] deep_s100_nf20_r0
2026-05-10 17:44:42,010 [INFO]     nf20: CV=1.2375, CalOOF=0.6539, test_mean=0.5622, shift=+0.0000
2026-05-10 17:47:02,544 [INFO]     nf17: CV=1.2337, CalOOF=0.6537, test_mean=0.5622, shift=+0.0000
2026-05-10 17:49:47,708 [INFO]     nf23: CV=1.2384, CalOOF=0.6535, test_mean=0.5623, shift=+0.0001
2026-05-10 17:49:47,748 [INFO] 
[plan6] wide_s30_nf20_r0
2026-05-10 17:49:59,739 [INFO]     nf20: CV=1.2974, CalOOF=0.6608, test_mean=0.5622, shift=-0.0000
2026-05-10 17:50:09,722 [INFO]     nf17: CV=1.2802, CalOOF=0.6593, test_mean=0.5622, shift=+0.0000
2026-05-10 17:50:22,335 [INFO]     nf23: CV=1.2974, CalOOF=0.6613, test_mean=0.5622, shift=+0.0000
2026-05-10 17:50:22,375 [INFO] 
[plan7] safety_s30_nf20_r0
2026-05-10 17:50:44,740 [INFO]     nf20: CV=1.2703, CalOOF=0.6609, test_mean=0.5622, shift=+0.0000
2026-05-10 17:51:04,346 [INFO]     nf17: CV=1.2699, CalOOF=0.6616, test_mean=0.5622, shift=+0.0000
2026-05-10 17:51:27,938 [INFO]     nf23: CV=1.2708, CalOOF=0.6598, test_mean=0.5622, shift=+0.0000
2026-05-10 17:51:27,978 [INFO] 
Q2 total time: 1262s
2026-05-10 17:51:27,978 [INFO] 
############################################################
2026-05-10 17:51:27,978 [INFO] Processing target: Q3
2026-05-10 17:51:27,979 [INFO] ############################################################
2026-05-10 17:51:27,979 [INFO] 
[plan1] v48_s30_nf20_r0
2026-05-10 17:51:50,594 [INFO]     nf20: CV=1.3045, CalOOF=0.6456, test_mean=0.5995, shift=-0.0005
2026-05-10 17:52:10,433 [INFO]     nf17: CV=1.3029, CalOOF=0.6457, test_mean=0.5997, shift=-0.0003
2026-05-10 17:52:34,693 [INFO]     nf23: CV=1.3013, CalOOF=0.6463, test_mean=0.5996, shift=-0.0004
2026-05-10 17:52:34,732 [INFO] 
[plan2] v48_s50_nf20_r0
2026-05-10 17:53:12,483 [INFO]     nf20: CV=1.3046, CalOOF=0.6457, test_mean=0.5996, shift=-0.0004
2026-05-10 17:53:45,351 [INFO]     nf17: CV=1.3029, CalOOF=0.6456, test_mean=0.5997, shift=-0.0003
2026-05-10 17:54:25,933 [INFO]     nf23: CV=1.3011, CalOOF=0.6464, test_mean=0.5996, shift=-0.0004
2026-05-10 17:54:25,970 [INFO] 
[plan3] v48_s30_nf20_r1
2026-05-10 17:54:51,650 [INFO]     nf20: CV=1.2873, CalOOF=0.6311, test_mean=0.6000, shift=+0.0000
2026-05-10 17:55:11,647 [INFO]     nf17: CV=1.2929, CalOOF=0.6325, test_mean=0.6000, shift=-0.0000
2026-05-10 17:55:35,514 [INFO]     nf23: CV=1.2692, CalOOF=0.6336, test_mean=0.6000, shift=+0.0000
2026-05-10 17:55:35,553 [INFO] 
[plan4] v48_s50_nf5_r0
2026-05-10 17:55:54,138 [INFO]     nf5: CV=1.3589, CalOOF=0.6517, test_mean=0.5999, shift=-0.0001
2026-05-10 17:56:12,183 [INFO]     nf5: CV=1.3589, CalOOF=0.6517, test_mean=0.5999, shift=-0.0001
2026-05-10 17:56:35,447 [INFO]     nf8: CV=1.3397, CalOOF=0.6494, test_mean=0.5999, shift=-0.0001
2026-05-10 17:56:35,490 [INFO] 
[plan5] v48_s100_nf20_r0
2026-05-10 17:57:49,821 [INFO]     nf20: CV=1.3046, CalOOF=0.6456, test_mean=0.5996, shift=-0.0004
2026-05-10 17:58:55,371 [INFO]     nf17: CV=1.3031, CalOOF=0.6456, test_mean=0.5997, shift=-0.0003
2026-05-10 18:00:17,037 [INFO]     nf23: CV=1.3009, CalOOF=0.6464, test_mean=0.5996, shift=-0.0004
2026-05-10 18:00:17,075 [INFO] 
[plan6] wide_s30_nf20_r0
2026-05-10 18:00:28,865 [INFO]     nf20: CV=1.3354, CalOOF=0.6466, test_mean=0.5999, shift=-0.0001
2026-05-10 18:00:38,771 [INFO]     nf17: CV=1.3403, CalOOF=0.6451, test_mean=0.5999, shift=-0.0001
2026-05-10 18:00:50,655 [INFO]     nf23: CV=1.3322, CalOOF=0.6476, test_mean=0.6000, shift=-0.0000
2026-05-10 18:00:50,690 [INFO] 
[plan7] safety_s30_nf20_r0
2026-05-10 18:01:14,254 [INFO]     nf20: CV=1.3558, CalOOF=0.6545, test_mean=0.5998, shift=-0.0002
2026-05-10 18:01:34,678 [INFO]     nf17: CV=1.3569, CalOOF=0.6530, test_mean=0.5999, shift=-0.0001
2026-05-10 18:01:58,968 [INFO]     nf23: CV=1.3592, CalOOF=0.6551, test_mean=0.5998, shift=-0.0002
2026-05-10 18:01:59,006 [INFO] 
Q3 total time: 631s
2026-05-10 18:01:59,007 [INFO] 
############################################################
2026-05-10 18:01:59,007 [INFO] Processing target: S1
2026-05-10 18:01:59,007 [INFO] ############################################################
2026-05-10 18:01:59,007 [INFO] 
[plan1] wide_s30_nf20_r0
2026-05-10 18:02:08,956 [INFO]     nf20: CV=1.4893, CalOOF=0.5972, test_mean=0.6819, shift=-0.0003
2026-05-10 18:02:17,481 [INFO]     nf17: CV=1.4854, CalOOF=0.5984, test_mean=0.6815, shift=-0.0007
2026-05-10 18:02:27,658 [INFO]     nf23: CV=1.5067, CalOOF=0.6014, test_mean=0.6820, shift=-0.0002
2026-05-10 18:02:27,696 [INFO] 
[plan2] wide_s50_nf20_r0
2026-05-10 18:02:43,722 [INFO]     nf20: CV=1.4894, CalOOF=0.5971, test_mean=0.6819, shift=-0.0003
2026-05-10 18:02:57,970 [INFO]     nf17: CV=1.4857, CalOOF=0.5984, test_mean=0.6815, shift=-0.0007
2026-05-10 18:03:14,564 [INFO]     nf23: CV=1.5066, CalOOF=0.6014, test_mean=0.6820, shift=-0.0002
2026-05-10 18:03:14,603 [INFO] 
[plan3] wide_s30_nf20_r1
2026-05-10 18:03:28,097 [INFO]     nf20: CV=1.4670, CalOOF=0.5820, test_mean=0.6818, shift=-0.0005
2026-05-10 18:03:37,236 [INFO]     nf17: CV=1.4560, CalOOF=0.5802, test_mean=0.6819, shift=-0.0003
2026-05-10 18:03:48,145 [INFO]     nf23: CV=1.4405, CalOOF=0.5833, test_mean=0.6819, shift=-0.0003
2026-05-10 18:03:48,192 [INFO] 
[plan4] wide_s50_nf21_r0
2026-05-10 18:04:04,880 [INFO]     nf21: CV=1.5004, CalOOF=0.6006, test_mean=0.6820, shift=-0.0002
2026-05-10 18:04:18,720 [INFO]     nf18: CV=1.4831, CalOOF=0.5989, test_mean=0.6813, shift=-0.0009
2026-05-10 18:04:35,681 [INFO]     nf24: CV=1.5016, CalOOF=0.6009, test_mean=0.6820, shift=-0.0002
2026-05-10 18:04:35,719 [INFO] 
[plan5] wide_s100_nf20_r0
2026-05-10 18:05:07,098 [INFO]     nf20: CV=1.4893, CalOOF=0.5971, test_mean=0.6819, shift=-0.0003
2026-05-10 18:05:35,222 [INFO]     nf17: CV=1.4854, CalOOF=0.5983, test_mean=0.6815, shift=-0.0007
2026-05-10 18:06:09,136 [INFO]     nf23: CV=1.5066, CalOOF=0.6014, test_mean=0.6820, shift=-0.0002
2026-05-10 18:06:09,174 [INFO] 
[plan6] wide_s30_nf20_r0
2026-05-10 18:06:19,095 [INFO]     nf20: CV=1.4893, CalOOF=0.5972, test_mean=0.6819, shift=-0.0003
2026-05-10 18:06:27,480 [INFO]     nf17: CV=1.4854, CalOOF=0.5984, test_mean=0.6815, shift=-0.0007
2026-05-10 18:06:37,479 [INFO]     nf23: CV=1.5067, CalOOF=0.6014, test_mean=0.6820, shift=-0.0002
2026-05-10 18:06:37,520 [INFO] 
[plan7] safety_s30_nf20_r0
2026-05-10 18:06:54,607 [INFO]     nf20: CV=1.5239, CalOOF=0.6063, test_mean=0.6822, shift=-0.0001
2026-05-10 18:07:09,547 [INFO]     nf17: CV=1.5310, CalOOF=0.6087, test_mean=0.6821, shift=-0.0001
2026-05-10 18:07:27,442 [INFO]     nf23: CV=1.5179, CalOOF=0.6055, test_mean=0.6822, shift=-0.0000
2026-05-10 18:07:27,487 [INFO] 
S1 total time: 328s
2026-05-10 18:07:27,488 [INFO] 
############################################################
2026-05-10 18:07:27,488 [INFO] Processing target: S2
2026-05-10 18:07:27,488 [INFO] ############################################################
2026-05-10 18:07:27,488 [INFO] 
[plan1] deep_s30_nf20_r0
2026-05-10 18:08:13,183 [INFO]     nf20: CV=1.4342, CalOOF=0.6195, test_mean=0.6469, shift=-0.0042
2026-05-10 18:08:54,163 [INFO]     nf17: CV=1.4457, CalOOF=0.6242, test_mean=0.6444, shift=-0.0067
2026-05-10 18:09:43,321 [INFO]     nf23: CV=1.4437, CalOOF=0.6251, test_mean=0.6472, shift=-0.0039
2026-05-10 18:09:43,361 [INFO] 
[plan2] deep_s50_nf20_r0
2026-05-10 18:10:59,556 [INFO]     nf20: CV=1.4334, CalOOF=0.6195, test_mean=0.6469, shift=-0.0042
2026-05-10 18:12:07,903 [INFO]     nf17: CV=1.4452, CalOOF=0.6242, test_mean=0.6444, shift=-0.0067
2026-05-10 18:13:30,002 [INFO]     nf23: CV=1.4436, CalOOF=0.6252, test_mean=0.6473, shift=-0.0038
2026-05-10 18:13:30,042 [INFO] 
[plan3] deep_s30_nf20_r1
2026-05-10 18:14:17,326 [INFO]     nf20: CV=1.4437, CalOOF=0.6140, test_mean=0.6445, shift=-0.0066
2026-05-10 18:14:57,130 [INFO]     nf17: CV=1.4179, CalOOF=0.6128, test_mean=0.6456, shift=-0.0055
2026-05-10 18:15:45,846 [INFO]     nf23: CV=1.4155, CalOOF=0.6109, test_mean=0.6461, shift=-0.0050
2026-05-10 18:15:45,888 [INFO] 
[plan4] deep_s50_nf19_r0
2026-05-10 18:16:57,857 [INFO]     nf19: CV=1.4484, CalOOF=0.6216, test_mean=0.6448, shift=-0.0063
2026-05-10 18:18:06,642 [INFO]     nf16: CV=1.4477, CalOOF=0.6251, test_mean=0.6444, shift=-0.0067
2026-05-10 18:19:25,781 [INFO]     nf22: CV=1.4424, CalOOF=0.6237, test_mean=0.6476, shift=-0.0035
2026-05-10 18:19:25,820 [INFO] 
[plan5] deep_s100_nf20_r0
2026-05-10 18:21:57,286 [INFO]     nf20: CV=1.4332, CalOOF=0.6194, test_mean=0.6469, shift=-0.0042
2026-05-10 18:24:14,313 [INFO]     nf17: CV=1.4437, CalOOF=0.6242, test_mean=0.6444, shift=-0.0067
2026-05-10 18:26:58,710 [INFO]     nf23: CV=1.4424, CalOOF=0.6250, test_mean=0.6473, shift=-0.0039
2026-05-10 18:26:58,754 [INFO] 
[plan6] wide_s30_nf20_r0
2026-05-10 18:27:09,104 [INFO]     nf20: CV=1.4762, CalOOF=0.6229, test_mean=0.6503, shift=-0.0008
2026-05-10 18:27:18,178 [INFO]     nf17: CV=1.4654, CalOOF=0.6220, test_mean=0.6501, shift=-0.0010
2026-05-10 18:27:29,120 [INFO]     nf23: CV=1.4713, CalOOF=0.6231, test_mean=0.6506, shift=-0.0005
2026-05-10 18:27:29,155 [INFO] 
[plan7] safety_s30_nf20_r0
2026-05-10 18:27:46,548 [INFO]     nf20: CV=1.4939, CalOOF=0.6320, test_mean=0.6511, shift=-0.0000
2026-05-10 18:28:01,916 [INFO]     nf17: CV=1.4996, CalOOF=0.6335, test_mean=0.6511, shift=-0.0000
2026-05-10 18:28:21,122 [INFO]     nf23: CV=1.4790, CalOOF=0.6316, test_mean=0.6511, shift=+0.0000
2026-05-10 18:28:21,160 [INFO] 
S2 total time: 1254s
2026-05-10 18:28:21,160 [INFO] 
############################################################
2026-05-10 18:28:21,160 [INFO] Processing target: S3
2026-05-10 18:28:21,160 [INFO] ############################################################
2026-05-10 18:28:21,160 [INFO] 
[plan1] safety_s30_nf20_r0
2026-05-10 18:28:37,758 [INFO]     nf20: CV=1.4929, CalOOF=0.6322, test_mean=0.6614, shift=-0.0009
2026-05-10 18:28:52,156 [INFO]     nf17: CV=1.5064, CalOOF=0.6301, test_mean=0.6617, shift=-0.0006
2026-05-10 18:29:10,224 [INFO]     nf23: CV=1.4770, CalOOF=0.6313, test_mean=0.6609, shift=-0.0013
2026-05-10 18:29:10,268 [INFO] 
[plan2] safety_s50_nf20_r0
2026-05-10 18:29:37,644 [INFO]     nf20: CV=1.4925, CalOOF=0.6322, test_mean=0.6614, shift=-0.0009
2026-05-10 18:30:01,452 [INFO]     nf17: CV=1.5067, CalOOF=0.6301, test_mean=0.6617, shift=-0.0006
2026-05-10 18:30:31,507 [INFO]     nf23: CV=1.4770, CalOOF=0.6314, test_mean=0.6609, shift=-0.0013
2026-05-10 18:30:31,551 [INFO] 
[plan3] safety_s30_nf20_r1
2026-05-10 18:30:52,351 [INFO]     nf20: CV=1.5051, CalOOF=0.6131, test_mean=0.6614, shift=-0.0008
2026-05-10 18:31:07,690 [INFO]     nf17: CV=1.5099, CalOOF=0.6111, test_mean=0.6616, shift=-0.0006
2026-05-10 18:31:26,359 [INFO]     nf23: CV=1.5007, CalOOF=0.6131, test_mean=0.6615, shift=-0.0007
2026-05-10 18:31:26,402 [INFO] 
[plan4] safety_s50_nf21_r0
2026-05-10 18:31:54,025 [INFO]     nf21: CV=1.4860, CalOOF=0.6320, test_mean=0.6614, shift=-0.0008
2026-05-10 18:32:18,210 [INFO]     nf18: CV=1.4993, CalOOF=0.6308, test_mean=0.6615, shift=-0.0007
2026-05-10 18:32:49,154 [INFO]     nf24: CV=1.4887, CalOOF=0.6326, test_mean=0.6613, shift=-0.0009
2026-05-10 18:32:49,200 [INFO] 
[plan5] safety_s100_nf20_r0
2026-05-10 18:33:42,478 [INFO]     nf20: CV=1.4927, CalOOF=0.6322, test_mean=0.6614, shift=-0.0009
2026-05-10 18:34:30,105 [INFO]     nf17: CV=1.5066, CalOOF=0.6301, test_mean=0.6617, shift=-0.0006
2026-05-10 18:35:29,887 [INFO]     nf23: CV=1.4770, CalOOF=0.6313, test_mean=0.6609, shift=-0.0013
2026-05-10 18:35:29,928 [INFO] 
[plan6] wide_s30_nf20_r0
2026-05-10 18:35:39,738 [INFO]     nf20: CV=1.4600, CalOOF=0.6261, test_mean=0.6585, shift=-0.0038
2026-05-10 18:35:48,481 [INFO]     nf17: CV=1.4641, CalOOF=0.6279, test_mean=0.6577, shift=-0.0045
2026-05-10 18:35:58,721 [INFO]     nf23: CV=1.4589, CalOOF=0.6237, test_mean=0.6597, shift=-0.0026
2026-05-10 18:35:58,761 [INFO] 
[plan7] safety_s30_nf20_r0
2026-05-10 18:36:15,392 [INFO]     nf20: CV=1.4929, CalOOF=0.6322, test_mean=0.6614, shift=-0.0009
2026-05-10 18:36:30,032 [INFO]     nf17: CV=1.5064, CalOOF=0.6301, test_mean=0.6617, shift=-0.0006
2026-05-10 18:36:47,915 [INFO]     nf23: CV=1.4770, CalOOF=0.6313, test_mean=0.6609, shift=-0.0013
2026-05-10 18:36:47,956 [INFO] 
S3 total time: 507s
2026-05-10 18:36:47,956 [INFO] 
############################################################
2026-05-10 18:36:47,956 [INFO] Processing target: S4
2026-05-10 18:36:47,956 [INFO] ############################################################
2026-05-10 18:36:47,957 [INFO] 
[plan1] wide_s30_nf20_r0
2026-05-10 18:36:58,938 [INFO]     nf20: CV=1.2884, CalOOF=0.6668, test_mean=0.5598, shift=-0.0002
2026-05-10 18:37:08,473 [INFO]     nf17: CV=1.2946, CalOOF=0.6652, test_mean=0.5598, shift=-0.0002
2026-05-10 18:37:20,423 [INFO]     nf23: CV=1.2936, CalOOF=0.6665, test_mean=0.5597, shift=-0.0003
2026-05-10 18:37:20,464 [INFO] 
[plan2] wide_s50_nf20_r0
2026-05-10 18:37:38,637 [INFO]     nf20: CV=1.2884, CalOOF=0.6668, test_mean=0.5598, shift=-0.0002
2026-05-10 18:37:54,843 [INFO]     nf17: CV=1.2944, CalOOF=0.6653, test_mean=0.5598, shift=-0.0002
2026-05-10 18:38:14,368 [INFO]     nf23: CV=1.2931, CalOOF=0.6665, test_mean=0.5597, shift=-0.0003
2026-05-10 18:38:14,412 [INFO] 
[plan3] wide_s30_nf20_r1
2026-05-10 18:38:29,006 [INFO]     nf20: CV=1.2803, CalOOF=0.6561, test_mean=0.5585, shift=-0.0015
2026-05-10 18:38:38,969 [INFO]     nf17: CV=1.2641, CalOOF=0.6529, test_mean=0.5586, shift=-0.0014
2026-05-10 18:38:51,133 [INFO]     nf23: CV=1.2799, CalOOF=0.6544, test_mean=0.5583, shift=-0.0017
2026-05-10 18:38:51,172 [INFO] 
[plan4] wide_s50_nf20_r0
2026-05-10 18:39:09,648 [INFO]     nf20: CV=1.2884, CalOOF=0.6668, test_mean=0.5598, shift=-0.0002
2026-05-10 18:39:26,072 [INFO]     nf17: CV=1.2944, CalOOF=0.6653, test_mean=0.5598, shift=-0.0002
2026-05-10 18:39:45,632 [INFO]     nf23: CV=1.2931, CalOOF=0.6665, test_mean=0.5597, shift=-0.0003
2026-05-10 18:39:45,670 [INFO] 
[plan5] wide_s100_nf20_r0
2026-05-10 18:40:21,425 [INFO]     nf20: CV=1.2883, CalOOF=0.6669, test_mean=0.5598, shift=-0.0002
2026-05-10 18:40:53,181 [INFO]     nf17: CV=1.2944, CalOOF=0.6654, test_mean=0.5598, shift=-0.0002
2026-05-10 18:41:32,319 [INFO]     nf23: CV=1.2930, CalOOF=0.6665, test_mean=0.5597, shift=-0.0003
2026-05-10 18:41:32,359 [INFO] 
[plan6] wide_s30_nf20_r0
2026-05-10 18:41:43,424 [INFO]     nf20: CV=1.2884, CalOOF=0.6668, test_mean=0.5598, shift=-0.0002
2026-05-10 18:41:53,415 [INFO]     nf17: CV=1.2946, CalOOF=0.6652, test_mean=0.5598, shift=-0.0002
2026-05-10 18:42:05,058 [INFO]     nf23: CV=1.2936, CalOOF=0.6665, test_mean=0.5597, shift=-0.0003
2026-05-10 18:42:05,093 [INFO] 
[plan7] safety_s30_nf20_r0
2026-05-10 18:42:27,873 [INFO]     nf20: CV=1.3141, CalOOF=0.6687, test_mean=0.5598, shift=-0.0002
2026-05-10 18:42:47,777 [INFO]     nf17: CV=1.3116, CalOOF=0.6693, test_mean=0.5599, shift=-0.0001
2026-05-10 18:43:12,970 [INFO]     nf23: CV=1.3262, CalOOF=0.6697, test_mean=0.5599, shift=-0.0001
2026-05-10 18:43:13,013 [INFO] 
S4 total time: 385s
2026-05-10 18:43:13,014 [INFO] 
================================================================================
2026-05-10 18:43:13,014 [INFO] BEST RESULTS PER TARGET
2026-05-10 18:43:13,014 [INFO] ================================================================================
Traceback (most recent call last):
  File "/home/mwoo423/projects/dacon2/src/v91_v53_optimization.py", line 553, in <module>
    main()
  File "/home/mwoo423/projects/dacon2/src/v91_v53_optimization.py", line 523, in main
    best = min(target_results.items(), key=lambda x: x[1]['cal_oof_loss'])
           ^^^^^^^^^^^^^^^^^^^^^^^^^^^^^^^^^^^^^^^^^^^^^^^^^^^^^^^^^^^^^^^
ValueError: min() iterable argument is empty
