2026-05-10 20:09:56,144 [INFO] ================================================================================
2026-05-10 20:09:56,144 [INFO] V92: Rolling Feature Optimized V53
2026-05-10 20:09:56,144 [INFO] ================================================================================
2026-05-10 20:09:56,144 [INFO] 
############################################################
2026-05-10 20:09:56,144 [INFO] Processing target: Q1
2026-05-10 20:09:56,144 [INFO] ############################################################
2026-05-10 20:09:56,144 [INFO] 
============================================================
2026-05-10 20:09:56,144 [INFO] TARGET: Q1
2026-05-10 20:09:56,144 [INFO] ============================================================
2026-05-10 20:09:56,747 [INFO] 
  Exp: deep_roll0
2026-05-10 20:10:23,809 [INFO]     nf17: CV=1.2020, CalOOF=0.6802, test_mean=0.4956, shift=+0.0000
2026-05-10 20:10:53,292 [INFO]     nf20: CV=1.1864, CalOOF=0.6750, test_mean=0.4957, shift=+0.0002
2026-05-10 20:11:26,010 [INFO]     nf23: CV=1.1941, CalOOF=0.6756, test_mean=0.4957, shift=+0.0002
2026-05-10 20:11:26,046 [INFO]   deep_roll0 total time: 90s
2026-05-10 20:11:26,046 [INFO] 
  Exp: deep_roll1
2026-05-10 20:11:57,731 [INFO]     nf17: CV=1.1950, CalOOF=0.6665, test_mean=0.4946, shift=-0.0009
2026-05-10 20:12:29,012 [INFO]     nf20: CV=1.1551, CalOOF=0.6608, test_mean=0.4955, shift=-0.0001
2026-05-10 20:13:02,836 [INFO]     nf23: CV=1.1519, CalOOF=0.6600, test_mean=0.4955, shift=-0.0001
2026-05-10 20:13:02,876 [INFO]   deep_roll1 total time: 187s
2026-05-10 20:13:02,879 [INFO] 
  Best for Q1: deep_roll1_nf23 → CalOOF=0.6600
2026-05-10 20:13:02,879 [INFO] 
############################################################
2026-05-10 20:13:02,879 [INFO] Processing target: Q2
2026-05-10 20:13:02,879 [INFO] ############################################################
2026-05-10 20:13:02,879 [INFO] 
============================================================
2026-05-10 20:13:02,879 [INFO] TARGET: Q2
2026-05-10 20:13:02,879 [INFO] ============================================================
2026-05-10 20:13:03,456 [INFO] 
  Exp: deep_roll0
2026-05-10 20:13:31,766 [INFO]     nf17: CV=1.2337, CalOOF=0.6537, test_mean=0.5622, shift=+0.0000
2026-05-10 20:14:02,529 [INFO]     nf20: CV=1.2386, CalOOF=0.6539, test_mean=0.5622, shift=+0.0000
2026-05-10 20:14:35,515 [INFO]     nf23: CV=1.2381, CalOOF=0.6534, test_mean=0.5623, shift=+0.0001
2026-05-10 20:14:35,556 [INFO]   deep_roll0 total time: 93s
2026-05-10 20:14:35,556 [INFO] 
  Exp: deep_roll1
2026-05-10 20:15:06,061 [INFO]     nf17: CV=1.2698, CalOOF=0.6433, test_mean=0.5622, shift=+0.0000
2026-05-10 20:15:36,482 [INFO]     nf20: CV=1.2438, CalOOF=0.6400, test_mean=0.5623, shift=+0.0001
2026-05-10 20:16:09,324 [INFO]     nf23: CV=1.2214, CalOOF=0.6389, test_mean=0.5624, shift=+0.0002
2026-05-10 20:16:09,367 [INFO]   deep_roll1 total time: 186s
2026-05-10 20:16:09,370 [INFO] 
  Best for Q2: deep_roll1_nf23 → CalOOF=0.6389
2026-05-10 20:16:09,370 [INFO] 
############################################################
2026-05-10 20:16:09,370 [INFO] Processing target: Q3
2026-05-10 20:16:09,370 [INFO] ############################################################
2026-05-10 20:16:09,370 [INFO] 
============================================================
2026-05-10 20:16:09,370 [INFO] TARGET: Q3
2026-05-10 20:16:09,370 [INFO] ============================================================
2026-05-10 20:16:09,951 [INFO] 
  Exp: v48_roll0
2026-05-10 20:16:23,436 [INFO]     nf17: CV=1.3022, CalOOF=0.6457, test_mean=0.5997, shift=-0.0003
2026-05-10 20:16:38,239 [INFO]     nf20: CV=1.3047, CalOOF=0.6457, test_mean=0.5995, shift=-0.0005
2026-05-10 20:16:54,388 [INFO]     nf23: CV=1.3009, CalOOF=0.6464, test_mean=0.5996, shift=-0.0004
2026-05-10 20:16:54,425 [INFO]   v48_roll0 total time: 45s
2026-05-10 20:16:54,425 [INFO] 
  Exp: v48_roll1
2026-05-10 20:17:11,082 [INFO]     nf17: CV=1.2930, CalOOF=0.6325, test_mean=0.6000, shift=-0.0000
2026-05-10 20:17:25,934 [INFO]     nf20: CV=1.2864, CalOOF=0.6311, test_mean=0.6000, shift=+0.0000
2026-05-10 20:17:42,090 [INFO]     nf23: CV=1.2699, CalOOF=0.6336, test_mean=0.6000, shift=+0.0000
2026-05-10 20:17:42,130 [INFO]   v48_roll1 total time: 93s
2026-05-10 20:17:42,133 [INFO] 
  Best for Q3: v48_roll1_nf20 → CalOOF=0.6311
2026-05-10 20:17:42,133 [INFO] 
############################################################
2026-05-10 20:17:42,133 [INFO] Processing target: S1
2026-05-10 20:17:42,133 [INFO] ############################################################
2026-05-10 20:17:42,133 [INFO] 
============================================================
2026-05-10 20:17:42,133 [INFO] TARGET: S1
2026-05-10 20:17:42,133 [INFO] ============================================================
2026-05-10 20:17:42,725 [INFO] 
  Exp: wide_roll0
2026-05-10 20:17:48,382 [INFO]     nf17: CV=1.4857, CalOOF=0.5984, test_mean=0.6816, shift=-0.0007
2026-05-10 20:17:54,478 [INFO]     nf20: CV=1.4887, CalOOF=0.5971, test_mean=0.6819, shift=-0.0003
2026-05-10 20:18:01,131 [INFO]     nf23: CV=1.5061, CalOOF=0.6013, test_mean=0.6820, shift=-0.0002
2026-05-10 20:18:01,166 [INFO]   wide_roll0 total time: 19s
2026-05-10 20:18:01,166 [INFO] 
  Exp: wide_roll1
2026-05-10 20:18:10,035 [INFO]     nf17: CV=1.4557, CalOOF=0.5803, test_mean=0.6819, shift=-0.0003
2026-05-10 20:18:16,741 [INFO]     nf20: CV=1.4670, CalOOF=0.5821, test_mean=0.6817, shift=-0.0005
2026-05-10 20:18:24,142 [INFO]     nf23: CV=1.4400, CalOOF=0.5832, test_mean=0.6819, shift=-0.0003
2026-05-10 20:18:24,187 [INFO]   wide_roll1 total time: 42s
2026-05-10 20:18:24,190 [INFO] 
  Best for S1: wide_roll1_nf17 → CalOOF=0.5803
2026-05-10 20:18:24,190 [INFO] 
############################################################
2026-05-10 20:18:24,190 [INFO] Processing target: S2
2026-05-10 20:18:24,190 [INFO] ############################################################
2026-05-10 20:18:24,190 [INFO] 
============================================================
2026-05-10 20:18:24,190 [INFO] TARGET: S2
2026-05-10 20:18:24,190 [INFO] ============================================================
2026-05-10 20:18:24,758 [INFO] 
  Exp: deep_roll0
2026-05-10 20:18:51,817 [INFO]     nf17: CV=1.4461, CalOOF=0.6243, test_mean=0.6444, shift=-0.0067
2026-05-10 20:19:21,755 [INFO]     nf20: CV=1.4336, CalOOF=0.6194, test_mean=0.6469, shift=-0.0042
2026-05-10 20:19:54,470 [INFO]     nf23: CV=1.4442, CalOOF=0.6253, test_mean=0.6472, shift=-0.0040
2026-05-10 20:19:54,511 [INFO]   deep_roll0 total time: 90s
2026-05-10 20:19:54,511 [INFO] 
  Exp: deep_roll1
2026-05-10 20:20:24,046 [INFO]     nf17: CV=1.4178, CalOOF=0.6125, test_mean=0.6457, shift=-0.0055
2026-05-10 20:20:53,346 [INFO]     nf20: CV=1.4428, CalOOF=0.6139, test_mean=0.6444, shift=-0.0067
2026-05-10 20:21:26,142 [INFO]     nf23: CV=1.4144, CalOOF=0.6108, test_mean=0.6461, shift=-0.0050
2026-05-10 20:21:26,186 [INFO]   deep_roll1 total time: 182s
2026-05-10 20:21:26,189 [INFO] 
  Best for S2: deep_roll1_nf23 → CalOOF=0.6108
2026-05-10 20:21:26,189 [INFO] 
############################################################
2026-05-10 20:21:26,189 [INFO] Processing target: S3
2026-05-10 20:21:26,189 [INFO] ############################################################
2026-05-10 20:21:26,189 [INFO] 
============================================================
2026-05-10 20:21:26,189 [INFO] TARGET: S3
2026-05-10 20:21:26,189 [INFO] ============================================================
2026-05-10 20:21:26,756 [INFO] 
  Exp: safety_roll0
2026-05-10 20:21:36,410 [INFO]     nf17: CV=1.5068, CalOOF=0.6301, test_mean=0.6617, shift=-0.0006
2026-05-10 20:21:47,135 [INFO]     nf20: CV=1.4925, CalOOF=0.6322, test_mean=0.6613, shift=-0.0009
2026-05-10 20:21:59,228 [INFO]     nf23: CV=1.4772, CalOOF=0.6313, test_mean=0.6609, shift=-0.0013
2026-05-10 20:21:59,261 [INFO]   safety_roll0 total time: 33s
2026-05-10 20:21:59,261 [INFO] 
  Exp: safety_roll1
2026-05-10 20:22:12,245 [INFO]     nf17: CV=1.5102, CalOOF=0.6111, test_mean=0.6616, shift=-0.0006
2026-05-10 20:22:24,049 [INFO]     nf20: CV=1.5051, CalOOF=0.6131, test_mean=0.6614, shift=-0.0008
2026-05-10 20:22:36,486 [INFO]     nf23: CV=1.5003, CalOOF=0.6132, test_mean=0.6615, shift=-0.0007
2026-05-10 20:22:36,525 [INFO]   safety_roll1 total time: 70s
2026-05-10 20:22:36,527 [INFO] 
  Best for S3: safety_roll1_nf17 → CalOOF=0.6111
2026-05-10 20:22:36,528 [INFO] 
############################################################
2026-05-10 20:22:36,528 [INFO] Processing target: S4
2026-05-10 20:22:36,528 [INFO] ############################################################
2026-05-10 20:22:36,528 [INFO] 
============================================================
2026-05-10 20:22:36,528 [INFO] TARGET: S4
2026-05-10 20:22:36,528 [INFO] ============================================================
2026-05-10 20:22:37,106 [INFO] 
  Exp: wide_roll0
2026-05-10 20:22:43,641 [INFO]     nf17: CV=1.2948, CalOOF=0.6652, test_mean=0.5598, shift=-0.0002
2026-05-10 20:22:50,591 [INFO]     nf20: CV=1.2889, CalOOF=0.6668, test_mean=0.5598, shift=-0.0002
2026-05-10 20:22:58,364 [INFO]     nf23: CV=1.2941, CalOOF=0.6666, test_mean=0.5597, shift=-0.0003
2026-05-10 20:22:58,399 [INFO]   wide_roll0 total time: 22s
2026-05-10 20:22:58,400 [INFO] 
  Exp: wide_roll1
2026-05-10 20:23:08,043 [INFO]     nf17: CV=1.2640, CalOOF=0.6529, test_mean=0.5586, shift=-0.0014
2026-05-10 20:23:15,521 [INFO]     nf20: CV=1.2803, CalOOF=0.6560, test_mean=0.5586, shift=-0.0014
2026-05-10 20:23:23,559 [INFO]     nf23: CV=1.2801, CalOOF=0.6544, test_mean=0.5583, shift=-0.0017
2026-05-10 20:23:23,593 [INFO]   wide_roll1 total time: 47s
2026-05-10 20:23:23,595 [INFO] 
  Best for S4: wide_roll1_nf17 → CalOOF=0.6529
2026-05-10 20:23:23,596 [INFO] 
================================================================================
2026-05-10 20:23:23,596 [INFO] BEST PER TARGET
2026-05-10 20:23:23,596 [INFO] ================================================================================
2026-05-10 20:23:23,596 [INFO]   Q1: deep_roll1_nf23 → CalOOF=0.6600 (cfg=deep, rolling=True, nf=23, seeds=20)
2026-05-10 20:23:23,596 [INFO]   Q2: deep_roll1_nf23 → CalOOF=0.6389 (cfg=deep, rolling=True, nf=23, seeds=20)
2026-05-10 20:23:23,596 [INFO]   Q3: v48_roll1_nf20 → CalOOF=0.6311 (cfg=v48, rolling=True, nf=20, seeds=20)
2026-05-10 20:23:23,596 [INFO]   S1: wide_roll1_nf17 → CalOOF=0.5803 (cfg=wide, rolling=True, nf=17, seeds=20)
2026-05-10 20:23:23,596 [INFO]   S2: deep_roll1_nf23 → CalOOF=0.6108 (cfg=deep, rolling=True, nf=23, seeds=20)
2026-05-10 20:23:23,596 [INFO]   S3: safety_roll1_nf17 → CalOOF=0.6111 (cfg=safety, rolling=True, nf=17, seeds=20)
2026-05-10 20:23:23,596 [INFO]   S4: wide_roll1_nf17 → CalOOF=0.6529 (cfg=wide, rolling=True, nf=17, seeds=20)
2026-05-10 20:23:23,596 [INFO] 
AVG Cal OOF: 0.6264
2026-05-10 20:23:23,596 [INFO] Best overall: wide_roll1_nf17 → 0.5803
2026-05-10 20:23:23,596 [INFO] Total time: 807s
2026-05-10 20:23:23,597 [INFO] Saved: submissions/v92_20260510_202323_*.json
2026-05-10 20:23:23,597 [INFO] 
================================================================================
2026-05-10 20:23:23,597 [INFO] ROLLING IMPROVEMENT SUMMARY
2026-05-10 20:23:23,597 [INFO] ================================================================================
2026-05-10 20:23:23,597 [INFO]   Q3: no-rolling=0.6457 → rolling=0.6311 (Δ=+0.0146)
2026-05-10 20:23:23,597 [INFO]   S2: no-rolling=0.6194 → rolling=0.6108 (Δ=+0.0087)
2026-05-10 20:23:23,597 [INFO]   S3: no-rolling=0.6301 → rolling=0.6111 (Δ=+0.0189)
2026-05-10 20:23:23,597 [INFO]   S4: no-rolling=0.6652 → rolling=0.6529 (Δ=+0.0123)
