2026-05-10 20:24:25,604 [INFO] ================================================================================
2026-05-10 20:24:25,605 [INFO] V93: Rolling-enhanced V53 Submission
2026-05-10 20:24:25,605 [INFO] ================================================================================
2026-05-10 20:24:25,605 [INFO] Per-target configs from V92:
2026-05-10 20:24:25,605 [INFO]   Q1: deep, nf=23
2026-05-10 20:24:25,605 [INFO]   Q2: deep, nf=23
2026-05-10 20:24:25,605 [INFO]   Q3: v48, nf=20
2026-05-10 20:24:25,605 [INFO]   S1: wide, nf=17
2026-05-10 20:24:25,605 [INFO]   S2: deep, nf=23
2026-05-10 20:24:25,605 [INFO]   S3: safety, nf=17
2026-05-10 20:24:25,605 [INFO]   S4: wide, nf=17
2026-05-10 20:24:25,605 [INFO] 
============================================================
2026-05-10 20:24:25,605 [INFO] V93 Training: Q1
2026-05-10 20:24:25,605 [INFO] ============================================================
2026-05-10 20:24:39,400 [INFO]   Q1: CalOOF train_rate=0.4956, test_mean=0.4955, shift=-0.0001, time=14s
2026-05-10 20:24:39,441 [INFO] 
============================================================
2026-05-10 20:24:39,441 [INFO] V93 Training: Q2
2026-05-10 20:24:39,441 [INFO] ============================================================
2026-05-10 20:24:52,869 [INFO]   Q2: CalOOF train_rate=0.5622, test_mean=0.5624, shift=+0.0002, time=13s
2026-05-10 20:24:52,908 [INFO] 
============================================================
2026-05-10 20:24:52,908 [INFO] V93 Training: Q3
2026-05-10 20:24:52,908 [INFO] ============================================================
2026-05-10 20:25:00,966 [INFO]   Q3: CalOOF train_rate=0.6000, test_mean=0.6000, shift=+0.0000, time=8s
2026-05-10 20:25:01,009 [INFO] 
============================================================
2026-05-10 20:25:01,009 [INFO] V93 Training: S1
2026-05-10 20:25:01,009 [INFO] ============================================================
2026-05-10 20:25:06,248 [INFO]   S1: CalOOF train_rate=0.6822, test_mean=0.6819, shift=-0.0003, time=5s
2026-05-10 20:25:06,301 [INFO] 
============================================================
2026-05-10 20:25:06,301 [INFO] V93 Training: S2
2026-05-10 20:25:06,301 [INFO] ============================================================
2026-05-10 20:25:19,315 [INFO]   S2: CalOOF train_rate=0.6511, test_mean=0.6461, shift=-0.0050, time=13s
2026-05-10 20:25:19,357 [INFO] 
============================================================
2026-05-10 20:25:19,357 [INFO] V93 Training: S3
2026-05-10 20:25:19,357 [INFO] ============================================================
2026-05-10 20:25:25,829 [INFO]   S3: CalOOF train_rate=0.6622, test_mean=0.6616, shift=-0.0006, time=6s
2026-05-10 20:25:25,863 [INFO] 
============================================================
2026-05-10 20:25:25,864 [INFO] V93 Training: S4
2026-05-10 20:25:25,864 [INFO] ============================================================
2026-05-10 20:25:31,228 [INFO]   S4: CalOOF train_rate=0.5600, test_mean=0.5586, shift=-0.0014, time=5s
2026-05-10 20:25:31,291 [INFO] 
Submission saved: /home/mwoo423/projects/dacon2/submissions/v93_submission_20260510_202531.csv
2026-05-10 20:25:31,291 [INFO] Total time: 66s
2026-05-10 20:25:31,291 [INFO] 
================================================================================
2026-05-10 20:25:31,291 [INFO] V93 SUBMISSION SUMMARY
2026-05-10 20:25:31,291 [INFO] ================================================================================
2026-05-10 20:25:31,291 [INFO]   Q1: cfg=deep, nf=23, mean=0.4955, train_rate=0.4956, time=14s
2026-05-10 20:25:31,291 [INFO]   Q2: cfg=deep, nf=23, mean=0.5624, train_rate=0.5622, time=13s
2026-05-10 20:25:31,291 [INFO]   Q3: cfg=v48, nf=20, mean=0.6000, train_rate=0.6000, time=8s
2026-05-10 20:25:31,291 [INFO]   S1: cfg=wide, nf=17, mean=0.6819, train_rate=0.6822, time=5s
2026-05-10 20:25:31,291 [INFO]   S2: cfg=deep, nf=23, mean=0.6461, train_rate=0.6511, time=13s
2026-05-10 20:25:31,291 [INFO]   S3: cfg=safety, nf=17, mean=0.6616, train_rate=0.6622, time=6s
2026-05-10 20:25:31,291 [INFO]   S4: cfg=wide, nf=17, mean=0.5586, train_rate=0.5600, time=5s
