2026-05-10 20:26:42,900 [INFO] ================================================================================
2026-05-10 20:26:42,900 [INFO] V94: Rolling-enhanced V53 Final Submission (50 seeds)
2026-05-10 20:26:42,900 [INFO] ================================================================================
2026-05-10 20:26:42,900 [INFO] Per-target configs from V92:
2026-05-10 20:26:42,900 [INFO]   Q1: deep, nf=23
2026-05-10 20:26:42,900 [INFO]   Q2: deep, nf=23
2026-05-10 20:26:42,900 [INFO]   Q3: v48, nf=20
2026-05-10 20:26:42,900 [INFO]   S1: wide, nf=17
2026-05-10 20:26:42,901 [INFO]   S2: deep, nf=23
2026-05-10 20:26:42,901 [INFO]   S3: safety, nf=17
2026-05-10 20:26:42,901 [INFO]   S4: wide, nf=17
2026-05-10 20:26:42,901 [INFO] 
============================================================
2026-05-10 20:26:42,901 [INFO] V94 Training: Q1
2026-05-10 20:26:42,901 [INFO] ============================================================
2026-05-10 20:27:03,404 [INFO]   Q1: train_rate=0.4956, test_mean=0.4955, shift=-0.0001, time=21s
2026-05-10 20:27:03,442 [INFO] 
============================================================
2026-05-10 20:27:03,442 [INFO] V94 Training: Q2
2026-05-10 20:27:03,442 [INFO] ============================================================
2026-05-10 20:27:23,531 [INFO]   Q2: train_rate=0.5622, test_mean=0.5624, shift=+0.0002, time=20s
2026-05-10 20:27:23,569 [INFO] 
============================================================
2026-05-10 20:27:23,569 [INFO] V94 Training: Q3
2026-05-10 20:27:23,569 [INFO] ============================================================
2026-05-10 20:27:34,722 [INFO]   Q3: train_rate=0.6000, test_mean=0.6000, shift=+0.0000, time=11s
2026-05-10 20:27:34,764 [INFO] 
============================================================
2026-05-10 20:27:34,764 [INFO] V94 Training: S1
2026-05-10 20:27:34,764 [INFO] ============================================================
2026-05-10 20:27:41,232 [INFO]   S1: train_rate=0.6822, test_mean=0.6819, shift=-0.0003, time=6s
2026-05-10 20:27:41,266 [INFO] 
============================================================
2026-05-10 20:27:41,266 [INFO] V94 Training: S2
2026-05-10 20:27:41,266 [INFO] ============================================================
2026-05-10 20:28:00,742 [INFO]   S2: train_rate=0.6511, test_mean=0.6462, shift=-0.0049, time=19s
2026-05-10 20:28:00,783 [INFO] 
============================================================
2026-05-10 20:28:00,783 [INFO] V94 Training: S3
2026-05-10 20:28:00,783 [INFO] ============================================================
2026-05-10 20:28:09,282 [INFO]   S3: train_rate=0.6622, test_mean=0.6616, shift=-0.0006, time=8s
2026-05-10 20:28:09,318 [INFO] 
============================================================
2026-05-10 20:28:09,318 [INFO] V94 Training: S4
2026-05-10 20:28:09,318 [INFO] ============================================================
2026-05-10 20:28:16,096 [INFO]   S4: train_rate=0.5600, test_mean=0.5586, shift=-0.0014, time=7s
2026-05-10 20:28:16,152 [INFO] 
Submission saved: /home/mwoo423/projects/dacon2/submissions/v94_submission_20260510_202816.csv
2026-05-10 20:28:16,152 [INFO] Total time: 93s
2026-05-10 20:28:16,152 [INFO] 
================================================================================
2026-05-10 20:28:16,152 [INFO] V94 SUBMISSION SUMMARY
2026-05-10 20:28:16,152 [INFO] ================================================================================
2026-05-10 20:28:16,153 [INFO]   Q1: cfg=deep, nf=23, mean=0.4955, train_rate=0.4956, time=21s
2026-05-10 20:28:16,153 [INFO]   Q2: cfg=deep, nf=23, mean=0.5624, train_rate=0.5622, time=20s
2026-05-10 20:28:16,153 [INFO]   Q3: cfg=v48, nf=20, mean=0.6000, train_rate=0.6000, time=11s
2026-05-10 20:28:16,153 [INFO]   S1: cfg=wide, nf=17, mean=0.6819, train_rate=0.6822, time=6s
2026-05-10 20:28:16,153 [INFO]   S2: cfg=deep, nf=23, mean=0.6462, train_rate=0.6511, time=19s
2026-05-10 20:28:16,153 [INFO]   S3: cfg=safety, nf=17, mean=0.6616, train_rate=0.6622, time=8s
2026-05-10 20:28:16,153 [INFO]   S4: cfg=wide, nf=17, mean=0.5586, train_rate=0.5600, time=7s
