2026-05-10 22:32:35,848 [INFO] ================================================================================
2026-05-10 22:32:35,848 [INFO] V95: V53 Swept Replicate + Calibration Refinement
2026-05-10 22:32:35,848 [INFO] ================================================================================
2026-05-10 22:32:35,848 [INFO] 
############################################################
2026-05-10 22:32:35,848 [INFO] Experiment: v53_50s_linear (n_seeds=50, seed_start=42, cal=linear)
2026-05-10 22:32:35,848 [INFO] ############################################################
2026-05-10 22:32:35,848 [INFO] 
============================================================
2026-05-10 22:32:35,848 [INFO] V95 Training: Q1 (seeds=50, cal=linear)
2026-05-10 22:32:35,848 [INFO] ============================================================
2026-05-10 22:33:47,045 [INFO]   CV=0.7606, CalOOF=0.7696, train_rate=0.4956, test_mean=0.4956, shift=+0.0001, time=71s
2026-05-10 22:33:47,086 [INFO]   Q1: cal_oof=0.7696
2026-05-10 22:33:47,086 [INFO] 
============================================================
2026-05-10 22:33:47,086 [INFO] V95 Training: Q2 (seeds=50, cal=linear)
2026-05-10 22:33:47,086 [INFO] ============================================================
2026-05-10 22:34:50,230 [INFO]   CV=0.6605, CalOOF=0.6558, train_rate=0.5622, test_mean=0.5622, shift=+0.0000, time=63s
2026-05-10 22:34:50,267 [INFO]   Q2: cal_oof=0.6558
2026-05-10 22:34:50,267 [INFO] 
============================================================
2026-05-10 22:34:50,267 [INFO] V95 Training: Q3 (seeds=50, cal=linear)
2026-05-10 22:34:50,267 [INFO] ============================================================
2026-05-10 22:35:17,267 [INFO]   CV=0.6494, CalOOF=0.6648, train_rate=0.6000, test_mean=0.6000, shift=+0.0000, time=27s
2026-05-10 22:35:17,307 [INFO]   Q3: cal_oof=0.6648
2026-05-10 22:35:17,307 [INFO] 
============================================================
2026-05-10 22:35:17,307 [INFO] V95 Training: S1 (seeds=50, cal=linear)
2026-05-10 22:35:17,307 [INFO] ============================================================
2026-05-10 22:35:33,381 [INFO]   CV=0.6125, CalOOF=0.6211, train_rate=0.6822, test_mean=0.6820, shift=-0.0002, time=16s
2026-05-10 22:35:33,415 [INFO]   S1: cal_oof=0.6211
2026-05-10 22:35:33,416 [INFO] 
============================================================
2026-05-10 22:35:33,416 [INFO] V95 Training: S2 (seeds=50, cal=linear)
2026-05-10 22:35:33,416 [INFO] ============================================================
2026-05-10 22:36:45,873 [INFO]   CV=0.6965, CalOOF=0.7495, train_rate=0.6511, test_mean=0.6448, shift=-0.0063, time=72s
2026-05-10 22:36:45,911 [INFO]   S2: cal_oof=0.7495
2026-05-10 22:36:45,912 [INFO] 
============================================================
2026-05-10 22:36:45,912 [INFO] V95 Training: S3 (seeds=50, cal=linear)
2026-05-10 22:36:45,912 [INFO] ============================================================
2026-05-10 22:37:16,468 [INFO]   CV=0.6573, CalOOF=0.6474, train_rate=0.6622, test_mean=0.6609, shift=-0.0013, time=31s
2026-05-10 22:37:16,504 [INFO]   S3: cal_oof=0.6474
2026-05-10 22:37:16,504 [INFO] 
============================================================
2026-05-10 22:37:16,504 [INFO] V95 Training: S4 (seeds=50, cal=linear)
2026-05-10 22:37:16,504 [INFO] ============================================================
2026-05-10 22:37:34,661 [INFO]   CV=0.6623, CalOOF=0.6611, train_rate=0.5600, test_mean=0.5598, shift=-0.0002, time=18s
2026-05-10 22:37:34,701 [INFO]   S4: cal_oof=0.6611
2026-05-10 22:37:34,701 [INFO] 
  AVG CalOOF: 0.6813
2026-05-10 22:37:34,701 [INFO] 
############################################################
2026-05-10 22:37:34,701 [INFO] Experiment: v53_100s_linear (n_seeds=100, seed_start=42, cal=linear)
2026-05-10 22:37:34,701 [INFO] ############################################################
2026-05-10 22:37:34,701 [INFO] 
============================================================
2026-05-10 22:37:34,701 [INFO] V95 Training: Q1 (seeds=100, cal=linear)
2026-05-10 22:37:34,701 [INFO] ============================================================
2026-05-10 22:39:54,317 [INFO]   CV=0.7607, CalOOF=0.7692, train_rate=0.4956, test_mean=0.4956, shift=+0.0001, time=140s
2026-05-10 22:39:54,357 [INFO]   Q1: cal_oof=0.7692
2026-05-10 22:39:54,357 [INFO] 
============================================================
2026-05-10 22:39:54,357 [INFO] V95 Training: Q2 (seeds=100, cal=linear)
2026-05-10 22:39:54,357 [INFO] ============================================================
2026-05-10 22:41:58,987 [INFO]   CV=0.6605, CalOOF=0.6559, train_rate=0.5622, test_mean=0.5622, shift=+0.0000, time=125s
2026-05-10 22:41:59,022 [INFO]   Q2: cal_oof=0.6559
2026-05-10 22:41:59,023 [INFO] 
============================================================
2026-05-10 22:41:59,023 [INFO] V95 Training: Q3 (seeds=100, cal=linear)
2026-05-10 22:41:59,023 [INFO] ============================================================
2026-05-10 22:42:52,451 [INFO]   CV=0.6495, CalOOF=0.6651, train_rate=0.6000, test_mean=0.6000, shift=+0.0000, time=53s
2026-05-10 22:42:52,483 [INFO]   Q3: cal_oof=0.6651
2026-05-10 22:42:52,483 [INFO] 
============================================================
2026-05-10 22:42:52,483 [INFO] V95 Training: S1 (seeds=100, cal=linear)
2026-05-10 22:42:52,483 [INFO] ============================================================
2026-05-10 22:43:24,679 [INFO]   CV=0.6126, CalOOF=0.6215, train_rate=0.6822, test_mean=0.6820, shift=-0.0002, time=32s
2026-05-10 22:43:24,719 [INFO]   S1: cal_oof=0.6215
2026-05-10 22:43:24,719 [INFO] 
============================================================
2026-05-10 22:43:24,719 [INFO] V95 Training: S2 (seeds=100, cal=linear)
2026-05-10 22:43:24,719 [INFO] ============================================================
2026-05-10 22:45:46,400 [INFO]   CV=0.6969, CalOOF=0.7498, train_rate=0.6511, test_mean=0.6448, shift=-0.0063, time=142s
2026-05-10 22:45:46,437 [INFO]   S2: cal_oof=0.7498
2026-05-10 22:45:46,438 [INFO] 
============================================================
2026-05-10 22:45:46,438 [INFO] V95 Training: S3 (seeds=100, cal=linear)
2026-05-10 22:45:46,438 [INFO] ============================================================
2026-05-10 22:46:46,352 [INFO]   CV=0.6572, CalOOF=0.6474, train_rate=0.6622, test_mean=0.6609, shift=-0.0013, time=60s
2026-05-10 22:46:46,390 [INFO]   S3: cal_oof=0.6474
2026-05-10 22:46:46,390 [INFO] 
============================================================
2026-05-10 22:46:46,390 [INFO] V95 Training: S4 (seeds=100, cal=linear)
2026-05-10 22:46:46,390 [INFO] ============================================================
2026-05-10 22:47:21,661 [INFO]   CV=0.6625, CalOOF=0.6614, train_rate=0.5600, test_mean=0.5598, shift=-0.0002, time=35s
2026-05-10 22:47:21,698 [INFO]   S4: cal_oof=0.6614
2026-05-10 22:47:21,698 [INFO] 
  AVG CalOOF: 0.6815
2026-05-10 22:47:21,698 [INFO] 
############################################################
2026-05-10 22:47:21,698 [INFO] Experiment: v53_50s_iso (n_seeds=50, seed_start=42, cal=isotonic)
2026-05-10 22:47:21,698 [INFO] ############################################################
2026-05-10 22:47:21,698 [INFO] 
============================================================
2026-05-10 22:47:21,698 [INFO] V95 Training: Q1 (seeds=50, cal=isotonic)
2026-05-10 22:47:21,698 [INFO] ============================================================
2026-05-10 22:48:32,076 [INFO]   CV=0.7606, CalOOF=0.6487, train_rate=0.4956, test_mean=0.4933, shift=-0.0023, time=70s
2026-05-10 22:48:32,113 [INFO]   Q1: cal_oof=0.6487
2026-05-10 22:48:32,113 [INFO] 
============================================================
2026-05-10 22:48:32,113 [INFO] V95 Training: Q2 (seeds=50, cal=isotonic)
2026-05-10 22:48:32,113 [INFO] ============================================================
2026-05-10 22:49:34,528 [INFO]   CV=0.6605, CalOOF=0.5952, train_rate=0.5622, test_mean=0.5485, shift=-0.0137, time=62s
2026-05-10 22:49:34,566 [INFO]   Q2: cal_oof=0.5952
2026-05-10 22:49:34,566 [INFO] 
============================================================
2026-05-10 22:49:34,566 [INFO] V95 Training: Q3 (seeds=50, cal=isotonic)
2026-05-10 22:49:34,566 [INFO] ============================================================
2026-05-10 22:50:02,444 [INFO]   CV=0.6494, CalOOF=0.6020, train_rate=0.6000, test_mean=0.5905, shift=-0.0095, time=28s
2026-05-10 22:50:02,481 [INFO]   Q3: cal_oof=0.6020
2026-05-10 22:50:02,481 [INFO] 
============================================================
2026-05-10 22:50:02,481 [INFO] V95 Training: S1 (seeds=50, cal=isotonic)
2026-05-10 22:50:02,481 [INFO] ============================================================
2026-05-10 22:50:19,276 [INFO]   CV=0.6125, CalOOF=0.5586, train_rate=0.6822, test_mean=0.7054, shift=+0.0232, time=17s
2026-05-10 22:50:19,310 [INFO]   S1: cal_oof=0.5586
2026-05-10 22:50:19,310 [INFO] 
============================================================
2026-05-10 22:50:19,310 [INFO] V95 Training: S2 (seeds=50, cal=isotonic)
2026-05-10 22:50:19,310 [INFO] ============================================================
2026-05-10 22:51:32,497 [INFO]   CV=0.6965, CalOOF=0.5862, train_rate=0.6511, test_mean=0.6253, shift=-0.0258, time=73s
2026-05-10 22:51:32,532 [INFO]   S2: cal_oof=0.5862
2026-05-10 22:51:32,532 [INFO] 
============================================================
2026-05-10 22:51:32,532 [INFO] V95 Training: S3 (seeds=50, cal=isotonic)
2026-05-10 22:51:32,532 [INFO] ============================================================
2026-05-10 22:52:03,108 [INFO]   CV=0.6573, CalOOF=0.6108, train_rate=0.6622, test_mean=0.6225, shift=-0.0397, time=31s
2026-05-10 22:52:03,145 [INFO]   S3: cal_oof=0.6108
2026-05-10 22:52:03,145 [INFO] 
============================================================
2026-05-10 22:52:03,145 [INFO] V95 Training: S4 (seeds=50, cal=isotonic)
2026-05-10 22:52:03,145 [INFO] ============================================================
2026-05-10 22:52:21,356 [INFO]   CV=0.6623, CalOOF=0.6189, train_rate=0.5600, test_mean=0.5287, shift=-0.0313, time=18s
2026-05-10 22:52:21,392 [INFO]   S4: cal_oof=0.6189
2026-05-10 22:52:21,393 [INFO] 
  AVG CalOOF: 0.6029
2026-05-10 22:52:21,393 [INFO] 
############################################################
2026-05-10 22:52:21,393 [INFO] Experiment: v53_100s_iso (n_seeds=100, seed_start=42, cal=isotonic)
2026-05-10 22:52:21,393 [INFO] ############################################################
2026-05-10 22:52:21,393 [INFO] 
============================================================
2026-05-10 22:52:21,393 [INFO] V95 Training: Q1 (seeds=100, cal=isotonic)
2026-05-10 22:52:21,393 [INFO] ============================================================
2026-05-10 22:54:41,459 [INFO]   CV=0.7607, CalOOF=0.6500, train_rate=0.4956, test_mean=0.4947, shift=-0.0008, time=140s
2026-05-10 22:54:41,499 [INFO]   Q1: cal_oof=0.6500
2026-05-10 22:54:41,499 [INFO] 
============================================================
2026-05-10 22:54:41,499 [INFO] V95 Training: Q2 (seeds=100, cal=isotonic)
2026-05-10 22:54:41,499 [INFO] ============================================================
2026-05-10 22:56:45,288 [INFO]   CV=0.6605, CalOOF=0.5960, train_rate=0.5622, test_mean=0.5485, shift=-0.0138, time=124s
2026-05-10 22:56:45,324 [INFO]   Q2: cal_oof=0.5960
2026-05-10 22:56:45,325 [INFO] 
============================================================
2026-05-10 22:56:45,325 [INFO] V95 Training: Q3 (seeds=100, cal=isotonic)
2026-05-10 22:56:45,325 [INFO] ============================================================
2026-05-10 22:57:39,213 [INFO]   CV=0.6495, CalOOF=0.6021, train_rate=0.6000, test_mean=0.5927, shift=-0.0073, time=54s
2026-05-10 22:57:39,251 [INFO]   Q3: cal_oof=0.6021
2026-05-10 22:57:39,252 [INFO] 
============================================================
2026-05-10 22:57:39,252 [INFO] V95 Training: S1 (seeds=100, cal=isotonic)
2026-05-10 22:57:39,252 [INFO] ============================================================
2026-05-10 22:58:11,399 [INFO]   CV=0.6126, CalOOF=0.5588, train_rate=0.6822, test_mean=0.7058, shift=+0.0235, time=32s
2026-05-10 22:58:11,431 [INFO]   S1: cal_oof=0.5588
2026-05-10 22:58:11,431 [INFO] 
============================================================
2026-05-10 22:58:11,431 [INFO] V95 Training: S2 (seeds=100, cal=isotonic)
2026-05-10 22:58:11,431 [INFO] ============================================================
2026-05-10 23:00:34,730 [INFO]   CV=0.6969, CalOOF=0.5860, train_rate=0.6511, test_mean=0.6250, shift=-0.0261, time=143s
2026-05-10 23:00:34,765 [INFO]   S2: cal_oof=0.5860
2026-05-10 23:00:34,765 [INFO] 
============================================================
2026-05-10 23:00:34,765 [INFO] V95 Training: S3 (seeds=100, cal=isotonic)
2026-05-10 23:00:34,766 [INFO] ============================================================
2026-05-10 23:01:35,409 [INFO]   CV=0.6572, CalOOF=0.6116, train_rate=0.6622, test_mean=0.6221, shift=-0.0401, time=61s
2026-05-10 23:01:35,444 [INFO]   S3: cal_oof=0.6116
2026-05-10 23:01:35,444 [INFO] 
============================================================
2026-05-10 23:01:35,444 [INFO] V95 Training: S4 (seeds=100, cal=isotonic)
2026-05-10 23:01:35,444 [INFO] ============================================================
2026-05-10 23:02:11,543 [INFO]   CV=0.6625, CalOOF=0.6181, train_rate=0.5600, test_mean=0.5275, shift=-0.0325, time=36s
2026-05-10 23:02:11,578 [INFO]   S4: cal_oof=0.6181
2026-05-10 23:02:11,578 [INFO] 
  AVG CalOOF: 0.6032
2026-05-10 23:02:11,578 [INFO] 
############################################################
2026-05-10 23:02:11,579 [INFO] Experiment: v53_50s_start0 (n_seeds=50, seed_start=0, cal=linear)
2026-05-10 23:02:11,579 [INFO] ############################################################
2026-05-10 23:02:11,579 [INFO] 
============================================================
2026-05-10 23:02:11,579 [INFO] V95 Training: Q1 (seeds=50, cal=linear)
2026-05-10 23:02:11,579 [INFO] ============================================================
2026-05-10 23:03:22,183 [INFO]   CV=0.7610, CalOOF=0.7697, train_rate=0.4956, test_mean=0.4956, shift=+0.0001, time=71s
2026-05-10 23:03:22,227 [INFO]   Q1: cal_oof=0.7697
2026-05-10 23:03:22,228 [INFO] 
============================================================
2026-05-10 23:03:22,228 [INFO] V95 Training: Q2 (seeds=50, cal=linear)
2026-05-10 23:03:22,228 [INFO] ============================================================
2026-05-10 23:04:24,806 [INFO]   CV=0.6606, CalOOF=0.6562, train_rate=0.5622, test_mean=0.5622, shift=-0.0000, time=63s
2026-05-10 23:04:24,842 [INFO]   Q2: cal_oof=0.6562
2026-05-10 23:04:24,842 [INFO] 
============================================================
2026-05-10 23:04:24,842 [INFO] V95 Training: Q3 (seeds=50, cal=linear)
2026-05-10 23:04:24,842 [INFO] ============================================================
2026-05-10 23:04:52,337 [INFO]   CV=0.6494, CalOOF=0.6651, train_rate=0.6000, test_mean=0.6000, shift=+0.0000, time=27s
2026-05-10 23:04:52,375 [INFO]   Q3: cal_oof=0.6651
2026-05-10 23:04:52,376 [INFO] 
============================================================
2026-05-10 23:04:52,376 [INFO] V95 Training: S1 (seeds=50, cal=linear)
2026-05-10 23:04:52,376 [INFO] ============================================================
2026-05-10 23:05:08,763 [INFO]   CV=0.6125, CalOOF=0.6217, train_rate=0.6822, test_mean=0.6820, shift=-0.0002, time=16s
2026-05-10 23:05:08,798 [INFO]   S1: cal_oof=0.6217
2026-05-10 23:05:08,799 [INFO] 
============================================================
2026-05-10 23:05:08,799 [INFO] V95 Training: S2 (seeds=50, cal=linear)
2026-05-10 23:05:08,799 [INFO] ============================================================
2026-05-10 23:06:20,703 [INFO]   CV=0.6962, CalOOF=0.7451, train_rate=0.6511, test_mean=0.6448, shift=-0.0063, time=72s
2026-05-10 23:06:20,752 [INFO]   S2: cal_oof=0.7451
2026-05-10 23:06:20,753 [INFO] 
============================================================
2026-05-10 23:06:20,753 [INFO] V95 Training: S3 (seeds=50, cal=linear)
2026-05-10 23:06:20,753 [INFO] ============================================================
2026-05-10 23:06:50,989 [INFO]   CV=0.6570, CalOOF=0.6470, train_rate=0.6622, test_mean=0.6610, shift=-0.0013, time=30s
2026-05-10 23:06:51,027 [INFO]   S3: cal_oof=0.6470
2026-05-10 23:06:51,027 [INFO] 
============================================================
2026-05-10 23:06:51,027 [INFO] V95 Training: S4 (seeds=50, cal=linear)
2026-05-10 23:06:51,027 [INFO] ============================================================
2026-05-10 23:07:09,086 [INFO]   CV=0.6620, CalOOF=0.6607, train_rate=0.5600, test_mean=0.5598, shift=-0.0002, time=18s
2026-05-10 23:07:09,127 [INFO]   S4: cal_oof=0.6607
2026-05-10 23:07:09,128 [INFO] 
  AVG CalOOF: 0.6808
2026-05-10 23:07:09,128 [INFO] 
############################################################
2026-05-10 23:07:09,128 [INFO] Experiment: v53_100s_start0 (n_seeds=100, seed_start=0, cal=linear)
2026-05-10 23:07:09,128 [INFO] ############################################################
2026-05-10 23:07:09,128 [INFO] 
============================================================
2026-05-10 23:07:09,128 [INFO] V95 Training: Q1 (seeds=100, cal=linear)
2026-05-10 23:07:09,128 [INFO] ============================================================
2026-05-10 23:09:28,023 [INFO]   CV=0.7609, CalOOF=0.7697, train_rate=0.4956, test_mean=0.4956, shift=+0.0001, time=139s
2026-05-10 23:09:28,065 [INFO]   Q1: cal_oof=0.7697
2026-05-10 23:09:28,066 [INFO] 
============================================================
2026-05-10 23:09:28,066 [INFO] V95 Training: Q2 (seeds=100, cal=linear)
2026-05-10 23:09:28,066 [INFO] ============================================================
2026-05-10 23:11:32,274 [INFO]   CV=0.6604, CalOOF=0.6559, train_rate=0.5622, test_mean=0.5622, shift=+0.0000, time=124s
2026-05-10 23:11:32,310 [INFO]   Q2: cal_oof=0.6559
2026-05-10 23:11:32,311 [INFO] 
============================================================
2026-05-10 23:11:32,311 [INFO] V95 Training: Q3 (seeds=100, cal=linear)
2026-05-10 23:11:32,311 [INFO] ============================================================
2026-05-10 23:12:26,342 [INFO]   CV=0.6494, CalOOF=0.6648, train_rate=0.6000, test_mean=0.6000, shift=+0.0000, time=54s
2026-05-10 23:12:26,384 [INFO]   Q3: cal_oof=0.6648
2026-05-10 23:12:26,384 [INFO] 
============================================================
2026-05-10 23:12:26,384 [INFO] V95 Training: S1 (seeds=100, cal=linear)
2026-05-10 23:12:26,384 [INFO] ============================================================
2026-05-10 23:12:58,643 [INFO]   CV=0.6126, CalOOF=0.6224, train_rate=0.6822, test_mean=0.6820, shift=-0.0002, time=32s
2026-05-10 23:12:58,681 [INFO]   S1: cal_oof=0.6224
2026-05-10 23:12:58,681 [INFO] 
============================================================
2026-05-10 23:12:58,681 [INFO] V95 Training: S2 (seeds=100, cal=linear)
2026-05-10 23:12:58,681 [INFO] ============================================================
2026-05-10 23:15:23,775 [INFO]   CV=0.6965, CalOOF=0.7461, train_rate=0.6511, test_mean=0.6448, shift=-0.0063, time=145s
2026-05-10 23:15:23,810 [INFO]   S2: cal_oof=0.7461
2026-05-10 23:15:23,811 [INFO] 
============================================================
2026-05-10 23:15:23,811 [INFO] V95 Training: S3 (seeds=100, cal=linear)
2026-05-10 23:15:23,811 [INFO] ============================================================
2026-05-10 23:16:24,352 [INFO]   CV=0.6571, CalOOF=0.6473, train_rate=0.6622, test_mean=0.6609, shift=-0.0013, time=61s
2026-05-10 23:16:24,388 [INFO]   S3: cal_oof=0.6473
2026-05-10 23:16:24,388 [INFO] 
============================================================
2026-05-10 23:16:24,388 [INFO] V95 Training: S4 (seeds=100, cal=linear)
2026-05-10 23:16:24,388 [INFO] ============================================================
2026-05-10 23:17:00,230 [INFO]   CV=0.6621, CalOOF=0.6609, train_rate=0.5600, test_mean=0.5598, shift=-0.0002, time=36s
2026-05-10 23:17:00,264 [INFO]   S4: cal_oof=0.6609
2026-05-10 23:17:00,265 [INFO] 
  AVG CalOOF: 0.6810
2026-05-10 23:17:00,265 [INFO] 
================================================================================
2026-05-10 23:17:00,265 [INFO] V95 SUMMARY
2026-05-10 23:17:00,265 [INFO] ================================================================================
2026-05-10 23:17:00,265 [INFO]   v53_50s_linear: AVG CalOOF=0.6813
2026-05-10 23:17:00,265 [INFO]   v53_100s_linear: AVG CalOOF=0.6815
2026-05-10 23:17:00,265 [INFO]   v53_50s_iso: AVG CalOOF=0.6029
2026-05-10 23:17:00,265 [INFO]   v53_100s_iso: AVG CalOOF=0.6032
2026-05-10 23:17:00,265 [INFO]   v53_50s_start0: AVG CalOOF=0.6808
2026-05-10 23:17:00,265 [INFO]   v53_100s_start0: AVG CalOOF=0.6810
2026-05-10 23:17:00,265 [INFO] 
Total time: 2664s
