2026-05-10 23:16:59,329 [INFO] ================================================================================
2026-05-10 23:16:59,329 [INFO] V96: V53 Swept + Isotonic Calibration Submission
2026-05-10 23:16:59,329 [INFO] ================================================================================
2026-05-10 23:16:59,401 [INFO]   Train: (450, 153), Test: (250, 153)
2026-05-10 23:17:00,003 [INFO]   Features: 141 base + 141 zscore = 282
2026-05-10 23:17:00,003 [INFO] 
--- Q1 (cfg=deep, nf=19) ---
2026-05-10 23:18:09,792 [INFO]   CV=4.2145, CalOOF=0.6502, train_rate=0.4956, test_mean=0.9999, shift=+0.5043, time=70s
2026-05-10 23:18:09,826 [INFO] 
--- Q2 (cfg=deep, nf=14) ---
2026-05-10 23:19:11,652 [INFO]   CV=4.6777, CalOOF=0.5989, train_rate=0.5622, test_mean=0.9999, shift=+0.4377, time=62s
2026-05-10 23:19:11,688 [INFO] 
--- Q3 (cfg=v48, nf=11) ---
2026-05-10 23:19:38,614 [INFO]   CV=5.0050, CalOOF=0.6029, train_rate=0.6000, test_mean=0.9999, shift=+0.3999, time=27s
2026-05-10 23:19:38,647 [INFO] 
--- S1 (cfg=wide, nf=21) ---
2026-05-10 23:19:55,985 [INFO]   CV=5.6975, CalOOF=0.5622, train_rate=0.6822, test_mean=0.9999, shift=+0.3177, time=17s
2026-05-10 23:19:56,018 [INFO] 
--- S2 (cfg=deep, nf=19) ---
2026-05-10 23:21:10,032 [INFO]   CV=5.4457, CalOOF=0.5812, train_rate=0.6511, test_mean=0.9999, shift=+0.3488, time=74s
2026-05-10 23:21:10,071 [INFO] 
--- S3 (cfg=safety, nf=23) ---
2026-05-10 23:21:42,463 [INFO]   CV=5.5339, CalOOF=0.6091, train_rate=0.6622, test_mean=0.9999, shift=+0.3377, time=32s
2026-05-10 23:21:42,495 [INFO] 
--- S4 (cfg=wide, nf=20) ---
2026-05-10 23:22:02,737 [INFO]   CV=4.7121, CalOOF=0.6232, train_rate=0.5600, test_mean=0.9999, shift=+0.4399, time=20s
2026-05-10 23:22:02,778 [INFO] 
================================================================================
2026-05-10 23:22:02,778 [INFO] ✅ V96 Submission saved: /home/mwoo423/projects/dacon2/submissions/submission_v96_isotonic_20260510_232202.csv
2026-05-10 23:22:02,778 [INFO]   Shape: (250, 10)
2026-05-10 23:22:02,778 [INFO]   AVG CalOOF: 0.6040
2026-05-10 23:22:02,778 [INFO]   Q1: CV=4.2145 CalOOF=0.6502 mean=0.9999 shift=+0.5043
2026-05-10 23:22:02,778 [INFO]   Q2: CV=4.6777 CalOOF=0.5989 mean=0.9999 shift=+0.4377
2026-05-10 23:22:02,778 [INFO]   Q3: CV=5.0050 CalOOF=0.6029 mean=0.9999 shift=+0.3999
2026-05-10 23:22:02,778 [INFO]   S1: CV=5.6975 CalOOF=0.5622 mean=0.9999 shift=+0.3177
2026-05-10 23:22:02,779 [INFO]   S2: CV=5.4457 CalOOF=0.5812 mean=0.9999 shift=+0.3488
2026-05-10 23:22:02,779 [INFO]   S3: CV=5.5339 CalOOF=0.6091 mean=0.9999 shift=+0.3377
2026-05-10 23:22:02,779 [INFO]   S4: CV=4.7121 CalOOF=0.6232 mean=0.9999 shift=+0.4399
2026-05-10 23:22:02,779 [INFO]   Total time: 303s
2026-05-10 23:22:02,779 [INFO] ================================================================================
2026-05-10 23:22:02,779 [INFO]   Meta saved: /home/mwoo423/projects/dacon2/submissions/meta_v96_isotonic_20260510_232202.json
