2026-05-10 23:19:45,659 [INFO] ================================================================================
2026-05-10 23:19:45,659 [INFO] V96B: V53 Swept + Multiple Calibration Methods Comparison
2026-05-10 23:19:45,659 [INFO] ================================================================================
2026-05-10 23:19:45,721 [INFO]   Train: (450, 153), Test: (250, 153)
2026-05-10 23:19:46,280 [INFO]   Features: 141 base + 141 zscore = 282
2026-05-10 23:19:46,280 [INFO] 
############################################################
2026-05-10 23:19:46,282 [INFO] Calibration method: linear
2026-05-10 23:19:46,282 [INFO] ############################################################
2026-05-10 23:20:44,996 [INFO]   Q1: CV=0.7606 CalOOF=0.7696 oof_mean=0.5249 cal_mean=0.4956
2026-05-10 23:21:37,055 [INFO]   Q2: CV=0.6605 CalOOF=0.6558 oof_mean=0.5851 cal_mean=0.5622
2026-05-10 23:22:01,739 [INFO]   Q3: CV=0.6494 CalOOF=0.6648 oof_mean=0.5737 cal_mean=0.5999
2026-05-10 23:22:14,604 [INFO]   S1: CV=0.6125 CalOOF=0.6211 oof_mean=0.5786 cal_mean=0.6808
2026-05-10 23:23:12,421 [INFO]   S2: CV=0.6965 CalOOF=0.7495 oof_mean=0.6098 cal_mean=0.6499
2026-05-10 23:23:36,241 [INFO]   S3: CV=0.6573 CalOOF=0.6474 oof_mean=0.5721 cal_mean=0.6622
2026-05-10 23:23:50,942 [INFO]   S4: CV=0.6623 CalOOF=0.6611 oof_mean=0.5350 cal_mean=0.5600
2026-05-10 23:23:50,977 [INFO] 
############################################################
2026-05-10 23:23:50,977 [INFO] Calibration method: isotonic_affine
2026-05-10 23:23:50,977 [INFO] ############################################################
2026-05-10 23:24:47,170 [INFO]   Q1: CV=0.7606 CalOOF=2.7940 oof_mean=0.5249 cal_mean=0.5198
2026-05-10 23:25:36,883 [INFO]   Q2: CV=0.6605 CalOOF=1.9692 oof_mean=0.5851 cal_mean=0.5847
2026-05-10 23:25:58,833 [INFO]   Q3: CV=0.6494 CalOOF=1.9688 oof_mean=0.5737 cal_mean=0.5296
2026-05-10 23:26:11,801 [INFO]   S1: CV=0.6125 CalOOF=1.8960 oof_mean=0.5786 cal_mean=0.4626
2026-05-10 23:27:09,885 [INFO]   S2: CV=0.6965 CalOOF=2.5278 oof_mean=0.6098 cal_mean=0.5612
2026-05-10 23:27:35,344 [INFO]   S3: CV=0.6573 CalOOF=2.4900 oof_mean=0.5721 cal_mean=0.4107
2026-05-10 23:27:50,966 [INFO]   S4: CV=0.6623 CalOOF=1.8540 oof_mean=0.5350 cal_mean=0.5039
2026-05-10 23:27:51,004 [INFO] 
================================================================================
2026-05-10 23:27:51,005 [INFO] V96B SUMMARY: AVG CalOOF per calibration method
2026-05-10 23:27:51,005 [INFO] ================================================================================
2026-05-10 23:27:51,005 [INFO]   linear: AVG CalOOF=0.6813
2026-05-10 23:27:51,005 [INFO]     Q1: CalOOF=0.7696 (oof_mean=0.5249 → cal_mean=0.4956)
2026-05-10 23:27:51,005 [INFO]     Q2: CalOOF=0.6558 (oof_mean=0.5851 → cal_mean=0.5622)
2026-05-10 23:27:51,005 [INFO]     Q3: CalOOF=0.6648 (oof_mean=0.5737 → cal_mean=0.5999)
2026-05-10 23:27:51,005 [INFO]     S1: CalOOF=0.6211 (oof_mean=0.5786 → cal_mean=0.6808)
2026-05-10 23:27:51,005 [INFO]     S2: CalOOF=0.7495 (oof_mean=0.6098 → cal_mean=0.6500)
2026-05-10 23:27:51,005 [INFO]     S3: CalOOF=0.6474 (oof_mean=0.5721 → cal_mean=0.6622)
2026-05-10 23:27:51,005 [INFO]     S4: CalOOF=0.6611 (oof_mean=0.5350 → cal_mean=0.5600)
2026-05-10 23:27:51,005 [INFO]   isotonic_affine: AVG CalOOF=2.2143
2026-05-10 23:27:51,005 [INFO]     Q1: CalOOF=2.7940 (oof_mean=0.5249 → cal_mean=0.5198)
2026-05-10 23:27:51,005 [INFO]     Q2: CalOOF=1.9692 (oof_mean=0.5851 → cal_mean=0.5847)
2026-05-10 23:27:51,005 [INFO]     Q3: CalOOF=1.9688 (oof_mean=0.5737 → cal_mean=0.5296)
2026-05-10 23:27:51,005 [INFO]     S1: CalOOF=1.8960 (oof_mean=0.5786 → cal_mean=0.4626)
2026-05-10 23:27:51,005 [INFO]     S2: CalOOF=2.5278 (oof_mean=0.6098 → cal_mean=0.5612)
2026-05-10 23:27:51,005 [INFO]     S3: CalOOF=2.4900 (oof_mean=0.5721 → cal_mean=0.4107)
2026-05-10 23:27:51,005 [INFO]     S4: CalOOF=1.8540 (oof_mean=0.5350 → cal_mean=0.5039)
2026-05-10 23:27:51,006 [INFO] Total time: 485s
2026-05-10 23:27:51,006 [INFO]   Results saved: v96b_results_20260510_232751.json
