2026-05-10 23:27:04,440 [INFO] ================================================================================
2026-05-10 23:27:04,440 [INFO] V97: V53 Swept + Temperature Scaling
2026-05-10 23:27:04,440 [INFO] ================================================================================
2026-05-10 23:27:04,484 [INFO]   Train: (450, 153), Test: (250, 153)
2026-05-10 23:27:05,045 [INFO]   Features: 141 base + 141 zscore = 282
2026-05-10 23:27:05,046 [INFO] 
############################################################
2026-05-10 23:27:05,046 [INFO] Calibration: linear
2026-05-10 23:27:05,046 [INFO] ############################################################
2026-05-10 23:28:17,792 [INFO]   Q1: CV=0.7606 CalOOF=0.7696 T=1.000 oof_mean=0.5249 test_mean=0.5114 shift=+0.0159
2026-05-10 23:29:19,663 [INFO]   Q2: CV=0.6605 CalOOF=0.6558 T=1.000 oof_mean=0.5851 test_mean=0.5477 shift=-0.0146
2026-05-10 23:29:46,816 [INFO]   Q3: CV=0.6494 CalOOF=0.6648 T=1.000 oof_mean=0.5737 test_mean=0.5969 shift=-0.0031
2026-05-10 23:30:02,885 [INFO]   S1: CV=0.6125 CalOOF=0.6211 T=1.000 oof_mean=0.5786 test_mean=0.7177 shift=+0.0354
2026-05-10 23:31:15,456 [INFO]   S2: CV=0.6965 CalOOF=0.7495 T=1.000 oof_mean=0.6098 test_mean=0.6054 shift=-0.0457
2026-05-10 23:31:45,291 [INFO]   S3: CV=0.6573 CalOOF=0.6474 T=1.000 oof_mean=0.5721 test_mean=0.6376 shift=-0.0246
2026-05-10 23:32:02,727 [INFO]   S4: CV=0.6623 CalOOF=0.6611 T=1.000 oof_mean=0.5350 test_mean=0.5276 shift=-0.0324
2026-05-10 23:32:02,759 [INFO] 
  AVG CalOOF (linear): 0.6813
2026-05-10 23:32:02,759 [INFO] 
############################################################
2026-05-10 23:32:02,760 [INFO] Calibration: temperature
2026-05-10 23:32:02,760 [INFO] ############################################################
2026-05-10 23:33:13,117 [INFO]   Q1: CV=0.7606 CalOOF=0.6674 T=3.246 oof_mean=0.5249 test_mean=0.5180 shift=+0.0225
2026-05-10 23:34:15,043 [INFO]   Q2: CV=0.6605 CalOOF=0.6188 T=1.917 oof_mean=0.5851 test_mean=0.5449 shift=-0.0173
2026-05-10 23:34:42,252 [INFO]   Q3: CV=0.6494 CalOOF=0.6236 T=1.733 oof_mean=0.5737 test_mean=0.5471 shift=-0.0529
2026-05-10 23:34:58,077 [INFO]   S1: CV=0.6125 CalOOF=0.6090 T=1.236 oof_mean=0.5786 test_mean=0.5995 shift=-0.0827
2026-05-10 23:36:10,812 [INFO]   S2: CV=0.6965 CalOOF=0.6252 T=2.260 oof_mean=0.6098 test_mean=0.5417 shift=-0.1094
2026-05-10 23:36:41,132 [INFO]   S3: CV=0.6573 CalOOF=0.6544 T=1.292 oof_mean=0.5721 test_mean=0.5389 shift=-0.1233
2026-05-10 23:36:58,666 [INFO]   S4: CV=0.6623 CalOOF=0.6494 T=1.602 oof_mean=0.5350 test_mean=0.5020 shift=-0.0580
2026-05-10 23:36:58,696 [INFO] 
  AVG CalOOF (temperature): 0.6354
2026-05-10 23:36:58,696 [INFO] 
================================================================================
2026-05-10 23:36:58,696 [INFO] V97 SUMMARY: Calibration Method Comparison
2026-05-10 23:36:58,696 [INFO] ================================================================================
2026-05-10 23:36:58,696 [INFO]   linear: AVG CalOOF=0.6813
2026-05-10 23:36:58,696 [INFO]   temperature: AVG CalOOF=0.6354
2026-05-10 23:36:58,696 [INFO] Total time: 594s
2026-05-10 23:36:58,697 [INFO]   Results saved: v97_results_20260510_233658.json
