2026-05-10 23:37:42,630 [INFO] ================================================================================
2026-05-10 23:37:42,630 [INFO] V97 Submission: V53 Swept + Temperature Scaling
2026-05-10 23:37:42,630 [INFO] ================================================================================
2026-05-10 23:37:42,673 [INFO]   Train: (450, 153), Test: (250, 153)
2026-05-10 23:37:43,256 [INFO]   Features: 141 base + 141 zscore = 282
2026-05-10 23:37:43,256 [INFO] 
--- Q1 (cfg=deep, nf=19) ---
2026-05-10 23:38:53,120 [INFO]   CV=0.7606, CalOOF=0.6674, T=3.246, train_rate=0.4956, test_mean=0.5180, shift=+0.0225, time=70s
2026-05-10 23:38:53,149 [INFO] 
--- Q2 (cfg=deep, nf=14) ---
2026-05-10 23:39:55,201 [INFO]   CV=0.6605, CalOOF=0.6188, T=1.917, train_rate=0.5622, test_mean=0.5449, shift=-0.0173, time=62s
2026-05-10 23:39:55,233 [INFO] 
--- Q3 (cfg=v48, nf=11) ---
2026-05-10 23:40:22,101 [INFO]   CV=0.6494, CalOOF=0.6236, T=1.733, train_rate=0.6000, test_mean=0.5471, shift=-0.0529, time=27s
2026-05-10 23:40:22,135 [INFO] 
--- S1 (cfg=wide, nf=21) ---
2026-05-10 23:40:38,141 [INFO]   CV=0.6125, CalOOF=0.6090, T=1.236, train_rate=0.6822, test_mean=0.5995, shift=-0.0827, time=16s
2026-05-10 23:40:38,171 [INFO] 
--- S2 (cfg=deep, nf=19) ---
2026-05-10 23:41:51,020 [INFO]   CV=0.6965, CalOOF=0.6252, T=2.260, train_rate=0.6511, test_mean=0.5417, shift=-0.1094, time=73s
2026-05-10 23:41:51,053 [INFO] 
--- S3 (cfg=safety, nf=23) ---
2026-05-10 23:42:20,932 [INFO]   CV=0.6573, CalOOF=0.6544, T=1.292, train_rate=0.6622, test_mean=0.5389, shift=-0.1233, time=30s
2026-05-10 23:42:20,966 [INFO] 
--- S4 (cfg=wide, nf=20) ---
2026-05-10 23:42:38,943 [INFO]   CV=0.6623, CalOOF=0.6494, T=1.602, train_rate=0.5600, test_mean=0.5020, shift=-0.0580, time=18s
2026-05-10 23:42:38,981 [INFO] 
================================================================================
2026-05-10 23:42:38,981 [INFO] ✅ V97 Submission saved: /home/mwoo423/projects/dacon2/submissions/submission_v97_temp_20260510_234238.csv
2026-05-10 23:42:38,981 [INFO]   Shape: (250, 10)
2026-05-10 23:42:38,982 [INFO]   AVG CalOOF: 0.6354
2026-05-10 23:42:38,982 [INFO]   Q1: CV=0.7606 CalOOF=0.6674 T=3.246 mean=0.5180 shift=+0.0225
2026-05-10 23:42:38,982 [INFO]   Q2: CV=0.6605 CalOOF=0.6188 T=1.917 mean=0.5449 shift=-0.0173
2026-05-10 23:42:38,982 [INFO]   Q3: CV=0.6494 CalOOF=0.6236 T=1.733 mean=0.5471 shift=-0.0529
2026-05-10 23:42:38,982 [INFO]   S1: CV=0.6125 CalOOF=0.6090 T=1.236 mean=0.5995 shift=-0.0827
2026-05-10 23:42:38,982 [INFO]   S2: CV=0.6965 CalOOF=0.6252 T=2.260 mean=0.5417 shift=-0.1094
2026-05-10 23:42:38,982 [INFO]   S3: CV=0.6573 CalOOF=0.6544 T=1.292 mean=0.5389 shift=-0.1233
2026-05-10 23:42:38,982 [INFO]   S4: CV=0.6623 CalOOF=0.6494 T=1.602 mean=0.5020 shift=-0.0580
2026-05-10 23:42:38,982 [INFO]   Total time: 296s
2026-05-10 23:42:38,982 [INFO] ================================================================================
2026-05-10 23:42:38,983 [INFO]   Meta saved: /home/mwoo423/projects/dacon2/submissions/meta_v97_temperature_20260510_234238.json
