2026-05-11 00:14:44,741 [INFO] ================================================================================
2026-05-11 00:14:44,741 [INFO] V98: Root Cause Analysis + V53 Baseline Reproduction
2026-05-11 00:14:44,742 [INFO] ================================================================================
2026-05-11 00:14:45,325 [INFO] 
=== V98-1: V53 Swept Reproduction (linear cal) ===
2026-05-11 00:15:56,325 [INFO]   Q1: CV=0.7606 CalOOF=0.7696 oof_std=0.2699 test_std=0.2793 oof_mean=0.5249 test_mean=0.5407
2026-05-11 00:16:58,994 [INFO]   Q2: CV=0.6605 CalOOF=0.6558 oof_std=0.2748 test_std=0.2787 oof_mean=0.5851 test_mean=0.5705
2026-05-11 00:17:26,148 [INFO]   Q3: CV=0.6494 CalOOF=0.6648 oof_std=0.2526 test_std=0.2509 oof_mean=0.5737 test_mean=0.5706
2026-05-11 00:17:42,378 [INFO]   S1: CV=0.6125 CalOOF=0.6211 oof_std=0.2166 test_std=0.2139 oof_mean=0.5786 test_mean=0.6155
2026-05-11 00:18:54,101 [INFO]   S2: CV=0.6965 CalOOF=0.7495 oof_std=0.2895 test_std=0.2933 oof_mean=0.6098 test_mean=0.5656
2026-05-11 00:19:24,513 [INFO]   S3: CV=0.6573 CalOOF=0.6474 oof_std=0.1540 test_std=0.2199 oof_mean=0.5721 test_mean=0.5480
2026-05-11 00:19:42,074 [INFO]   S4: CV=0.6623 CalOOF=0.6611 oof_std=0.2085 test_std=0.2312 oof_mean=0.5350 test_mean=0.5026
2026-05-11 00:19:42,109 [INFO] 
=== V98-2: Quantile-based calibration ===
2026-05-11 00:20:51,788 [INFO]   Q1: CV=0.6853 test_mean=0.4956 oof_std=0.2670 test_std=0.2823
2026-05-11 00:21:54,676 [INFO]   Q2: CV=0.6879 test_mean=0.5626 oof_std=0.2913 test_std=0.2927
2026-05-11 00:22:21,516 [INFO]   Q3: CV=0.7032 test_mean=0.6001 oof_std=0.2542 test_std=0.2698
2026-05-11 00:22:39,762 [INFO]   S1: CV=0.5867 test_mean=0.6822 oof_std=0.1759 test_std=0.1835
2026-05-11 00:23:50,845 [INFO]   S2: CV=0.6998 test_mean=0.6511 oof_std=0.2383 test_std=0.2882
2026-05-11 00:24:27,535 [INFO]   S3: CV=0.6602 test_mean=0.6622 oof_std=0.1537 test_std=0.1751
2026-05-11 00:24:45,755 [INFO]   S4: CV=0.6802 test_mean=0.5600 oof_std=0.2209 test_std=0.2168
2026-05-11 00:24:45,789 [INFO] 
Total time: 601s
