2026-05-11 01:34:41,763 [INFO] ================================================================================
2026-05-11 01:34:41,763 [INFO] V99: LGBM Multi-Seed Ensemble + OOF-LB Gap Analysis
2026-05-11 01:34:41,763 [INFO] ================================================================================
2026-05-11 01:34:41,805 [INFO]   Train: (450, 153), Test: (250, 153)
2026-05-11 01:34:42,325 [INFO]   Features: 141 base + 141 zscore = 282
2026-05-11 01:34:42,325 [INFO]   Seeds: 100 total (4 groups × 25)
2026-05-11 01:34:42,325 [INFO] 
############################################################
2026-05-11 01:34:42,325 [INFO] Processing Q1 (cfg=deep, n_feat=19)
2026-05-11 01:34:42,326 [INFO] ############################################################
2026-05-11 01:37:01,610 [INFO]   avg_oof stats: mean=0.1048 std=0.0539
2026-05-11 01:37:01,873 [INFO]   OOF CV: 1.1928
2026-05-11 01:37:01,873 [INFO]   CalOOF (uniform): 0.6715 w=[0.18333333333333332, 0.45000000000000007, 0.18333333333333332, 0.5500000000000002]
2026-05-11 01:37:01,873 [INFO]   oof_mean=0.1048 test_mean=0.5029 oof_std=0.0539 test_std=0.3568 shift=+0.0073
2026-05-11 01:37:01,912 [INFO] 
############################################################
2026-05-11 01:37:01,912 [INFO] Processing Q2 (cfg=deep, n_feat=14)
2026-05-11 01:37:01,912 [INFO] ############################################################
2026-05-11 01:39:04,650 [INFO]   avg_oof stats: mean=0.1217 std=0.0550
2026-05-11 01:39:04,916 [INFO]   OOF CV: 1.2159
2026-05-11 01:39:04,917 [INFO]   CalOOF (uniform): 0.6479 w=[0.5500000000000002, 0.14999999999999994, 0.14999999999999994, 0.35000000000000003]
2026-05-11 01:39:04,917 [INFO]   oof_mean=0.1217 test_mean=0.5676 oof_std=0.0550 test_std=0.3217 shift=+0.0054
2026-05-11 01:39:04,950 [INFO] 
############################################################
2026-05-11 01:39:04,950 [INFO] Processing Q3 (cfg=v48, n_feat=11)
2026-05-11 01:39:04,950 [INFO] ############################################################
2026-05-11 01:39:58,797 [INFO]   avg_oof stats: mean=0.1230 std=0.0512
2026-05-11 01:39:59,059 [INFO]   OOF CV: 1.3003
2026-05-11 01:39:59,059 [INFO]   CalOOF (uniform): 0.6385 w=[0.2833333333333333, 0.5500000000000002, 0.15000000000000002, 0.35000000000000003]
2026-05-11 01:39:59,059 [INFO]   oof_mean=0.1230 test_mean=0.6027 oof_std=0.0512 test_std=0.3173 shift=+0.0027
2026-05-11 01:39:59,094 [INFO] 
############################################################
2026-05-11 01:39:59,094 [INFO] Processing S1 (cfg=wide, n_feat=21)
2026-05-11 01:39:59,094 [INFO] ############################################################
2026-05-11 01:40:35,259 [INFO]   avg_oof stats: mean=0.1364 std=0.0436
2026-05-11 01:40:35,521 [INFO]   OOF CV: 1.3896
2026-05-11 01:40:35,521 [INFO]   CalOOF (uniform): 0.5940 w=[0.2833333333333333, 0.35000000000000003, 0.5500000000000002, 0.15000000000000002]
2026-05-11 01:40:35,522 [INFO]   oof_mean=0.1364 test_mean=0.6818 oof_std=0.0436 test_std=0.2722 shift=-0.0005
2026-05-11 01:40:35,551 [INFO] 
############################################################
2026-05-11 01:40:35,552 [INFO] Processing S2 (cfg=deep, n_feat=19)
2026-05-11 01:40:35,552 [INFO] ############################################################
2026-05-11 01:43:02,217 [INFO]   avg_oof stats: mean=0.1313 std=0.0579
2026-05-11 01:43:02,481 [INFO]   OOF CV: 1.3966
2026-05-11 01:43:02,481 [INFO]   CalOOF (uniform): 0.6171 w=[0.2833333333333333, 0.2833333333333333, 0.5500000000000002, 0.15000000000000002]
2026-05-11 01:43:02,481 [INFO]   oof_mean=0.1313 test_mean=0.6380 oof_std=0.0579 test_std=0.3439 shift=-0.0131
2026-05-11 01:43:02,510 [INFO] 
############################################################
2026-05-11 01:43:02,510 [INFO] Processing S3 (cfg=safety, n_feat=23)
2026-05-11 01:43:02,510 [INFO] ############################################################
2026-05-11 01:44:15,261 [INFO]   avg_oof stats: mean=0.1357 std=0.0322
2026-05-11 01:44:15,525 [INFO]   OOF CV: 1.3685
2026-05-11 01:44:15,526 [INFO]   CalOOF (uniform): 0.6279 w=[0.18333333333333332, 0.18333333333333332, 0.5500000000000002, 0.45000000000000007]
2026-05-11 01:44:15,526 [INFO]   oof_mean=0.1357 test_mean=0.6601 oof_std=0.0322 test_std=0.3052 shift=-0.0022
2026-05-11 01:44:15,556 [INFO] 
############################################################
2026-05-11 01:44:15,556 [INFO] Processing S4 (cfg=wide, n_feat=20)
2026-05-11 01:44:15,556 [INFO] ############################################################
2026-05-11 01:44:50,794 [INFO]   avg_oof stats: mean=0.1134 std=0.0424
2026-05-11 01:44:51,059 [INFO]   OOF CV: 1.2590
2026-05-11 01:44:51,059 [INFO]   CalOOF (uniform): 0.6620 w=[0.45000000000000007, 0.18333333333333332, 0.18333333333333332, 0.5500000000000002]
2026-05-11 01:44:51,059 [INFO]   oof_mean=0.1134 test_mean=0.5550 oof_std=0.0424 test_std=0.3056 shift=-0.0050
2026-05-11 01:44:51,088 [INFO] 
================================================================================
2026-05-11 01:44:51,088 [INFO] OOF-LB GAP ANALYSIS
2026-05-11 01:44:51,088 [INFO] ================================================================================
2026-05-11 01:44:51,088 [INFO]   Q1: OOF=0.7696 LB=0.6547 gap=-0.1149 (-14.9%)
2026-05-11 01:44:51,088 [INFO]   Q2: OOF=0.6558 LB=0.6490 gap=-0.0068 (-1.0%)
2026-05-11 01:44:51,088 [INFO]   Q3: OOF=0.6648 LB=0.6558 gap=-0.0090 (-1.4%)
2026-05-11 01:44:51,088 [INFO]   S1: OOF=0.6211 LB=0.6252 gap=+0.0041 (+0.7%)
2026-05-11 01:44:51,088 [INFO]   S2: OOF=0.7495 LB=0.6749 gap=-0.0746 (-10.0%)
2026-05-11 01:44:51,088 [INFO]   S3: OOF=0.6474 LB=0.6692 gap=+0.0218 (+3.4%)
2026-05-11 01:44:51,088 [INFO]   S4: OOF=0.6611 LB=0.6858 gap=+0.0247 (+3.7%)
2026-05-11 01:44:51,088 [INFO]   AVG gap: -0.0221
2026-05-11 01:44:51,088 [INFO] 
================================================================================
2026-05-11 01:44:51,088 [INFO] V99 SUMMARY
2026-05-11 01:44:51,088 [INFO] ================================================================================
2026-05-11 01:44:51,088 [INFO]   Total seeds: 100
2026-05-11 01:44:51,088 [INFO]   AVG CalOOF (optimized): 0.6370
2026-05-11 01:44:51,088 [INFO]   AVG OOF mean: 0.1238
2026-05-11 01:44:51,089 [INFO]   AVG test mean: 0.9177
2026-05-11 01:44:51,089 [INFO]   Δ (vs V53 Swept OOF 0.6813): -0.0443
2026-05-11 01:44:51,094 [INFO] 
✅ V99 Submission saved: /home/mwoo423/projects/dacon2/submissions/submission_v99_blend_20260511_014451.csv
2026-05-11 01:44:51,094 [INFO]   Shape: (250, 10)
2026-05-11 01:44:51,094 [INFO]   Q1: cal_oof=0.6715 mean=0.5029 w=[0.183, 0.45, 0.183, 0.55]
2026-05-11 01:44:51,095 [INFO]   Q2: cal_oof=0.6479 mean=0.5676 w=[0.55, 0.15, 0.15, 0.35]
2026-05-11 01:44:51,095 [INFO]   Q3: cal_oof=0.6385 mean=0.6027 w=[0.283, 0.55, 0.15, 0.35]
2026-05-11 01:44:51,095 [INFO]   S1: cal_oof=0.5940 mean=0.6818 w=[0.283, 0.35, 0.55, 0.15]
2026-05-11 01:44:51,095 [INFO]   S2: cal_oof=0.6171 mean=0.6380 w=[0.283, 0.283, 0.55, 0.15]
2026-05-11 01:44:51,095 [INFO]   S3: cal_oof=0.6279 mean=0.6601 w=[0.183, 0.183, 0.55, 0.45]
2026-05-11 01:44:51,095 [INFO]   S4: cal_oof=0.6620 mean=0.5550 w=[0.45, 0.183, 0.183, 0.55]
2026-05-11 01:44:51,095 [INFO]   Total time: 609s
