2026-05-06 04:36:45,871 [INFO] ======================================================================
2026-05-06 04:36:45,872 [INFO] V54 — Triple Interactions + Transformed Features + Expanded Configs
2026-05-06 04:36:45,872 [INFO] ======================================================================
2026-05-06 04:36:45,872 [INFO] 
--- 1. Load features ---
2026-05-06 04:36:45,903 [INFO]   Loaded: (450, 153)
2026-05-06 04:36:51,756 [INFO]   After personalization: (450, 576)
2026-05-06 04:36:51,758 [INFO] 
--- 2. Feature ranking ---
2026-05-06 04:36:52,924 [INFO] 
--- 3. Multi-strategy experiments ---
2026-05-06 04:36:52,924 [INFO] 
  === Q1 (rate=0.496) ===
2026-05-06 05:27:14,196 [INFO]     ✅ Best: combined_v48_n10 Cal=0.5673
2026-05-06 05:27:14,197 [INFO]   Q1 time: 3021s
2026-05-06 05:27:14,245 [INFO] 
  === Q2 (rate=0.562) ===
2026-05-06 06:21:53,951 [INFO]     ✅ Best: combined_v48_n20 Cal=0.5632
2026-05-06 06:21:53,952 [INFO]   Q2 time: 3280s
2026-05-06 06:21:53,996 [INFO] 
  === Q3 (rate=0.600) ===
2026-05-06 07:19:10,491 [INFO]     ✅ Best: trans_safety_n15 Cal=0.5763
2026-05-06 07:19:10,491 [INFO]   Q3 time: 3436s
2026-05-06 07:19:10,550 [INFO] 
  === S1 (rate=0.682) ===
2026-05-06 08:10:32,917 [INFO]     ✅ Best: pair_wide_n20 Cal=0.4956
2026-05-06 08:10:32,917 [INFO]   S1 time: 3082s
2026-05-06 08:10:32,969 [INFO] 
  === S2 (rate=0.651) ===
2026-05-06 09:06:58,000 [INFO]     ✅ Best: combined_v48_n20 Cal=0.5039
2026-05-06 09:06:58,000 [INFO]   S2 time: 3385s
2026-05-06 09:06:58,058 [INFO] 
  === S3 (rate=0.662) ===
2026-05-06 10:08:03,893 [INFO]     ✅ Best: pair_v48_n10 Cal=0.5086
2026-05-06 10:08:03,894 [INFO]   S3 time: 3666s
2026-05-06 10:08:03,955 [INFO] 
  === S4 (rate=0.560) ===
