2026-05-06 01:24:18,211 [INFO] ======================================================================
2026-05-06 01:24:18,211 [INFO] V52 — Aggressive Feature Selection + Isotonic Calibration
2026-05-06 01:24:18,211 [INFO] ======================================================================
2026-05-06 01:24:18,211 [INFO] 
--- 1. Load features ---
2026-05-06 01:24:18,243 [INFO]   Loaded: (450, 153)
2026-05-06 01:24:24,869 [INFO]   After personalization: (450, 576)
2026-05-06 01:24:24,870 [INFO] 
--- 2. Feature ranking ---
2026-05-06 01:24:25,898 [INFO] 
--- 3. Aggressive feature selection + config experiments ---
2026-05-06 01:24:25,899 [INFO] 
  === Q1 (rate=0.496) ===
2026-05-06 01:24:34,044 [INFO]     v48_n5: iso_cal=0.6391
2026-05-06 01:24:43,091 [INFO]     v48_n8: iso_cal=0.6294
2026-05-06 01:24:52,916 [INFO]     v48_n10: iso_cal=0.6195
2026-05-06 01:25:03,439 [INFO]     v48_n15: iso_cal=0.6277
2026-05-06 01:25:15,476 [INFO]     v48_n20: iso_cal=0.6179
2026-05-06 01:25:24,633 [INFO]     deep_n5: iso_cal=0.6472
2026-05-06 01:25:34,475 [INFO]     deep_n8: iso_cal=0.6375
2026-05-06 01:25:45,258 [INFO]     deep_n10: iso_cal=0.6221
2026-05-06 01:25:56,769 [INFO]     deep_n15: iso_cal=0.6211
2026-05-06 01:26:10,265 [INFO]     deep_n20: iso_cal=0.6125
2026-05-06 01:26:19,553 [INFO]     wide_n5: iso_cal=0.6375
2026-05-06 01:26:29,327 [INFO]     wide_n8: iso_cal=0.6320
2026-05-06 01:26:40,051 [INFO]     wide_n10: iso_cal=0.6192
2026-05-06 01:26:51,458 [INFO]     wide_n15: iso_cal=0.6307
2026-05-06 01:27:02,976 [INFO]     wide_n20: iso_cal=0.6156
2026-05-06 01:27:13,562 [INFO]     safety_n5: iso_cal=0.6460
2026-05-06 01:27:24,487 [INFO]     safety_n8: iso_cal=0.6314
2026-05-06 01:27:37,207 [INFO]     safety_n10: iso_cal=0.6268
2026-05-06 01:27:50,270 [INFO]     safety_n15: iso_cal=0.6274
2026-05-06 01:28:03,664 [INFO]     safety_n20: iso_cal=0.6300
2026-05-06 01:28:03,664 [INFO]     ✅ Best: deep_n20 Cal=0.6125
2026-05-06 01:28:03,664 [INFO]   Q1 time: 218s
2026-05-06 01:28:03,710 [INFO] 
  === Q2 (rate=0.562) ===
2026-05-06 01:28:13,716 [INFO]     v48_n5: iso_cal=0.5938
2026-05-06 01:28:24,397 [INFO]     v48_n8: iso_cal=0.5853
2026-05-06 01:28:35,205 [INFO]     v48_n10: iso_cal=0.5700
2026-05-06 01:28:47,036 [INFO]     v48_n15: iso_cal=0.5655
2026-05-06 01:28:58,447 [INFO]     v48_n20: iso_cal=0.5902
2026-05-06 01:29:07,747 [INFO]     deep_n5: iso_cal=0.5929
2026-05-06 01:29:17,983 [INFO]     deep_n8: iso_cal=0.5883
2026-05-06 01:29:29,026 [INFO]     deep_n10: iso_cal=0.5788
2026-05-06 01:29:42,558 [INFO]     deep_n15: iso_cal=0.5641
2026-05-06 01:29:55,625 [INFO]     deep_n20: iso_cal=0.5864
2026-05-06 01:30:03,819 [INFO]     wide_n5: iso_cal=0.5944
2026-05-06 01:30:12,650 [INFO]     wide_n8: iso_cal=0.5902
2026-05-06 01:30:21,740 [INFO]     wide_n10: iso_cal=0.5762
2026-05-06 01:30:31,163 [INFO]     wide_n15: iso_cal=0.5783
2026-05-06 01:30:41,593 [INFO]     wide_n20: iso_cal=0.5943
2026-05-06 01:30:52,008 [INFO]     safety_n5: iso_cal=0.5859
2026-05-06 01:31:02,307 [INFO]     safety_n8: iso_cal=0.5868
2026-05-06 01:31:13,762 [INFO]     safety_n10: iso_cal=0.5787
2026-05-06 01:31:25,982 [INFO]     safety_n15: iso_cal=0.5774
2026-05-06 01:31:39,397 [INFO]     safety_n20: iso_cal=0.5903
2026-05-06 01:31:39,398 [INFO]     ✅ Best: deep_n15 Cal=0.5641
2026-05-06 01:31:39,398 [INFO]   Q2 time: 216s
2026-05-06 01:31:39,443 [INFO] 
  === Q3 (rate=0.600) ===
2026-05-06 01:31:47,700 [INFO]     v48_n5: iso_cal=0.6098
2026-05-06 01:31:56,646 [INFO]     v48_n8: iso_cal=0.6084
2026-05-06 01:32:06,463 [INFO]     v48_n10: iso_cal=0.5911
2026-05-06 01:32:17,165 [INFO]     v48_n15: iso_cal=0.5864
2026-05-06 01:32:28,679 [INFO]     v48_n20: iso_cal=0.5904
2026-05-06 01:32:38,136 [INFO]     deep_n5: iso_cal=0.6079
2026-05-06 01:32:48,063 [INFO]     deep_n8: iso_cal=0.6027
2026-05-06 01:32:58,400 [INFO]     deep_n10: iso_cal=0.5892
2026-05-06 01:33:09,549 [INFO]     deep_n15: iso_cal=0.5886
2026-05-06 01:33:21,997 [INFO]     deep_n20: iso_cal=0.5926
2026-05-06 01:33:29,623 [INFO]     wide_n5: iso_cal=0.6074
2026-05-06 01:33:38,078 [INFO]     wide_n8: iso_cal=0.6049
2026-05-06 01:33:47,044 [INFO]     wide_n10: iso_cal=0.5908
2026-05-06 01:33:56,651 [INFO]     wide_n15: iso_cal=0.5918
2026-05-06 01:34:07,600 [INFO]     wide_n20: iso_cal=0.5828
2026-05-06 01:34:17,211 [INFO]     safety_n5: iso_cal=0.6062
2026-05-06 01:34:27,360 [INFO]     safety_n8: iso_cal=0.6058
2026-05-06 01:34:38,410 [INFO]     safety_n10: iso_cal=0.5988
2026-05-06 01:34:50,345 [INFO]     safety_n15: iso_cal=0.5944
2026-05-06 01:35:03,107 [INFO]     safety_n20: iso_cal=0.5971
2026-05-06 01:35:03,107 [INFO]     ✅ Best: wide_n20 Cal=0.5828
2026-05-06 01:35:03,107 [INFO]   Q3 time: 204s
2026-05-06 01:35:03,168 [INFO] 
  === S1 (rate=0.682) ===
2026-05-06 01:35:11,039 [INFO]     v48_n5: iso_cal=0.5667
2026-05-06 01:35:19,661 [INFO]     v48_n8: iso_cal=0.5439
2026-05-06 01:35:27,957 [INFO]     v48_n10: iso_cal=0.5474
2026-05-06 01:35:36,838 [INFO]     v48_n15: iso_cal=0.5634
2026-05-06 01:35:46,290 [INFO]     v48_n20: iso_cal=0.5675
2026-05-06 01:35:53,871 [INFO]     deep_n5: iso_cal=0.5573
2026-05-06 01:36:02,067 [INFO]     deep_n8: iso_cal=0.5410
2026-05-06 01:36:10,768 [INFO]     deep_n10: iso_cal=0.5398
2026-05-06 01:36:21,394 [INFO]     deep_n15: iso_cal=0.5555
2026-05-06 01:36:32,074 [INFO]     deep_n20: iso_cal=0.5462
2026-05-06 01:36:39,333 [INFO]     wide_n5: iso_cal=0.5659
2026-05-06 01:36:46,949 [INFO]     wide_n8: iso_cal=0.5401
2026-05-06 01:36:54,684 [INFO]     wide_n10: iso_cal=0.5506
2026-05-06 01:37:02,949 [INFO]     wide_n15: iso_cal=0.5631
2026-05-06 01:37:11,907 [INFO]     wide_n20: iso_cal=0.5694
2026-05-06 01:37:19,449 [INFO]     safety_n5: iso_cal=0.5652
2026-05-06 01:37:26,916 [INFO]     safety_n8: iso_cal=0.5682
2026-05-06 01:37:34,478 [INFO]     safety_n10: iso_cal=0.5658
2026-05-06 01:37:42,363 [INFO]     safety_n15: iso_cal=0.5747
2026-05-06 01:37:50,716 [INFO]     safety_n20: iso_cal=0.5729
2026-05-06 01:37:50,717 [INFO]     ✅ Best: deep_n10 Cal=0.5398
2026-05-06 01:37:50,717 [INFO]   S1 time: 168s
2026-05-06 01:37:50,760 [INFO] 
  === S2 (rate=0.651) ===
2026-05-06 01:37:58,171 [INFO]     v48_n5: iso_cal=0.5942
2026-05-06 01:38:06,298 [INFO]     v48_n8: iso_cal=0.5938
2026-05-06 01:38:15,988 [INFO]     v48_n10: iso_cal=0.5758
2026-05-06 01:38:24,800 [INFO]     v48_n15: iso_cal=0.5928
2026-05-06 01:38:34,617 [INFO]     v48_n20: iso_cal=0.5757
2026-05-06 01:38:42,519 [INFO]     deep_n5: iso_cal=0.5986
2026-05-06 01:38:51,265 [INFO]     deep_n8: iso_cal=0.5857
2026-05-06 01:39:00,900 [INFO]     deep_n10: iso_cal=0.5758
2026-05-06 01:39:10,248 [INFO]     deep_n15: iso_cal=0.5847
2026-05-06 01:39:20,386 [INFO]     deep_n20: iso_cal=0.5802
2026-05-06 01:39:27,943 [INFO]     wide_n5: iso_cal=0.5964
2026-05-06 01:39:35,715 [INFO]     wide_n8: iso_cal=0.5873
2026-05-06 01:39:43,964 [INFO]     wide_n10: iso_cal=0.5814
2026-05-06 01:39:52,134 [INFO]     wide_n15: iso_cal=0.5962
2026-05-06 01:40:00,915 [INFO]     wide_n20: iso_cal=0.5779
2026-05-06 01:40:09,452 [INFO]     safety_n5: iso_cal=0.5829
2026-05-06 01:40:18,271 [INFO]     safety_n8: iso_cal=0.5904
2026-05-06 01:40:26,645 [INFO]     safety_n10: iso_cal=0.5801
2026-05-06 01:40:35,479 [INFO]     safety_n15: iso_cal=0.5980
2026-05-06 01:40:45,377 [INFO]     safety_n20: iso_cal=0.5841
2026-05-06 01:40:45,377 [INFO]     ✅ Best: v48_n20 Cal=0.5757
2026-05-06 01:40:45,377 [INFO]   S2 time: 175s
2026-05-06 01:40:45,420 [INFO] 
  === S3 (rate=0.662) ===
2026-05-06 01:40:52,972 [INFO]     v48_n5: iso_cal=0.5999
2026-05-06 01:41:01,539 [INFO]     v48_n8: iso_cal=0.5448
2026-05-06 01:41:10,290 [INFO]     v48_n10: iso_cal=0.5522
2026-05-06 01:41:19,503 [INFO]     v48_n15: iso_cal=0.5945
2026-05-06 01:41:28,663 [INFO]     v48_n20: iso_cal=0.5956
2026-05-06 01:41:36,061 [INFO]     deep_n5: iso_cal=0.6048
2026-05-06 01:41:45,392 [INFO]     deep_n8: iso_cal=0.5450
2026-05-06 01:41:54,197 [INFO]     deep_n10: iso_cal=0.5542
2026-05-06 01:42:02,941 [INFO]     deep_n15: iso_cal=0.5993
2026-05-06 01:42:12,848 [INFO]     deep_n20: iso_cal=0.5941
2026-05-06 01:42:20,474 [INFO]     wide_n5: iso_cal=0.5899
2026-05-06 01:42:28,209 [INFO]     wide_n8: iso_cal=0.5392
2026-05-06 01:42:36,587 [INFO]     wide_n10: iso_cal=0.5446
2026-05-06 01:42:44,908 [INFO]     wide_n15: iso_cal=0.5985
2026-05-06 01:42:53,317 [INFO]     wide_n20: iso_cal=0.5912
2026-05-06 01:43:00,972 [INFO]     safety_n5: iso_cal=0.5840
2026-05-06 01:43:09,975 [INFO]     safety_n8: iso_cal=0.5445
2026-05-06 01:43:19,086 [INFO]     safety_n10: iso_cal=0.5501
2026-05-06 01:43:26,898 [INFO]     safety_n15: iso_cal=0.6143
2026-05-06 01:43:35,766 [INFO]     safety_n20: iso_cal=0.6000
2026-05-06 01:43:35,766 [INFO]     ✅ Best: wide_n8 Cal=0.5392
2026-05-06 01:43:35,766 [INFO]   S3 time: 170s
2026-05-06 01:43:35,818 [INFO] 
  === S4 (rate=0.560) ===
2026-05-06 01:43:43,584 [INFO]     v48_n5: iso_cal=0.6328
2026-05-06 01:43:52,092 [INFO]     v48_n8: iso_cal=0.5983
2026-05-06 01:44:00,719 [INFO]     v48_n10: iso_cal=0.6080
2026-05-06 01:44:11,487 [INFO]     v48_n15: iso_cal=0.5972
2026-05-06 01:44:22,356 [INFO]     v48_n20: iso_cal=0.6025
2026-05-06 01:44:30,594 [INFO]     deep_n5: iso_cal=0.6408
2026-05-06 01:44:39,766 [INFO]     deep_n8: iso_cal=0.5976
2026-05-06 01:44:49,066 [INFO]     deep_n10: iso_cal=0.6031
2026-05-06 01:44:59,716 [INFO]     deep_n15: iso_cal=0.5961
2026-05-06 01:45:11,597 [INFO]     deep_n20: iso_cal=0.6012
2026-05-06 01:45:19,713 [INFO]     wide_n5: iso_cal=0.6251
2026-05-06 01:45:27,655 [INFO]     wide_n8: iso_cal=0.6007
2026-05-06 01:45:36,271 [INFO]     wide_n10: iso_cal=0.6072
2026-05-06 01:45:45,737 [INFO]     wide_n15: iso_cal=0.5931
2026-05-06 01:45:55,272 [INFO]     wide_n20: iso_cal=0.6046
2026-05-06 01:46:04,020 [INFO]     safety_n5: iso_cal=0.6225
2026-05-06 01:46:13,923 [INFO]     safety_n8: iso_cal=0.5966
2026-05-06 01:46:24,686 [INFO]     safety_n10: iso_cal=0.6069
2026-05-06 01:46:37,089 [INFO]     safety_n15: iso_cal=0.5978
2026-05-06 01:46:47,971 [INFO]     safety_n20: iso_cal=0.6104
2026-05-06 01:46:47,971 [INFO]     ✅ Best: wide_n15 Cal=0.5931
2026-05-06 01:46:47,971 [INFO]   S4 time: 192s
2026-05-06 01:46:48,012 [INFO] 
======================================================================
2026-05-06 01:46:48,012 [INFO] V52 SUMMARY
2026-05-06 01:46:48,012 [INFO] ======================================================================
2026-05-06 01:46:48,012 [INFO]   Q1: deep_n20 Cal=0.6125
2026-05-06 01:46:48,012 [INFO]   Q2: deep_n15 Cal=0.5641
2026-05-06 01:46:48,012 [INFO]   Q3: wide_n20 Cal=0.5828
2026-05-06 01:46:48,012 [INFO]   S1: deep_n10 Cal=0.5398
2026-05-06 01:46:48,012 [INFO]   S2: v48_n20 Cal=0.5757
2026-05-06 01:46:48,012 [INFO]   S3: wide_n8 Cal=0.5392
2026-05-06 01:46:48,012 [INFO]   S4: wide_n15 Cal=0.5931
2026-05-06 01:46:48,021 [INFO] 
  V52 Avg Cal: 0.5725
2026-05-06 01:46:48,021 [INFO]   V10 Avg Cal: 0.6038
2026-05-06 01:46:48,021 [INFO]   V48 Avg Cal: 0.5885
2026-05-06 01:46:48,021 [INFO]   V50 Avg Cal: 0.5926
2026-05-06 01:46:48,021 [INFO]   V51 Avg Cal: 0.5939
2026-05-06 01:46:48,021 [INFO]   Δ vs V10: -0.0313 (✅ IMPROVED)
2026-05-06 01:46:48,021 [INFO]   Δ vs V48: -0.0160
2026-05-06 01:46:48,021 [INFO]   Δ vs V50: -0.0201
2026-05-06 01:46:48,021 [INFO]   Total: 1350s (1349.8min)
2026-05-06 01:46:48,029 [INFO]   OOF saved: /home/mwoo423/projects/dacon2/data_processed/oof_v52.csv
2026-05-06 01:46:48,030 [INFO]   Metadata saved: /home/mwoo423/projects/dacon2/data_processed/v52_meta.json
